Archive member included to satisfy reference by file (symbol)

C:/ST/STM32CubeIDE_1.16.0/STM32CubeIDE/plugins/com.st.stm32cube.ide.mcu.externaltools.gnu-tools-for-stm32.12.3.rel1.win32_1.0.200.202406191623/tools/bin/../lib/gcc/arm-none-eabi/12.3.1/../../../../arm-none-eabi/lib/thumb/v7e-m+fp/hard\libc_nano.a(libc_a-assert.o)
                              ./Core/Src/main.o (__assert_func)
C:/ST/STM32CubeIDE_1.16.0/STM32CubeIDE/plugins/com.st.stm32cube.ide.mcu.externaltools.gnu-tools-for-stm32.12.3.rel1.win32_1.0.200.202406191623/tools/bin/../lib/gcc/arm-none-eabi/12.3.1/../../../../arm-none-eabi/lib/thumb/v7e-m+fp/hard\libc_nano.a(libc_a-exit.o)
                              C:/ST/STM32CubeIDE_1.16.0/STM32CubeIDE/plugins/com.st.stm32cube.ide.mcu.externaltools.gnu-tools-for-stm32.12.3.rel1.win32_1.0.200.202406191623/tools/bin/../lib/gcc/arm-none-eabi/12.3.1/../../../../arm-none-eabi/lib/thumb/v7e-m+fp/hard/crt0.o (exit)
C:/ST/STM32CubeIDE_1.16.0/STM32CubeIDE/plugins/com.st.stm32cube.ide.mcu.externaltools.gnu-tools-for-stm32.12.3.rel1.win32_1.0.200.202406191623/tools/bin/../lib/gcc/arm-none-eabi/12.3.1/../../../../arm-none-eabi/lib/thumb/v7e-m+fp/hard\libc_nano.a(libc_a-malloc.o)
                              ./Core/Src/main.o (malloc)
C:/ST/STM32CubeIDE_1.16.0/STM32CubeIDE/plugins/com.st.stm32cube.ide.mcu.externaltools.gnu-tools-for-stm32.12.3.rel1.win32_1.0.200.202406191623/tools/bin/../lib/gcc/arm-none-eabi/12.3.1/../../../../arm-none-eabi/lib/thumb/v7e-m+fp/hard\libc_nano.a(libc_a-mallocr.o)
                              C:/ST/STM32CubeIDE_1.16.0/STM32CubeIDE/plugins/com.st.stm32cube.ide.mcu.externaltools.gnu-tools-for-stm32.12.3.rel1.win32_1.0.200.202406191623/tools/bin/../lib/gcc/arm-none-eabi/12.3.1/../../../../arm-none-eabi/lib/thumb/v7e-m+fp/hard\libc_nano.a(libc_a-malloc.o) (_malloc_r)
C:/ST/STM32CubeIDE_1.16.0/STM32CubeIDE/plugins/com.st.stm32cube.ide.mcu.externaltools.gnu-tools-for-stm32.12.3.rel1.win32_1.0.200.202406191623/tools/bin/../lib/gcc/arm-none-eabi/12.3.1/../../../../arm-none-eabi/lib/thumb/v7e-m+fp/hard\libc_nano.a(libc_a-mlock.o)
                              C:/ST/STM32CubeIDE_1.16.0/STM32CubeIDE/plugins/com.st.stm32cube.ide.mcu.externaltools.gnu-tools-for-stm32.12.3.rel1.win32_1.0.200.202406191623/tools/bin/../lib/gcc/arm-none-eabi/12.3.1/../../../../arm-none-eabi/lib/thumb/v7e-m+fp/hard\libc_nano.a(libc_a-mallocr.o) (__malloc_lock)
C:/ST/STM32CubeIDE_1.16.0/STM32CubeIDE/plugins/com.st.stm32cube.ide.mcu.externaltools.gnu-tools-for-stm32.12.3.rel1.win32_1.0.200.202406191623/tools/bin/../lib/gcc/arm-none-eabi/12.3.1/../../../../arm-none-eabi/lib/thumb/v7e-m+fp/hard\libc_nano.a(libc_a-findfp.o)
                              C:/ST/STM32CubeIDE_1.16.0/STM32CubeIDE/plugins/com.st.stm32cube.ide.mcu.externaltools.gnu-tools-for-stm32.12.3.rel1.win32_1.0.200.202406191623/tools/bin/../lib/gcc/arm-none-eabi/12.3.1/../../../../arm-none-eabi/lib/thumb/v7e-m+fp/hard\libc_nano.a(libc_a-exit.o) (__stdio_exit_handler)
C:/ST/STM32CubeIDE_1.16.0/STM32CubeIDE/plugins/com.st.stm32cube.ide.mcu.externaltools.gnu-tools-for-stm32.12.3.rel1.win32_1.0.200.202406191623/tools/bin/../lib/gcc/arm-none-eabi/12.3.1/../../../../arm-none-eabi/lib/thumb/v7e-m+fp/hard\libc_nano.a(libc_a-fprintf.o)
                              C:/ST/STM32CubeIDE_1.16.0/STM32CubeIDE/plugins/com.st.stm32cube.ide.mcu.externaltools.gnu-tools-for-stm32.12.3.rel1.win32_1.0.200.202406191623/tools/bin/../lib/gcc/arm-none-eabi/12.3.1/../../../../arm-none-eabi/lib/thumb/v7e-m+fp/hard\libc_nano.a(libc_a-assert.o) (fiprintf)
C:/ST/STM32CubeIDE_1.16.0/STM32CubeIDE/plugins/com.st.stm32cube.ide.mcu.externaltools.gnu-tools-for-stm32.12.3.rel1.win32_1.0.200.202406191623/tools/bin/../lib/gcc/arm-none-eabi/12.3.1/../../../../arm-none-eabi/lib/thumb/v7e-m+fp/hard\libc_nano.a(libc_a-fwalk.o)
                              C:/ST/STM32CubeIDE_1.16.0/STM32CubeIDE/plugins/com.st.stm32cube.ide.mcu.externaltools.gnu-tools-for-stm32.12.3.rel1.win32_1.0.200.202406191623/tools/bin/../lib/gcc/arm-none-eabi/12.3.1/../../../../arm-none-eabi/lib/thumb/v7e-m+fp/hard\libc_nano.a(libc_a-findfp.o) (_fwalk_sglue)
C:/ST/STM32CubeIDE_1.16.0/STM32CubeIDE/plugins/com.st.stm32cube.ide.mcu.externaltools.gnu-tools-for-stm32.12.3.rel1.win32_1.0.200.202406191623/tools/bin/../lib/gcc/arm-none-eabi/12.3.1/../../../../arm-none-eabi/lib/thumb/v7e-m+fp/hard\libc_nano.a(libc_a-stdio.o)
                              C:/ST/STM32CubeIDE_1.16.0/STM32CubeIDE/plugins/com.st.stm32cube.ide.mcu.externaltools.gnu-tools-for-stm32.12.3.rel1.win32_1.0.200.202406191623/tools/bin/../lib/gcc/arm-none-eabi/12.3.1/../../../../arm-none-eabi/lib/thumb/v7e-m+fp/hard\libc_nano.a(libc_a-findfp.o) (__sread)
C:/ST/STM32CubeIDE_1.16.0/STM32CubeIDE/plugins/com.st.stm32cube.ide.mcu.externaltools.gnu-tools-for-stm32.12.3.rel1.win32_1.0.200.202406191623/tools/bin/../lib/gcc/arm-none-eabi/12.3.1/../../../../arm-none-eabi/lib/thumb/v7e-m+fp/hard\libc_nano.a(libc_a-memmove.o)
[...]
Memory Configuration

Name             Origin             Length             Attributes
RAM              0x20000000         0x00010000         xrw
RAM2             0x10000000         0x00004000         xrw
FLASH            0x08000000         0x00040000         xr
*default*        0x00000000         0xffffffff

Linker script and memory map

LOAD C:/ST/STM32CubeIDE_1.16.0/STM32CubeIDE/plugins/com.st.stm32cube.ide.mcu.externaltools.gnu-tools-for-stm32.12.3.rel1.win32_1.0.200.202406191623/tools/bin/../lib/gcc/arm-none-eabi/12.3.1/thumb/v7e-m+fp/hard/crti.o
LOAD C:/ST/STM32CubeIDE_1.16.0/STM32CubeIDE/plugins/com.st.stm32cube.ide.mcu.externaltools.gnu-tools-for-stm32.12.3.rel1.win32_1.0.200.202406191623/tools/bin/../lib/gcc/arm-none-eabi/12.3.1/thumb/v7e-m+fp/hard/crtbegin.o
LOAD C:/ST/STM32CubeIDE_1.16.0/STM32CubeIDE/plugins/com.st.stm32cube.ide.mcu.externaltools.gnu-tools-for-stm32.12.3.rel1.win32_1.0.200.202406191623/tools/bin/../lib/gcc/arm-none-eabi/12.3.1/../../../../arm-none-eabi/lib/thumb/v7e-m+fp/hard/crt0.o
LOAD ./Core/Src/main.o
LOAD ./Core/Src/stm32l4xx_hal_msp.o
LOAD ./Core/Src/stm32l4xx_it.o
LOAD ./Core/Src/syscalls.o
LOAD ./Core/Src/sysmem.o
LOAD ./Core/Src/system_stm32l4xx.o
LOAD ./Core/Startup/startup_stm32l432kcux.o
LOAD ./Drivers/STM32L4xx_HAL_Driver/Src/stm32l4xx_hal.o
LOAD ./Drivers/STM32L4xx_HAL_Driver/Src/stm32l4xx_hal_can.o
LOAD ./Drivers/STM32L4xx_HAL_Driver/Src/stm32l4xx_hal_cortex.o
LOAD ./Drivers/STM32L4xx_HAL_Driver/Src/stm32l4xx_hal_dma.o
LOAD ./Drivers/STM32L4xx_HAL_Driver/Src/stm32l4xx_hal_dma_ex.o
LOAD ./Drivers/STM32L4xx_HAL_Driver/Src/stm32l4xx_hal_exti.o
LOAD ./Drivers/STM32L4xx_HAL_Driver/Src/stm32l4xx_hal_flash.o
LOAD ./Drivers/STM32L4xx_HAL_Driver/Src/stm32l4xx_hal_flash_ex.o
LOAD ./Drivers/STM32L4xx_HAL_Driver/Src/stm32l4xx_hal_flash_ramfunc.o
LOAD ./Drivers/STM32L4xx_HAL_Driver/Src/stm32l4xx_hal_gpio.o
LOAD ./Drivers/STM32L4xx_HAL_Driver/Src/stm32l4xx_hal_i2c.o
LOAD ./Drivers/STM32L4xx_HAL_Driver/Src/stm32l4xx_hal_i2c_ex.o
LOAD ./Drivers/STM32L4xx_HAL_Driver/Src/stm32l4xx_hal_pwr.o
LOAD ./Drivers/STM32L4xx_HAL_Driver/Src/stm32l4xx_hal_pwr_ex.o
LOAD ./Drivers/STM32L4xx_HAL_Driver/Src/stm32l4xx_hal_rcc.o
LOAD ./Drivers/STM32L4xx_HAL_Driver/Src/stm32l4xx_hal_rcc_ex.o
LOAD ./Drivers/STM32L4xx_HAL_Driver/Src/stm32l4xx_hal_tim.o
LOAD ./Drivers/STM32L4xx_HAL_Driver/Src/stm32l4xx_hal_tim_ex.o
LOAD ./libcanard/canard.o
START GROUP
LOAD C:/ST/STM32CubeIDE_1.16.0/STM32CubeIDE/plugins/com.st.stm32cube.ide.mcu.externaltools.gnu-tools-for-stm32.12.3.rel1.win32_1.0.200.202406191623/tools/bin/../lib/gcc/arm-none-eabi/12.3.1/../../../../arm-none-eabi/lib/thumb/v7e-m+fp/hard\libc_nano.a
LOAD C:/ST/STM32CubeIDE_1.16.0/STM32CubeIDE/plugins/com.st.stm32cube.ide.mcu.externaltools.gnu-tools-for-stm32.12.3.rel1.win32_1.0.200.202406191623/tools/bin/../lib/gcc/arm-none-eabi/12.3.1/../../../../arm-none-eabi/lib/thumb/v7e-m+fp/hard\libm.a
END GROUP
START GROUP
LOAD C:/ST/STM32CubeIDE_1.16.0/STM32CubeIDE/plugins/com.st.stm32cube.ide.mcu.externaltools.gnu-tools-for-stm32.12.3.rel1.win32_1.0.200.202406191623/tools/bin/../lib/gcc/arm-none-eabi/12.3.1/thumb/v7e-m+fp/hard\libgcc.a
LOAD C:/ST/STM32CubeIDE_1.16.0/STM32CubeIDE/plugins/com.st.stm32cube.ide.mcu.externaltools.gnu-tools-for-stm32.12.3.rel1.win32_1.0.200.202406191623/tools/bin/../lib/gcc/arm-none-eabi/12.3.1/../../../../arm-none-eabi/lib/thumb/v7e-m+fp/hard\libc_nano.a
END GROUP
START GROUP
LOAD C:/ST/STM32CubeIDE_1.16.0/STM32CubeIDE/plugins/com.st.stm32cube.ide.mcu.externaltools.gnu-tools-for-stm32.12.3.rel1.win32_1.0.200.202406191623/tools/bin/../lib/gcc/arm-none-eabi/12.3.1/thumb/v7e-m+fp/hard\libgcc.a
LOAD C:/ST/STM32CubeIDE_1.16.0/STM32CubeIDE/plugins/com.st.stm32cube.ide.mcu.externaltools.gnu-tools-for-stm32.12.3.rel1.win32_1.0.200.202406191623/tools/bin/../lib/gcc/arm-none-eabi/12.3.1/../../../../arm-none-eabi/lib/thumb/v7e-m+fp/hard\libc_nano.a
LOAD C:/ST/STM32CubeIDE_1.16.0/STM32CubeIDE/plugins/com.st.stm32cube.ide.mcu.externaltools.gnu-tools-for-stm32.12.3.rel1.win32_1.0.200.202406191623/tools/bin/../lib/gcc/arm-none-eabi/12.3.1/../../../../arm-none-eabi/lib/thumb/v7e-m+fp/hard\libnosys.a
END GROUP
START GROUP
LOAD C:/ST/STM32CubeIDE_1.16.0/STM32CubeIDE/plugins/com.st.stm32cube.ide.mcu.externaltools.gnu-tools-for-stm32.12.3.rel1.win32_1.0.200.202406191623/tools/bin/../lib/gcc/arm-none-eabi/12.3.1/thumb/v7e-m+fp/hard\libgcc.a
LOAD C:/ST/STM32CubeIDE_1.16.0/STM32CubeIDE/plugins/com.st.stm32cube.ide.mcu.externaltools.gnu-tools-for-stm32.12.3.rel1.win32_1.0.200.202406191623/tools/bin/../lib/gcc/arm-none-eabi/12.3.1/../../../../arm-none-eabi/lib/thumb/v7e-m+fp/hard\libc_nano.a
LOAD C:/ST/STM32CubeIDE_1.16.0/STM32CubeIDE/plugins/com.st.stm32cube.ide.mcu.externaltools.gnu-tools-for-stm32.12.3.rel1.win32_1.0.200.202406191623/tools/bin/../lib/gcc/arm-none-eabi/12.3.1/../../../../arm-none-eabi/lib/thumb/v7e-m+fp/hard\libnosys.a
END GROUP
LOAD C:/ST/STM32CubeIDE_1.16.0/STM32CubeIDE/plugins/com.st.stm32cube.ide.mcu.externaltools.gnu-tools-for-stm32.12.3.rel1.win32_1.0.200.202406191623/tools/bin/../lib/gcc/arm-none-eabi/12.3.1/thumb/v7e-m+fp/hard/crtend.o
LOAD C:/ST/STM32CubeIDE_1.16.0/STM32CubeIDE/plugins/com.st.stm32cube.ide.mcu.externaltools.gnu-tools-for-stm32.12.3.rel1.win32_1.0.200.202406191623/tools/bin/../lib/gcc/arm-none-eabi/12.3.1/thumb/v7e-m+fp/hard/crtn.o
                0x20010000                        _estack = (ORIGIN (RAM) + LENGTH (RAM))
                0x00000200                        _Min_Heap_Size = 0x200
                0x00000400                        _Min_Stack_Size = 0x400

.isr_vector     0x08000000      0x18c
                0x08000000                        . = ALIGN (0x4)
 *(.isr_vector)
 .isr_vector    0x08000000      0x18c ./Core/Startup/startup_stm32l432kcux.o
                0x08000000                g_pfnVectors
                0x0800018c                        . = ALIGN (0x4)

.text           0x08000190     0x6fa8
                0x08000190                        . = ALIGN (0x4)
 *(.text)
 .text          0x08000190       0x40 C:/ST/STM32CubeIDE_1.16.0/STM32CubeIDE/plugins/com.st.stm32cube.ide.mcu.externaltools.gnu-tools-for-stm32.12.3.rel1.win32_1.0.200.202406191623/tools/bin/../lib/gcc/arm-none-eabi/12.3.1/thumb/v7e-m+fp/hard/crtbegin.o
 .text          0x080001d0       0xa0 C:/ST/STM32CubeIDE_1.16.0/STM32CubeIDE/plugins/com.st.stm32cube.ide.mcu.externaltools.gnu-tools-for-stm32.12.3.rel1.win32_1.0.200.202406191623/tools/bin/../lib/gcc/arm-none-eabi/12.3.1/../../../../arm-none-eabi/lib/thumb/v7e-m+fp/hard\libc_nano.a(libc_a-memchr.o)
                0x080001d0                memchr
 *(.text*)
 .text.nunavutChooseMin
                0x08000270       0x20 ./Core/Src/main.o
 .text.nunavutSaturateBufferFragmentBitLength
                0x08000290       0x34 ./Core/Src/main.o
 .text.nunavutCopyBits
                0x080002c4      0x28c ./Core/Src/main.o
 .text.nunavutGetBits
                0x08000550       0x84 ./Core/Src/main.o
 .text.nunavutSetUxx
                0x080005d4       0x6c ./Core/Src/main.o
 .text.uavcan_node_Health_1_0_serialize_
                0x08000640      0x170 ./Core/Src/main.o
 .text.uavcan_node_Mode_1_0_serialize_
                0x080007b0      0x170 ./Core/Src/main.o
 .text.uavcan_node_Heartbeat_1_0_serialize_
                0x08000920      0x518 ./Core/Src/main.o
 .text.uavcan_primitive_array_Real64_1_0_deserialize_
                0x08000e38      0x138 ./Core/Src/main.o
 .text.uavcan_primitive_scalar_Integer8_1_0_serialize_
                0x08000f70      0x164 ./Core/Src/main.o
 .text.micros   0x080010d4       0x72 ./Core/Src/main.o
                0x080010d4                micros
 *fill*         0x08001146        0x2 
 .text.main     0x08001148      0x1d8 ./Core/Src/main.o
                0x08001148                main
 .text.SystemClock_Config
                0x08001320       0x8c ./Core/Src/main.o
                0x08001320                SystemClock_Config
 .text.MX_CAN1_Init
                0x080013ac       0x6c ./Core/Src/main.o
 .text.MX_GPIO_Init
                0x08001418       0x60 ./Core/Src/main.o
 .text.process_canard_TX_queue
                0x08001478       0xd0 ./Core/Src/main.o
                0x08001478                process_canard_TX_queue
 .text.HAL_CAN_RxFifo0MsgPendingCallback
                0x08001548      0x110 ./Core/Src/main.o
                0x08001548                HAL_CAN_RxFifo0MsgPendingCallback
 .text.HAL_CAN_RxFifo1MsgPendingCallback
                0x08001658       0x14 ./Core/Src/main.o
                0x08001658                HAL_CAN_RxFifo1MsgPendingCallback
 .text.publishMyResponseMessage
                0x0800166c       0x9c ./Core/Src/main.o
                0x0800166c                publishMyResponseMessage
 .text.memAllocate
                0x08001708       0x1a ./Core/Src/main.o
 .text.memFree  0x08001722       0x18 ./Core/Src/main.o
 .text.Error_Handler
                0x0800173a       0x1c ./Core/Src/main.o
                0x0800173a                Error_Handler
 *fill*         0x08001756        0x2 
 .text.HAL_MspInit
                0x08001758       0x48 ./Core/Src/stm32l4xx_hal_msp.o
                0x08001758                HAL_MspInit
 .text.HAL_CAN_MspInit
                0x080017a0       0xc8 ./Core/Src/stm32l4xx_hal_msp.o
                0x080017a0                HAL_CAN_MspInit
 .text.NMI_Handler
                0x08001868        0x8 ./Core/Src/stm32l4xx_it.o
                0x08001868                NMI_Handler
 .text.HardFault_Handler
                0x08001870        0x8 ./Core/Src/stm32l4xx_it.o
                0x08001870                HardFault_Handler
 .text.MemManage_Handler
                0x08001878        0x8 ./Core/Src/stm32l4xx_it.o
                0x08001878                MemManage_Handler
 .text.BusFault_Handler
                0x08001880        0x8 ./Core/Src/stm32l4xx_it.o
                0x08001880                BusFault_Handler
 .text.UsageFault_Handler
                0x08001888        0x8 ./Core/Src/stm32l4xx_it.o
                0x08001888                UsageFault_Handler
 .text.SVC_Handler
                0x08001890        0xe ./Core/Src/stm32l4xx_it.o
                0x08001890                SVC_Handler
 .text.DebugMon_Handler
                0x0800189e        0xe ./Core/Src/stm32l4xx_it.o
                0x0800189e                DebugMon_Handler
 .text.PendSV_Handler
                0x080018ac        0xe ./Core/Src/stm32l4xx_it.o
                0x080018ac                PendSV_Handler
 .text.SysTick_Handler
                0x080018ba        0xc ./Core/Src/stm32l4xx_it.o
                0x080018ba                SysTick_Handler
 *fill*         0x080018c6        0x2 
 .text.CAN1_TX_IRQHandler
                0x080018c8       0x14 ./Core/Src/stm32l4xx_it.o
                0x080018c8                CAN1_TX_IRQHandler
 .text.CAN1_RX0_IRQHandler
                0x080018dc       0x14 ./Core/Src/stm32l4xx_it.o
                0x080018dc                CAN1_RX0_IRQHandler
 .text.CAN1_RX1_IRQHandler
                0x080018f0       0x14 ./Core/Src/stm32l4xx_it.o
                0x080018f0                CAN1_RX1_IRQHandler
 .text.CAN1_SCE_IRQHandler
                0x08001904       0x14 ./Core/Src/stm32l4xx_it.o
                0x08001904                CAN1_SCE_IRQHandler
 .text._getpid  0x08001918       0x10 ./Core/Src/syscalls.o
                0x08001918                _getpid
 .text._kill    0x08001928       0x20 ./Core/Src/syscalls.o
                0x08001928                _kill
 .text._exit    0x08001948       0x16 ./Core/Src/syscalls.o
                0x08001948                _exit
 .text._read    0x0800195e       0x3a ./Core/Src/syscalls.o
                0x0800195e                _read
 .text._write   0x08001998       0x38 ./Core/Src/syscalls.o
                0x08001998                _write
 .text._close   0x080019d0       0x18 ./Core/Src/syscalls.o
                0x080019d0                _close
 .text._fstat   0x080019e8       0x20 ./Core/Src/syscalls.o
                0x080019e8                _fstat
 .text._isatty  0x08001a08       0x16 ./Core/Src/syscalls.o
                0x08001a08                _isatty
 .text._lseek   0x08001a1e       0x1a ./Core/Src/syscalls.o
                0x08001a1e                _lseek
 .text._sbrk    0x08001a38       0x6c ./Core/Src/sysmem.o
                0x08001a38                _sbrk
 .text.SystemInit
                0x08001aa4       0x24 ./Core/Src/system_stm32l4xx.o
                0x08001aa4                SystemInit
 .text.Reset_Handler
                0x08001ac8       0x50 ./Core/Startup/startup_stm32l432kcux.o
                0x08001ac8                Reset_Handler
 .text.Default_Handler
                0x08001b18        0x2 ./Core/Startup/startup_stm32l432kcux.o
                0x08001b18                RTC_Alarm_IRQHandler
                0x08001b18                EXTI2_IRQHandler
                0x08001b18                TIM1_CC_IRQHandler
                0x08001b18                TSC_IRQHandler
                0x08001b18                TAMP_STAMP_IRQHandler
                0x08001b18                EXTI3_IRQHandler
                0x08001b18                LPTIM2_IRQHandler
                0x08001b18                I2C3_ER_IRQHandler
                0x08001b18                EXTI0_IRQHandler
                0x08001b18                FPU_IRQHandler
                0x08001b18                TIM1_UP_TIM16_IRQHandler
                0x08001b18                SPI1_IRQHandler
                0x08001b18                TIM6_DAC_IRQHandler
                0x08001b18                DMA2_Channel2_IRQHandler
                0x08001b18                DMA1_Channel4_IRQHandler
                0x08001b18                ADC1_IRQHandler
                0x08001b18                DMA1_Channel7_IRQHandler
                0x08001b18                DMA2_Channel1_IRQHandler
                0x08001b18                QUADSPI_IRQHandler
                0x08001b18                I2C1_EV_IRQHandler
                0x08001b18                DMA1_Channel6_IRQHandler
                0x08001b18                DMA2_Channel4_IRQHandler
                0x08001b18                RCC_IRQHandler
                0x08001b18                TIM1_TRG_COM_IRQHandler
                0x08001b18                DMA1_Channel1_IRQHandler
                0x08001b18                Default_Handler
                0x08001b18                DMA2_Channel7_IRQHandler
                0x08001b18                EXTI15_10_IRQHandler
                0x08001b18                TIM7_IRQHandler
                0x08001b18                I2C3_EV_IRQHandler
                0x08001b18                USB_IRQHandler
                0x08001b18                EXTI9_5_IRQHandler
                0x08001b18                RTC_WKUP_IRQHandler
                0x08001b18                PVD_PVM_IRQHandler
                0x08001b18                DMA2_Channel5_IRQHandler
                0x08001b18                CRS_IRQHandler
                0x08001b18                DMA1_Channel5_IRQHandler
                0x08001b18                EXTI4_IRQHandler
                0x08001b18                RNG_IRQHandler
                0x08001b18                DMA1_Channel3_IRQHandler
                0x08001b18                COMP_IRQHandler
                0x08001b18                WWDG_IRQHandler
                0x08001b18                LPUART1_IRQHandler
                0x08001b18                DMA2_Channel6_IRQHandler
                0x08001b18                TIM2_IRQHandler
                0x08001b18                EXTI1_IRQHandler
                0x08001b18                USART2_IRQHandler
                0x08001b18                DMA1_Channel2_IRQHandler
                0x08001b18                FLASH_IRQHandler
                0x08001b18                USART1_IRQHandler
                0x08001b18                SPI3_IRQHandler
                0x08001b18                I2C1_ER_IRQHandler
                0x08001b18                SWPMI1_IRQHandler
                0x08001b18                LPTIM1_IRQHandler
                0x08001b18                SAI1_IRQHandler
                0x08001b18                DMA2_Channel3_IRQHandler
                0x08001b18                TIM1_BRK_TIM15_IRQHandler
 .text.HAL_Init
                0x08001b1a       0x30 ./Drivers/STM32L4xx_HAL_Driver/Src/stm32l4xx_hal.o
                0x08001b1a                HAL_Init
 *fill*         0x08001b4a        0x2 
 .text.HAL_InitTick
                0x08001b4c       0x78 ./Drivers/STM32L4xx_HAL_Driver/Src/stm32l4xx_hal.o
                0x08001b4c                HAL_InitTick
 .text.HAL_IncTick
                0x08001bc4       0x28 ./Drivers/STM32L4xx_HAL_Driver/Src/stm32l4xx_hal.o
                0x08001bc4                HAL_IncTick
 .text.HAL_GetTick
                0x08001bec       0x18 ./Drivers/STM32L4xx_HAL_Driver/Src/stm32l4xx_hal.o
                0x08001bec                HAL_GetTick
 .text.HAL_Delay
                0x08001c04       0x48 ./Drivers/STM32L4xx_HAL_Driver/Src/stm32l4xx_hal.o
                0x08001c04                HAL_Delay
 .text.HAL_CAN_Init
                0x08001c4c      0x1f6 ./Drivers/STM32L4xx_HAL_Driver/Src/stm32l4xx_hal_can.o
                0x08001c4c                HAL_CAN_Init
 .text.HAL_CAN_ConfigFilter
                0x08001e42      0x194 ./Drivers/STM32L4xx_HAL_Driver/Src/stm32l4xx_hal_can.o
                0x08001e42                HAL_CAN_ConfigFilter
 .text.HAL_CAN_Start
                0x08001fd6       0x88 ./Drivers/STM32L4xx_HAL_Driver/Src/stm32l4xx_hal_can.o
                0x08001fd6                HAL_CAN_Start
 .text.HAL_CAN_AddTxMessage
                0x0800205e      0x1a0 ./Drivers/STM32L4xx_HAL_Driver/Src/stm32l4xx_hal_can.o
                0x0800205e                HAL_CAN_AddTxMessage
 .text.HAL_CAN_GetTxMailboxesFreeLevel
                0x080021fe       0x6a ./Drivers/STM32L4xx_HAL_Driver/Src/stm32l4xx_hal_can.o
                0x080021fe                HAL_CAN_GetTxMailboxesFreeLevel
 .text.HAL_CAN_GetRxMessage
                0x08002268      0x244 ./Drivers/STM32L4xx_HAL_Driver/Src/stm32l4xx_hal_can.o
                0x08002268                HAL_CAN_GetRxMessage
 .text.HAL_CAN_ActivateNotification
                0x080024ac       0x4c ./Drivers/STM32L4xx_HAL_Driver/Src/stm32l4xx_hal_can.o
                0x080024ac                HAL_CAN_ActivateNotification
 .text.HAL_CAN_IRQHandler
                0x080024f8      0x36e ./Drivers/STM32L4xx_HAL_Driver/Src/stm32l4xx_hal_can.o
                0x080024f8                HAL_CAN_IRQHandler
 .text.HAL_CAN_TxMailbox0CompleteCallback
                0x08002866       0x14 ./Drivers/STM32L4xx_HAL_Driver/Src/stm32l4xx_hal_can.o
                0x08002866                HAL_CAN_TxMailbox0CompleteCallback
 .text.HAL_CAN_TxMailbox1CompleteCallback
                0x0800287a       0x14 ./Drivers/STM32L4xx_HAL_Driver/Src/stm32l4xx_hal_can.o
                0x0800287a                HAL_CAN_TxMailbox1CompleteCallback
 .text.HAL_CAN_TxMailbox2CompleteCallback
                0x0800288e       0x14 ./Drivers/STM32L4xx_HAL_Driver/Src/stm32l4xx_hal_can.o
                0x0800288e                HAL_CAN_TxMailbox2CompleteCallback
 .text.HAL_CAN_TxMailbox0AbortCallback
                0x080028a2       0x14 ./Drivers/STM32L4xx_HAL_Driver/Src/stm32l4xx_hal_can.o
                0x080028a2                HAL_CAN_TxMailbox0AbortCallback
 .text.HAL_CAN_TxMailbox1AbortCallback
                0x080028b6       0x14 ./Drivers/STM32L4xx_HAL_Driver/Src/stm32l4xx_hal_can.o
                0x080028b6                HAL_CAN_TxMailbox1AbortCallback
 .text.HAL_CAN_TxMailbox2AbortCallback
                0x080028ca       0x14 ./Drivers/STM32L4xx_HAL_Driver/Src/stm32l4xx_hal_can.o
                0x080028ca                HAL_CAN_TxMailbox2AbortCallback
 .text.HAL_CAN_RxFifo0FullCallback
                0x080028de       0x14 ./Drivers/STM32L4xx_HAL_Driver/Src/stm32l4xx_hal_can.o
                0x080028de                HAL_CAN_RxFifo0FullCallback
 .text.HAL_CAN_RxFifo1FullCallback
                0x080028f2       0x14 ./Drivers/STM32L4xx_HAL_Driver/Src/stm32l4xx_hal_can.o
                0x080028f2                HAL_CAN_RxFifo1FullCallback
 .text.HAL_CAN_SleepCallback
                0x08002906       0x14 ./Drivers/STM32L4xx_HAL_Driver/Src/stm32l4xx_hal_can.o
                0x08002906                HAL_CAN_SleepCallback
 .text.HAL_CAN_WakeUpFromRxMsgCallback
                0x0800291a       0x14 ./Drivers/STM32L4xx_HAL_Driver/Src/stm32l4xx_hal_can.o
                0x0800291a                HAL_CAN_WakeUpFromRxMsgCallback
 .text.HAL_CAN_ErrorCallback
                0x0800292e       0x14 ./Drivers/STM32L4xx_HAL_Driver/Src/stm32l4xx_hal_can.o
                0x0800292e                HAL_CAN_ErrorCallback
 *fill*         0x08002942        0x2 
 .text.__NVIC_SetPriorityGrouping
                0x08002944       0x48 ./Drivers/STM32L4xx_HAL_Driver/Src/stm32l4xx_hal_cortex.o
 .text.__NVIC_GetPriorityGrouping
                0x0800298c       0x1c ./Drivers/STM32L4xx_HAL_Driver/Src/stm32l4xx_hal_cortex.o
 .text.__NVIC_EnableIRQ
                0x080029a8       0x3c ./Drivers/STM32L4xx_HAL_Driver/Src/stm32l4xx_hal_cortex.o
 .text.__NVIC_SetPriority
                0x080029e4       0x54 ./Drivers/STM32L4xx_HAL_Driver/Src/stm32l4xx_hal_cortex.o
 .text.NVIC_EncodePriority
                0x08002a38       0x66 ./Drivers/STM32L4xx_HAL_Driver/Src/stm32l4xx_hal_cortex.o
 *fill*         0x08002a9e        0x2 
 .text.SysTick_Config
                0x08002aa0       0x44 ./Drivers/STM32L4xx_HAL_Driver/Src/stm32l4xx_hal_cortex.o
 .text.HAL_NVIC_SetPriorityGrouping
                0x08002ae4       0x16 ./Drivers/STM32L4xx_HAL_Driver/Src/stm32l4xx_hal_cortex.o
                0x08002ae4                HAL_NVIC_SetPriorityGrouping
 .text.HAL_NVIC_SetPriority
                0x08002afa       0x38 ./Drivers/STM32L4xx_HAL_Driver/Src/stm32l4xx_hal_cortex.o
                0x08002afa                HAL_NVIC_SetPriority
 .text.HAL_NVIC_EnableIRQ
                0x08002b32       0x1c ./Drivers/STM32L4xx_HAL_Driver/Src/stm32l4xx_hal_cortex.o
                0x08002b32                HAL_NVIC_EnableIRQ
 .text.HAL_SYSTICK_Config
                0x08002b4e       0x18 ./Drivers/STM32L4xx_HAL_Driver/Src/stm32l4xx_hal_cortex.o
                0x08002b4e                HAL_SYSTICK_Config
 *fill*         0x08002b66        0x2 
 .text.HAL_GPIO_Init
                0x08002b68      0x2d4 ./Drivers/STM32L4xx_HAL_Driver/Src/stm32l4xx_hal_gpio.o
                0x08002b68                HAL_GPIO_Init
 .text.HAL_GPIO_WritePin
                0x08002e3c       0x30 ./Drivers/STM32L4xx_HAL_Driver/Src/stm32l4xx_hal_gpio.o
                0x08002e3c                HAL_GPIO_WritePin
 .text.HAL_GPIO_TogglePin
                0x08002e6c       0x34 ./Drivers/STM32L4xx_HAL_Driver/Src/stm32l4xx_hal_gpio.o
                0x08002e6c                HAL_GPIO_TogglePin
 .text.HAL_PWREx_GetVoltageRange
                0x08002ea0       0x1c ./Drivers/STM32L4xx_HAL_Driver/Src/stm32l4xx_hal_pwr_ex.o
                0x08002ea0                HAL_PWREx_GetVoltageRange
 .text.HAL_PWREx_ControlVoltageScaling
                0x08002ebc       0xac ./Drivers/STM32L4xx_HAL_Driver/Src/stm32l4xx_hal_pwr_ex.o
                0x08002ebc                HAL_PWREx_ControlVoltageScaling
 .text.HAL_RCC_OscConfig
                0x08002f68      0x828 ./Drivers/STM32L4xx_HAL_Driver/Src/stm32l4xx_hal_rcc.o
                0x08002f68                HAL_RCC_OscConfig
 .text.HAL_RCC_ClockConfig
                0x08003790      0x200 ./Drivers/STM32L4xx_HAL_Driver/Src/stm32l4xx_hal_rcc.o
                0x08003790                HAL_RCC_ClockConfig
 .text.HAL_RCC_GetSysClockFreq
                0x08003990      0x118 ./Drivers/STM32L4xx_HAL_Driver/Src/stm32l4xx_hal_rcc.o
                0x08003990                HAL_RCC_GetSysClockFreq
 .text.RCC_SetFlashLatencyFromMSIRange
                0x08003aa8       0xc0 ./Drivers/STM32L4xx_HAL_Driver/Src/stm32l4xx_hal_rcc.o
 .text.cavlFindExtremum
                0x08003b68       0x3a ./libcanard/canard.o
 *fill*         0x08003ba2        0x2 
 .text.cavlPrivateRotate
                0x08003ba4       0xf4 ./libcanard/canard.o
 .text.cavlPrivateAdjustBalance
                0x08003c98      0x1c4 ./libcanard/canard.o
 .text.cavlPrivateRetraceOnGrowth
                0x08003e5c       0xbc ./libcanard/canard.o
 .text.cavlSearch
                0x08003f18       0xfc ./libcanard/canard.o
 .text.cavlRemove
                0x08004014      0x264 ./libcanard/canard.o
 .text.avlTrivialFactory
                0x08004278       0x16 ./libcanard/canard.o
 *fill*         0x0800428e        0x2 
 .text.crcAddByte
                0x08004290       0x40 ./libcanard/canard.o
 .text.crcAdd   0x080042d0       0x70 ./libcanard/canard.o
 .text.txMakeMessageSessionSpecifier
                0x08004340       0x64 ./libcanard/canard.o
 .text.txMakeServiceSessionSpecifier
                0x080043a4       0x98 ./libcanard/canard.o
 .text.adjustPresentationLayerMTU
                0x0800443c       0x60 ./libcanard/canard.o
 .text.txMakeCANID
                0x0800449c      0x1b4 ./libcanard/canard.o
 .text.txMakeTailByte
                0x08004650       0x84 ./libcanard/canard.o
 .text.txRoundFramePayloadSizeUp
                0x080046d4       0x64 ./libcanard/canard.o
 .text.txAllocateQueueItem
                0x08004738       0xa4 ./libcanard/canard.o
 .text.txAVLPredicate
                0x080047dc       0x54 ./libcanard/canard.o
 .text.txPushSingleFrame
                0x08004830      0x1b8 ./libcanard/canard.o
 .text.txGenerateMultiFrameChain
                0x080049e8      0x27c ./libcanard/canard.o
 .text.txPushMultiFrame
                0x08004c64      0x1e8 ./libcanard/canard.o
 .text.rxTryParseFrame
                0x08004e4c      0x288 ./libcanard/canard.o
 .text.rxInitTransferMetadataFromFrame
                0x080050d4       0x8c ./libcanard/canard.o
 .text.rxComputeTransferIDDifference
                0x08005160       0x7c ./libcanard/canard.o
 .text.rxSessionWritePayload
                0x080051dc      0x1e0 ./libcanard/canard.o
 .text.rxSessionRestart
                0x080053bc       0x8c ./libcanard/canard.o
 .text.rxSessionAcceptFrame
                0x08005448      0x24c ./libcanard/canard.o
 .text.rxSessionSynchronize
                0x08005694      0x1a4 ./libcanard/canard.o
 .text.rxSessionUpdate
                0x08005838      0x158 ./libcanard/canard.o
 .text.rxAcceptFrame
                0x08005990      0x25c ./libcanard/canard.o
 .text.rxSubscriptionPredicateOnPortID
                0x08005bec       0x48 ./libcanard/canard.o
 .text.rxSubscriptionPredicateOnStruct
                0x08005c34       0x20 ./libcanard/canard.o
 .text.canardInit
                0x08005c54       0x7c ./libcanard/canard.o
                0x08005c54                canardInit
 .text.canardTxInit
                0x08005cd0       0x3a ./libcanard/canard.o
                0x08005cd0                canardTxInit
 *fill*         0x08005d0a        0x2 
 .text.canardTxPush
                0x08005d0c      0x114 ./libcanard/canard.o
                0x08005d0c                canardTxPush
 .text.canardTxPeek
                0x08005e20       0x2a ./libcanard/canard.o
                0x08005e20                canardTxPeek
 .text.canardTxPop
                0x08005e4a       0x40 ./libcanard/canard.o
                0x08005e4a                canardTxPop
 *fill*         0x08005e8a        0x2 
 .text.canardRxAccept
                0x08005e8c      0x120 ./libcanard/canard.o
                0x08005e8c                canardRxAccept
 .text.canardRxSubscribe
                0x08005fac       0xd8 ./libcanard/canard.o
                0x08005fac                canardRxSubscribe
 .text.canardRxUnsubscribe
                0x08006084       0xfc ./libcanard/canard.o
                0x08006084                canardRxUnsubscribe
 .text.__assert_func
                0x08006180       0x3c C:/ST/STM32CubeIDE_1.16.0/STM32CubeIDE/plugins/com.st.stm32cube.ide.mcu.externaltools.gnu-tools-for-stm32.12.3.rel1.win32_1.0.200.202406191623/tools/bin/../lib/gcc/arm-none-eabi/12.3.1/../../../../arm-none-eabi/lib/thumb/v7e-m+fp/hard\libc_nano.a(libc_a-assert.o)
                0x08006180                __assert_func
 .text.malloc   0x080061bc       0x10 C:/ST/STM32CubeIDE_1.16.0/STM32CubeIDE/plugins/com.st.stm32cube.ide.mcu.externaltools.gnu-tools-for-stm32.12.3.rel1.win32_1.0.200.202406191623/tools/bin/../lib/gcc/arm-none-eabi/12.3.1/../../../../arm-none-eabi/lib/thumb/v7e-m+fp/hard\libc_nano.a(libc_a-malloc.o)
                0x080061bc                malloc
 .text.free     0x080061cc       0x10 C:/ST/STM32CubeIDE_1.16.0/STM32CubeIDE/plugins/com.st.stm32cube.ide.mcu.externaltools.gnu-tools-for-stm32.12.3.rel1.win32_1.0.200.202406191623/tools/bin/../lib/gcc/arm-none-eabi/12.3.1/../../../../arm-none-eabi/lib/thumb/v7e-m+fp/hard\libc_nano.a(libc_a-malloc.o)
                0x080061cc                free
 .text.sbrk_aligned
                0x080061dc       0x44 C:/ST/STM32CubeIDE_1.16.0/STM32CubeIDE/plugins/com.st.stm32cube.ide.mcu.externaltools.gnu-tools-for-stm32.12.3.rel1.win32_1.0.200.202406191623/tools/bin/../lib/gcc/arm-none-eabi/12.3.1/../../../../arm-none-eabi/lib/thumb/v7e-m+fp/hard\libc_nano.a(libc_a-mallocr.o)
 .text._malloc_r
                0x08006220      0x100 C:/ST/STM32CubeIDE_1.16.0/STM32CubeIDE/plugins/com.st.stm32cube.ide.mcu.externaltools.gnu-tools-for-stm32.12.3.rel1.win32_1.0.200.202406191623/tools/bin/../lib/gcc/arm-none-eabi/12.3.1/../../../../arm-none-eabi/lib/thumb/v7e-m+fp/hard\libc_nano.a(libc_a-mallocr.o)
                0x08006220                _malloc_r
 .text.__malloc_lock
                0x08006320        0xc C:/ST/STM32CubeIDE_1.16.0/STM32CubeIDE/plugins/com.st.stm32cube.ide.mcu.externaltools.gnu-tools-for-stm32.12.3.rel1.win32_1.0.200.202406191623/tools/bin/../lib/gcc/arm-none-eabi/12.3.1/../../../../arm-none-eabi/lib/thumb/v7e-m+fp/hard\libc_nano.a(libc_a-mlock.o)
                0x08006320                __malloc_lock
 .text.__malloc_unlock
                0x0800632c        0xc C:/ST/STM32CubeIDE_1.16.0/STM32CubeIDE/plugins/com.st.stm32cube.ide.mcu.externaltools.gnu-tools-for-stm32.12.3.rel1.win32_1.0.200.202406191623/tools/bin/../lib/gcc/arm-none-eabi/12.3.1/../../../../arm-none-eabi/lib/thumb/v7e-m+fp/hard\libc_nano.a(libc_a-mlock.o)
                0x0800632c                __malloc_unlock
 .text.std      0x08006338       0x6c C:/ST/STM32CubeIDE_1.16.0/STM32CubeIDE/plugins/com.st.stm32cube.ide.mcu.externaltools.gnu-tools-for-stm32.12.3.rel1.win32_1.0.200.202406191623/tools/bin/../lib/gcc/arm-none-eabi/12.3.1/../../../../arm-none-eabi/lib/thumb/v7e-m+fp/hard\libc_nano.a(libc_a-findfp.o)
 .text.stdio_exit_handler
                0x080063a4       0x18 C:/ST/STM32CubeIDE_1.16.0/STM32CubeIDE/plugins/com.st.stm32cube.ide.mcu.externaltools.gnu-tools-for-stm32.12.3.rel1.win32_1.0.200.202406191623/tools/bin/../lib/gcc/arm-none-eabi/12.3.1/../../../../arm-none-eabi/lib/thumb/v7e-m+fp/hard\libc_nano.a(libc_a-findfp.o)
 .text.cleanup_stdio
                0x080063bc       0x40 C:/ST/STM32CubeIDE_1.16.0/STM32CubeIDE/plugins/com.st.stm32cube.ide.mcu.externaltools.gnu-tools-for-stm32.12.3.rel1.win32_1.0.200.202406191623/tools/bin/../lib/gcc/arm-none-eabi/12.3.1/../../../../arm-none-eabi/lib/thumb/v7e-m+fp/hard\libc_nano.a(libc_a-findfp.o)
 .text.global_stdio_init.part.0
                0x080063fc       0x3c C:/ST/STM32CubeIDE_1.16.0/STM32CubeIDE/plugins/com.st.stm32cube.ide.mcu.externaltools.gnu-tools-for-stm32.12.3.rel1.win32_1.0.200.202406191623/tools/bin/../lib/gcc/arm-none-eabi/12.3.1/../../../../arm-none-eabi/lib/thumb/v7e-m+fp/hard\libc_nano.a(libc_a-findfp.o)
 .text.__sfp_lock_acquire
                0x08006438        0xc C:/ST/STM32CubeIDE_1.16.0/STM32CubeIDE/plugins/com.st.stm32cube.ide.mcu.externaltools.gnu-tools-for-stm32.12.3.rel1.win32_1.0.200.202406191623/tools/bin/../lib/gcc/arm-none-eabi/12.3.1/../../../../arm-none-eabi/lib/thumb/v7e-m+fp/hard\libc_nano.a(libc_a-findfp.o)
                0x08006438                __sfp_lock_acquire
 .text.__sfp_lock_release
                0x08006444        0xc C:/ST/STM32CubeIDE_1.16.0/STM32CubeIDE/plugins/com.st.stm32cube.ide.mcu.externaltools.gnu-tools-for-stm32.12.3.rel1.win32_1.0.200.202406191623/tools/bin/../lib/gcc/arm-none-eabi/12.3.1/../../../../arm-none-eabi/lib/thumb/v7e-m+fp/hard\libc_nano.a(libc_a-findfp.o)
                0x08006444                __sfp_lock_release
 .text.__sinit  0x08006450       0x30 C:/ST/STM32CubeIDE_1.16.0/STM32CubeIDE/plugins/com.st.stm32cube.ide.mcu.externaltools.gnu-tools-for-stm32.12.3.rel1.win32_1.0.200.202406191623/tools/bin/../lib/gcc/arm-none-eabi/12.3.1/../../../../arm-none-eabi/lib/thumb/v7e-m+fp/hard\libc_nano.a(libc_a-findfp.o)
                0x08006450                __sinit
 .text.fprintf  0x08006480       0x24 C:/ST/STM32CubeIDE_1.16.0/STM32CubeIDE/plugins/com.st.stm32cube.ide.mcu.externaltools.gnu-tools-for-stm32.12.3.rel1.win32_1.0.200.202406191623/tools/bin/../lib/gcc/arm-none-eabi/12.3.1/../../../../arm-none-eabi/lib/thumb/v7e-m+fp/hard\libc_nano.a(libc_a-fprintf.o)
                0x08006480                fiprintf
                0x08006480                fprintf
 .text._fwalk_sglue
                0x080064a4       0x3c C:/ST/STM32CubeIDE_1.16.0/STM32CubeIDE/plugins/com.st.stm32cube.ide.mcu.externaltools.gnu-tools-for-stm32.12.3.rel1.win32_1.0.200.202406191623/tools/bin/../lib/gcc/arm-none-eabi/12.3.1/../../../../arm-none-eabi/lib/thumb/v7e-m+fp/hard\libc_nano.a(libc_a-fwalk.o)
                0x080064a4                _fwalk_sglue
 .text.__sread  0x080064e0       0x22 C:/ST/STM32CubeIDE_1.16.0/STM32CubeIDE/plugins/com.st.stm32cube.ide.mcu.externaltools.gnu-tools-for-stm32.12.3.rel1.win32_1.0.200.202406191623/tools/bin/../lib/gcc/arm-none-eabi/12.3.1/../../../../arm-none-eabi/lib/thumb/v7e-m+fp/hard\libc_nano.a(libc_a-stdio.o)
                0x080064e0                __sread
 .text.__swrite
                0x08006502       0x38 C:/ST/STM32CubeIDE_1.16.0/STM32CubeIDE/plugins/com.st.stm32cube.ide.mcu.externaltools.gnu-tools-for-stm32.12.3.rel1.win32_1.0.200.202406191623/tools/bin/../lib/gcc/arm-none-eabi/12.3.1/../../../../arm-none-eabi/lib/thumb/v7e-m+fp/hard\libc_nano.a(libc_a-stdio.o)
                0x08006502                __swrite
 .text.__sseek  0x0800653a       0x24 C:/ST/STM32CubeIDE_1.16.0/STM32CubeIDE/plugins/com.st.stm32cube.ide.mcu.externaltools.gnu-tools-for-stm32.12.3.rel1.win32_1.0.200.202406191623/tools/bin/../lib/gcc/arm-none-eabi/12.3.1/../../../../arm-none-eabi/lib/thumb/v7e-m+fp/hard\libc_nano.a(libc_a-stdio.o)
                0x0800653a                __sseek
 .text.__sclose
                0x0800655e        0x8 C:/ST/STM32CubeIDE_1.16.0/STM32CubeIDE/plugins/com.st.stm32cube.ide.mcu.externaltools.gnu-tools-for-stm32.12.3.rel1.win32_1.0.200.202406191623/tools/bin/../lib/gcc/arm-none-eabi/12.3.1/../../../../arm-none-eabi/lib/thumb/v7e-m+fp/hard\libc_nano.a(libc_a-stdio.o)
                0x0800655e                __sclose
 .text.memmove  0x08006566       0x34 C:/ST/STM32CubeIDE_1.16.0/STM32CubeIDE/plugins/com.st.stm32cube.ide.mcu.externaltools.gnu-tools-for-stm32.12.3.rel1.win32_1.0.200.202406191623/tools/bin/../lib/gcc/arm-none-eabi/12.3.1/../../../../arm-none-eabi/lib/thumb/v7e-m+fp/hard\libc_nano.a(libc_a-memmove.o)
                0x08006566                memmove
 .text.memset   0x0800659a       0x10 C:/ST/STM32CubeIDE_1.16.0/STM32CubeIDE/plugins/com.st.stm32cube.ide.mcu.externaltools.gnu-tools-for-stm32.12.3.rel1.win32_1.0.200.202406191623/tools/bin/../lib/gcc/arm-none-eabi/12.3.1/../../../../arm-none-eabi/lib/thumb/v7e-m+fp/hard\libc_nano.a(libc_a-memset.o)
                0x0800659a                memset
 *fill*         0x080065aa        0x2 
 .text._close_r
                0x080065ac       0x20 C:/ST/STM32CubeIDE_1.16.0/STM32CubeIDE/plugins/com.st.stm32cube.ide.mcu.externaltools.gnu-tools-for-stm32.12.3.rel1.win32_1.0.200.202406191623/tools/bin/../lib/gcc/arm-none-eabi/12.3.1/../../../../arm-none-eabi/lib/thumb/v7e-m+fp/hard\libc_nano.a(libc_a-closer.o)
                0x080065ac                _close_r
 .text._lseek_r
                0x080065cc       0x24 C:/ST/STM32CubeIDE_1.16.0/STM32CubeIDE/plugins/com.st.stm32cube.ide.mcu.externaltools.gnu-tools-for-stm32.12.3.rel1.win32_1.0.200.202406191623/tools/bin/../lib/gcc/arm-none-eabi/12.3.1/../../../../arm-none-eabi/lib/thumb/v7e-m+fp/hard\libc_nano.a(libc_a-lseekr.o)
                0x080065cc                _lseek_r
 .text._read_r  0x080065f0       0x24 C:/ST/STM32CubeIDE_1.16.0/STM32CubeIDE/plugins/com.st.stm32cube.ide.mcu.externaltools.gnu-tools-for-stm32.12.3.rel1.win32_1.0.200.202406191623/tools/bin/../lib/gcc/arm-none-eabi/12.3.1/../../../../arm-none-eabi/lib/thumb/v7e-m+fp/hard\libc_nano.a(libc_a-readr.o)
                0x080065f0                _read_r
 .text._sbrk_r  0x08006614       0x20 C:/ST/STM32CubeIDE_1.16.0/STM32CubeIDE/plugins/com.st.stm32cube.ide.mcu.externaltools.gnu-tools-for-stm32.12.3.rel1.win32_1.0.200.202406191623/tools/bin/../lib/gcc/arm-none-eabi/12.3.1/../../../../arm-none-eabi/lib/thumb/v7e-m+fp/hard\libc_nano.a(libc_a-sbrkr.o)
                0x08006614                _sbrk_r
 .text._write_r
                0x08006634       0x24 C:/ST/STM32CubeIDE_1.16.0/STM32CubeIDE/plugins/com.st.stm32cube.ide.mcu.externaltools.gnu-tools-for-stm32.12.3.rel1.win32_1.0.200.202406191623/tools/bin/../lib/gcc/arm-none-eabi/12.3.1/../../../../arm-none-eabi/lib/thumb/v7e-m+fp/hard\libc_nano.a(libc_a-writer.o)
                0x08006634                _write_r
 .text.__errno  0x08006658        0xc C:/ST/STM32CubeIDE_1.16.0/STM32CubeIDE/plugins/com.st.stm32cube.ide.mcu.externaltools.gnu-tools-for-stm32.12.3.rel1.win32_1.0.200.202406191623/tools/bin/../lib/gcc/arm-none-eabi/12.3.1/../../../../arm-none-eabi/lib/thumb/v7e-m+fp/hard\libc_nano.a(libc_a-errno.o)
                0x08006658                __errno
 .text.__libc_init_array
                0x08006664       0x48 C:/ST/STM32CubeIDE_1.16.0/STM32CubeIDE/plugins/com.st.stm32cube.ide.mcu.externaltools.gnu-tools-for-stm32.12.3.rel1.win32_1.0.200.202406191623/tools/bin/../lib/gcc/arm-none-eabi/12.3.1/../../../../arm-none-eabi/lib/thumb/v7e-m+fp/hard\libc_nano.a(libc_a-init.o)
                0x08006664                __libc_init_array
 .text.__retarget_lock_init_recursive
                0x080066ac        0x2 C:/ST/STM32CubeIDE_1.16.0/STM32CubeIDE/plugins/com.st.stm32cube.ide.mcu.externaltools.gnu-tools-for-stm32.12.3.rel1.win32_1.0.200.202406191623/tools/bin/../lib/gcc/arm-none-eabi/12.3.1/../../../../arm-none-eabi/lib/thumb/v7e-m+fp/hard\libc_nano.a(libc_a-lock.o)
                0x080066ac                __retarget_lock_init_recursive
 .text.__retarget_lock_acquire_recursive
                0x080066ae        0x2 C:/ST/STM32CubeIDE_1.16.0/STM32CubeIDE/plugins/com.st.stm32cube.ide.mcu.externaltools.gnu-tools-for-stm32.12.3.rel1.win32_1.0.200.202406191623/tools/bin/../lib/gcc/arm-none-eabi/12.3.1/../../../../arm-none-eabi/lib/thumb/v7e-m+fp/hard\libc_nano.a(libc_a-lock.o)
                0x080066ae                __retarget_lock_acquire_recursive
 .text.__retarget_lock_release_recursive
                0x080066b0        0x2 C:/ST/STM32CubeIDE_1.16.0/STM32CubeIDE/plugins/com.st.stm32cube.ide.mcu.externaltools.gnu-tools-for-stm32.12.3.rel1.win32_1.0.200.202406191623/tools/bin/../lib/gcc/arm-none-eabi/12.3.1/../../../../arm-none-eabi/lib/thumb/v7e-m+fp/hard\libc_nano.a(libc_a-lock.o)
                0x080066b0                __retarget_lock_release_recursive
 .text.memcpy   0x080066b2       0x1c C:/ST/STM32CubeIDE_1.16.0/STM32CubeIDE/plugins/com.st.stm32cube.ide.mcu.externaltools.gnu-tools-for-stm32.12.3.rel1.win32_1.0.200.202406191623/tools/bin/../lib/gcc/arm-none-eabi/12.3.1/../../../../arm-none-eabi/lib/thumb/v7e-m+fp/hard\libc_nano.a(libc_a-memcpy-stub.o)
                0x080066b2                memcpy
 .text.abort    0x080066ce        0xe C:/ST/STM32CubeIDE_1.16.0/STM32CubeIDE/plugins/com.st.stm32cube.ide.mcu.externaltools.gnu-tools-for-stm32.12.3.rel1.win32_1.0.200.202406191623/tools/bin/../lib/gcc/arm-none-eabi/12.3.1/../../../../arm-none-eabi/lib/thumb/v7e-m+fp/hard\libc_nano.a(libc_a-abort.o)
                0x080066ce                abort
 .text._free_r  0x080066dc       0x94 C:/ST/STM32CubeIDE_1.16.0/STM32CubeIDE/plugins/com.st.stm32cube.ide.mcu.externaltools.gnu-tools-for-stm32.12.3.rel1.win32_1.0.200.202406191623/tools/bin/../lib/gcc/arm-none-eabi/12.3.1/../../../../arm-none-eabi/lib/thumb/v7e-m+fp/hard\libc_nano.a(libc_a-freer.o)
                0x080066dc                _free_r
 .text.__sfputc_r
                0x08006770       0x2e C:/ST/STM32CubeIDE_1.16.0/STM32CubeIDE/plugins/com.st.stm32cube.ide.mcu.externaltools.gnu-tools-for-stm32.12.3.rel1.win32_1.0.200.202406191623/tools/bin/../lib/gcc/arm-none-eabi/12.3.1/../../../../arm-none-eabi/lib/thumb/v7e-m+fp/hard\libc_nano.a(libc_a-nano-vfprintf.o)
 .text.__sfputs_r
                0x0800679e       0x24 C:/ST/STM32CubeIDE_1.16.0/STM32CubeIDE/plugins/com.st.stm32cube.ide.mcu.externaltools.gnu-tools-for-stm32.12.3.rel1.win32_1.0.200.202406191623/tools/bin/../lib/gcc/arm-none-eabi/12.3.1/../../../../arm-none-eabi/lib/thumb/v7e-m+fp/hard\libc_nano.a(libc_a-nano-vfprintf.o)
                0x0800679e                __sfputs_r
 *fill*         0x080067c2        0x2 
 .text._vfprintf_r
                0x080067c4      0x230 C:/ST/STM32CubeIDE_1.16.0/STM32CubeIDE/plugins/com.st.stm32cube.ide.mcu.externaltools.gnu-tools-for-stm32.12.3.rel1.win32_1.0.200.202406191623/tools/bin/../lib/gcc/arm-none-eabi/12.3.1/../../../../arm-none-eabi/lib/thumb/v7e-m+fp/hard\libc_nano.a(libc_a-nano-vfprintf.o)
                0x080067c4                _vfprintf_r
                0x080067c4                _vfiprintf_r
 .text._printf_common
                0x080069f4       0xda C:/ST/STM32CubeIDE_1.16.0/STM32CubeIDE/plugins/com.st.stm32cube.ide.mcu.externaltools.gnu-tools-for-stm32.12.3.rel1.win32_1.0.200.202406191623/tools/bin/../lib/gcc/arm-none-eabi/12.3.1/../../../../arm-none-eabi/lib/thumb/v7e-m+fp/hard\libc_nano.a(libc_a-nano-vfprintf_i.o)
                0x080069f4                _printf_common
 *fill*         0x08006ace        0x2 
 .text._printf_i
                0x08006ad0      0x240 C:/ST/STM32CubeIDE_1.16.0/STM32CubeIDE/plugins/com.st.stm32cube.ide.mcu.externaltools.gnu-tools-for-stm32.12.3.rel1.win32_1.0.200.202406191623/tools/bin/../lib/gcc/arm-none-eabi/12.3.1/../../../../arm-none-eabi/lib/thumb/v7e-m+fp/hard\libc_nano.a(libc_a-nano-vfprintf_i.o)
                0x08006ad0                _printf_i
 .text.__sflush_r
                0x08006d10      0x108 C:/ST/STM32CubeIDE_1.16.0/STM32CubeIDE/plugins/com.st.stm32cube.ide.mcu.externaltools.gnu-tools-for-stm32.12.3.rel1.win32_1.0.200.202406191623/tools/bin/../lib/gcc/arm-none-eabi/12.3.1/../../../../arm-none-eabi/lib/thumb/v7e-m+fp/hard\libc_nano.a(libc_a-fflush.o)
                0x08006d10                __sflush_r
 .text._fflush_r
                0x08006e18       0x50 C:/ST/STM32CubeIDE_1.16.0/STM32CubeIDE/plugins/com.st.stm32cube.ide.mcu.externaltools.gnu-tools-for-stm32.12.3.rel1.win32_1.0.200.202406191623/tools/bin/../lib/gcc/arm-none-eabi/12.3.1/../../../../arm-none-eabi/lib/thumb/v7e-m+fp/hard\libc_nano.a(libc_a-fflush.o)
                0x08006e18                _fflush_r
 .text.__swbuf_r
                0x08006e68       0x7c C:/ST/STM32CubeIDE_1.16.0/STM32CubeIDE/plugins/com.st.stm32cube.ide.mcu.externaltools.gnu-tools-for-stm32.12.3.rel1.win32_1.0.200.202406191623/tools/bin/../lib/gcc/arm-none-eabi/12.3.1/../../../../arm-none-eabi/lib/thumb/v7e-m+fp/hard\libc_nano.a(libc_a-wbuf.o)
                0x08006e68                __swbuf_r
 .text.__swsetup_r
                0x08006ee4       0xac C:/ST/STM32CubeIDE_1.16.0/STM32CubeIDE/plugins/com.st.stm32cube.ide.mcu.externaltools.gnu-tools-for-stm32.12.3.rel1.win32_1.0.200.202406191623/tools/bin/../lib/gcc/arm-none-eabi/12.3.1/../../../../arm-none-eabi/lib/thumb/v7e-m+fp/hard\libc_nano.a(libc_a-wsetup.o)
                0x08006ee4                __swsetup_r
 .text._raise_r
                0x08006f90       0x50 C:/ST/STM32CubeIDE_1.16.0/STM32CubeIDE/plugins/com.st.stm32cube.ide.mcu.externaltools.gnu-tools-for-stm32.12.3.rel1.win32_1.0.200.202406191623/tools/bin/../lib/gcc/arm-none-eabi/12.3.1/../../../../arm-none-eabi/lib/thumb/v7e-m+fp/hard\libc_nano.a(libc_a-signal.o)
                0x08006f90                _raise_r
 .text.raise    0x08006fe0       0x10 C:/ST/STM32CubeIDE_1.16.0/STM32CubeIDE/plugins/com.st.stm32cube.ide.mcu.externaltools.gnu-tools-for-stm32.12.3.rel1.win32_1.0.200.202406191623/tools/bin/../lib/gcc/arm-none-eabi/12.3.1/../../../../arm-none-eabi/lib/thumb/v7e-m+fp/hard\libc_nano.a(libc_a-signal.o)
                0x08006fe0                raise
 .text._kill_r  0x08006ff0       0x24 C:/ST/STM32CubeIDE_1.16.0/STM32CubeIDE/plugins/com.st.stm32cube.ide.mcu.externaltools.gnu-tools-for-stm32.12.3.rel1.win32_1.0.200.202406191623/tools/bin/../lib/gcc/arm-none-eabi/12.3.1/../../../../arm-none-eabi/lib/thumb/v7e-m+fp/hard\libc_nano.a(libc_a-signalr.o)
                0x08006ff0                _kill_r
 .text._getpid_r
                0x08007014        0x4 C:/ST/STM32CubeIDE_1.16.0/STM32CubeIDE/plugins/com.st.stm32cube.ide.mcu.externaltools.gnu-tools-for-stm32.12.3.rel1.win32_1.0.200.202406191623/tools/bin/../lib/gcc/arm-none-eabi/12.3.1/../../../../arm-none-eabi/lib/thumb/v7e-m+fp/hard\libc_nano.a(libc_a-signalr.o)
                0x08007014                _getpid_r
 .text.__swhatbuf_r
                0x08007018       0x4c C:/ST/STM32CubeIDE_1.16.0/STM32CubeIDE/plugins/com.st.stm32cube.ide.mcu.externaltools.gnu-tools-for-stm32.12.3.rel1.win32_1.0.200.202406191623/tools/bin/../lib/gcc/arm-none-eabi/12.3.1/../../../../arm-none-eabi/lib/thumb/v7e-m+fp/hard\libc_nano.a(libc_a-makebuf.o)
                0x08007018                __swhatbuf_r
 .text.__smakebuf_r
                0x08007064       0x78 C:/ST/STM32CubeIDE_1.16.0/STM32CubeIDE/plugins/com.st.stm32cube.ide.mcu.externaltools.gnu-tools-for-stm32.12.3.rel1.win32_1.0.200.202406191623/tools/bin/../lib/gcc/arm-none-eabi/12.3.1/../../../../arm-none-eabi/lib/thumb/v7e-m+fp/hard\libc_nano.a(libc_a-makebuf.o)
                0x08007064                __smakebuf_r
 .text._fstat_r
                0x080070dc       0x24 C:/ST/STM32CubeIDE_1.16.0/STM32CubeIDE/plugins/com.st.stm32cube.ide.mcu.externaltools.gnu-tools-for-stm32.12.3.rel1.win32_1.0.200.202406191623/tools/bin/../lib/gcc/arm-none-eabi/12.3.1/../../../../arm-none-eabi/lib/thumb/v7e-m+fp/hard\libc_nano.a(libc_a-fstatr.o)
                0x080070dc                _fstat_r
 .text._isatty_r
                0x08007100       0x20 C:/ST/STM32CubeIDE_1.16.0/STM32CubeIDE/plugins/com.st.stm32cube.ide.mcu.externaltools.gnu-tools-for-stm32.12.3.rel1.win32_1.0.200.202406191623/tools/bin/../lib/gcc/arm-none-eabi/12.3.1/../../../../arm-none-eabi/lib/thumb/v7e-m+fp/hard\libc_nano.a(libc_a-isattyr.o)
                0x08007100                _isatty_r
 *(.glue_7)
 .glue_7        0x08007120        0x0 linker stubs
 *(.glue_7t)
 .glue_7t       0x08007120        0x0 linker stubs
 *(.eh_frame)
 .eh_frame      0x08007120        0x0 C:/ST/STM32CubeIDE_1.16.0/STM32CubeIDE/plugins/com.st.stm32cube.ide.mcu.externaltools.gnu-tools-for-stm32.12.3.rel1.win32_1.0.200.202406191623/tools/bin/../lib/gcc/arm-none-eabi/12.3.1/thumb/v7e-m+fp/hard/crtbegin.o
 *(.init)
 .init          0x08007120        0x4 C:/ST/STM32CubeIDE_1.16.0/STM32CubeIDE/plugins/com.st.stm32cube.ide.mcu.externaltools.gnu-tools-for-stm32.12.3.rel1.win32_1.0.200.202406191623/tools/bin/../lib/gcc/arm-none-eabi/12.3.1/thumb/v7e-m+fp/hard/crti.o
                0x08007120                _init
 .init          0x08007124        0x8 C:/ST/STM32CubeIDE_1.16.0/STM32CubeIDE/plugins/com.st.stm32cube.ide.mcu.externaltools.gnu-tools-for-stm32.12.3.rel1.win32_1.0.200.202406191623/tools/bin/../lib/gcc/arm-none-eabi/12.3.1/thumb/v7e-m+fp/hard/crtn.o
 *(.fini)
 .fini          0x0800712c        0x4 C:/ST/STM32CubeIDE_1.16.0/STM32CubeIDE/plugins/com.st.stm32cube.ide.mcu.externaltools.gnu-tools-for-stm32.12.3.rel1.win32_1.0.200.202406191623/tools/bin/../lib/gcc/arm-none-eabi/12.3.1/thumb/v7e-m+fp/hard/crti.o
                0x0800712c                _fini
 .fini          0x08007130        0x8 C:/ST/STM32CubeIDE_1.16.0/STM32CubeIDE/plugins/com.st.stm32cube.ide.mcu.externaltools.gnu-tools-for-stm32.12.3.rel1.win32_1.0.200.202406191623/tools/bin/../lib/gcc/arm-none-eabi/12.3.1/thumb/v7e-m+fp/hard/crtn.o
                0x08007138                        . = ALIGN (0x4)
                0x08007138                        _etext = .

.vfp11_veneer   0x08007138        0x0
 .vfp11_veneer  0x08007138        0x0 linker stubs

.v4_bx          0x08007138        0x0
 .v4_bx         0x08007138        0x0 linker stubs

.iplt           0x08007138        0x0
 .iplt          0x08007138        0x0 C:/ST/STM32CubeIDE_1.16.0/STM32CubeIDE/plugins/com.st.stm32cube.ide.mcu.externaltools.gnu-tools-for-stm32.12.3.rel1.win32_1.0.200.202406191623/tools/bin/../lib/gcc/arm-none-eabi/12.3.1/thumb/v7e-m+fp/hard/crtbegin.o

.rodata         0x08007138     0x1650
                0x08007138                        . = ALIGN (0x4)
 *(.rodata)
 .rodata        0x08007138      0x586 ./Core/Src/main.o
 *fill*         0x080076be        0x2 
 .rodata        0x080076c0      0xa58 ./libcanard/canard.o
 *(.rodata*)
 .rodata.__func__.7
                0x08008118       0x25 ./Core/Src/main.o
 *fill*         0x0800813d        0x3 
 .rodata.__func__.6
                0x08008140       0x22 ./Core/Src/main.o
 *fill*         0x08008162        0x2 
 .rodata.__func__.5
                0x08008164       0x20 ./Core/Src/main.o
 .rodata.__func__.4
                0x08008184        0xe ./Core/Src/main.o
 *fill*         0x08008192        0x2 
 .rodata.__func__.3
                0x08008194       0x10 ./Core/Src/main.o
 .rodata.__func__.2
                0x080081a4       0x2f ./Core/Src/main.o
 *fill*         0x080081d3        0x1 
 .rodata.__func__.1
                0x080081d4        0xf ./Core/Src/main.o
 *fill*         0x080081e3        0x1 
 .rodata.__func__.0
                0x080081e4       0x30 ./Core/Src/main.o
 .rodata.AHBPrescTable
                0x08008214       0x10 ./Core/Src/system_stm32l4xx.o
                0x08008214                AHBPrescTable
 .rodata.MSIRangeTable
                0x08008224       0x30 ./Core/Src/system_stm32l4xx.o
                0x08008224                MSIRangeTable
 .rodata.CRCTable
                0x08008254      0x200 ./libcanard/canard.o
 .rodata.CanardCANDLCToLength
                0x08008454       0x10 ./libcanard/canard.o
                0x08008454                CanardCANDLCToLength
 .rodata.CanardCANLengthToDLC
                0x08008464       0x41 ./libcanard/canard.o
                0x08008464                CanardCANLengthToDLC
 *fill*         0x080084a5        0x3 
 .rodata.__func__.31
                0x080084a8        0xb ./libcanard/canard.o
 *fill*         0x080084b3        0x1 
 .rodata.__func__.30
                0x080084b4        0xd ./libcanard/canard.o
 *fill*         0x080084c1        0x3 
 .rodata.__func__.29
                0x080084c4        0xc ./libcanard/canard.o
 .rodata.__func__.28
                0x080084d0        0x7 ./libcanard/canard.o
 *fill*         0x080084d7        0x1 
 .rodata.__func__.27
                0x080084d8       0x1e ./libcanard/canard.o
 *fill*         0x080084f6        0x2 
 .rodata.__func__.26
                0x080084f8       0x1e ./libcanard/canard.o
 *fill*         0x08008516        0x2 
 .rodata.__func__.25
                0x08008518       0x12 ./libcanard/canard.o
 *fill*         0x0800852a        0x2 
 .rodata.__func__.24
                0x0800852c        0xf ./libcanard/canard.o
 *fill*         0x0800853b        0x1 
 .rodata.__func__.23
                0x0800853c       0x1a ./libcanard/canard.o
 *fill*         0x08008556        0x2 
 .rodata.__func__.22
                0x08008558       0x14 ./libcanard/canard.o
 .rodata.__func__.21
                0x0800856c        0xf ./libcanard/canard.o
 *fill*         0x0800857b        0x1 
 .rodata.__func__.20
                0x0800857c        0xb ./libcanard/canard.o
 *fill*         0x08008587        0x1 
 .rodata.__func__.19
                0x08008588       0x1b ./libcanard/canard.o
 *fill*         0x080085a3        0x1 
 .rodata.__func__.18
                0x080085a4       0x19 ./libcanard/canard.o
 *fill*         0x080085bd        0x3 
 .rodata.__func__.17
                0x080085c0       0x12 ./libcanard/canard.o
 *fill*         0x080085d2        0x2 
 .rodata.__func__.16
                0x080085d4       0x11 ./libcanard/canard.o
 *fill*         0x080085e5        0x3 
 .rodata.__func__.15
                0x080085e8       0x1a ./libcanard/canard.o
 *fill*         0x08008602        0x2 
 .rodata.__func__.14
                0x08008604        0xb ./libcanard/canard.o
 *fill*         0x0800860f        0x1 
 .rodata.__func__.13
                0x08008610        0xf ./libcanard/canard.o
 *fill*         0x0800861f        0x1 
 .rodata.NegPos.12
                0x08008620        0x2 ./libcanard/canard.o
 *fill*         0x08008622        0x2 
 .rodata.__func__.11
                0x08008624       0x10 ./libcanard/canard.o
 .rodata.__func__.10
                0x08008634        0xe ./libcanard/canard.o
 *fill*         0x08008642        0x2 
 .rodata.__func__.9
                0x08008644       0x10 ./libcanard/canard.o
 .rodata.__func__.8
                0x08008654       0x15 ./libcanard/canard.o
 *fill*         0x08008669        0x3 
 .rodata.__func__.7
                0x0800866c       0x1e ./libcanard/canard.o
 *fill*         0x0800868a        0x2 
 .rodata.__func__.6
                0x0800868c       0x15 ./libcanard/canard.o
 *fill*         0x080086a1        0x3 
 .rodata.__func__.5
                0x080086a4       0x16 ./libcanard/canard.o
 *fill*         0x080086ba        0x2 
 .rodata.__func__.4
                0x080086bc       0x11 ./libcanard/canard.o
 *fill*         0x080086cd        0x3 
 .rodata.__func__.3
                0x080086d0       0x20 ./libcanard/canard.o
 .rodata.__func__.2
                0x080086f0       0x12 ./libcanard/canard.o
 *fill*         0x08008702        0x2 
 .rodata.__func__.1
                0x08008704       0x14 ./libcanard/canard.o
 .rodata.__assert_func.str1.1
                0x08008718       0x3c C:/ST/STM32CubeIDE_1.16.0/STM32CubeIDE/plugins/com.st.stm32cube.ide.mcu.externaltools.gnu-tools-for-stm32.12.3.rel1.win32_1.0.200.202406191623/tools/bin/../lib/gcc/arm-none-eabi/12.3.1/../../../../arm-none-eabi/lib/thumb/v7e-m+fp/hard\libc_nano.a(libc_a-assert.o)
                                 0x3d (size before relaxing)
 .rodata._vfprintf_r.str1.1
                0x08008754       0x11 C:/ST/STM32CubeIDE_1.16.0/STM32CubeIDE/plugins/com.st.stm32cube.ide.mcu.externaltools.gnu-tools-for-stm32.12.3.rel1.win32_1.0.200.202406191623/tools/bin/../lib/gcc/arm-none-eabi/12.3.1/../../../../arm-none-eabi/lib/thumb/v7e-m+fp/hard\libc_nano.a(libc_a-nano-vfprintf.o)
 .rodata._printf_i.str1.1
                0x08008765       0x22 C:/ST/STM32CubeIDE_1.16.0/STM32CubeIDE/plugins/com.st.stm32cube.ide.mcu.externaltools.gnu-tools-for-stm32.12.3.rel1.win32_1.0.200.202406191623/tools/bin/../lib/gcc/arm-none-eabi/12.3.1/../../../../arm-none-eabi/lib/thumb/v7e-m+fp/hard\libc_nano.a(libc_a-nano-vfprintf_i.o)
                0x08008788                        . = ALIGN (0x4)
 *fill*         0x08008787        0x1 

.ARM.extab      0x08008788        0x0
                0x08008788                        . = ALIGN (0x4)
 *(.ARM.extab* .gnu.linkonce.armextab.*)
                0x08008788                        . = ALIGN (0x4)

.ARM            0x08008788        0x8
                0x08008788                        . = ALIGN (0x4)
                0x08008788                        __exidx_start = .
 *(.ARM.exidx*)
 .ARM.exidx     0x08008788        0x8 C:/ST/STM32CubeIDE_1.16.0/STM32CubeIDE/plugins/com.st.stm32cube.ide.mcu.externaltools.gnu-tools-for-stm32.12.3.rel1.win32_1.0.200.202406191623/tools/bin/../lib/gcc/arm-none-eabi/12.3.1/../../../../arm-none-eabi/lib/thumb/v7e-m+fp/hard\libc_nano.a(libc_a-memchr.o)
                0x08008790                        __exidx_end = .
                0x08008790                        . = ALIGN (0x4)

.preinit_array  0x08008790        0x0
                0x08008790                        . = ALIGN (0x4)
                0x08008790                        PROVIDE (__preinit_array_start = .)
 *(.preinit_array*)
                0x08008790                        PROVIDE (__preinit_array_end = .)
                0x08008790                        . = ALIGN (0x4)

.init_array     0x08008790        0x4
                0x08008790                        . = ALIGN (0x4)
                0x08008790                        PROVIDE (__init_array_start = .)
 *(SORT_BY_NAME(.init_array.*))
 *(.init_array*)
 .init_array    0x08008790        0x4 C:/ST/STM32CubeIDE_1.16.0/STM32CubeIDE/plugins/com.st.stm32cube.ide.mcu.externaltools.gnu-tools-for-stm32.12.3.rel1.win32_1.0.200.202406191623/tools/bin/../lib/gcc/arm-none-eabi/12.3.1/thumb/v7e-m+fp/hard/crtbegin.o
                0x08008794                        PROVIDE (__init_array_end = .)
                0x08008794                        . = ALIGN (0x4)

.fini_array     0x08008794        0x4
                0x08008794                        . = ALIGN (0x4)
                [!provide]                        PROVIDE (__fini_array_start = .)
 *(SORT_BY_NAME(.fini_array.*))
 *(.fini_array*)
 .fini_array    0x08008794        0x4 C:/ST/STM32CubeIDE_1.16.0/STM32CubeIDE/plugins/com.st.stm32cube.ide.mcu.externaltools.gnu-tools-for-stm32.12.3.rel1.win32_1.0.200.202406191623/tools/bin/../lib/gcc/arm-none-eabi/12.3.1/thumb/v7e-m+fp/hard/crtbegin.o
                [!provide]                        PROVIDE (__fini_array_end = .)
                0x08008798                        . = ALIGN (0x4)
                0x08008798                        _sidata = LOADADDR (.data)

.rel.dyn        0x08008798        0x0
 .rel.iplt      0x08008798        0x0 C:/ST/STM32CubeIDE_1.16.0/STM32CubeIDE/plugins/com.st.stm32cube.ide.mcu.externaltools.gnu-tools-for-stm32.12.3.rel1.win32_1.0.200.202406191623/tools/bin/../lib/gcc/arm-none-eabi/12.3.1/thumb/v7e-m+fp/hard/crtbegin.o

.data           0x20000000       0x70 load address 0x08008798
                0x20000000                        . = ALIGN (0x4)
                0x20000000                        _sdata = .
 *(.data)
 *(.data*)
 .data.hbeat_ser_buf_size
                0x20000000        0x4 ./Core/Src/main.o
                0x20000000                hbeat_ser_buf_size
 .data.my_response_ser_buf_size
                0x20000004        0x4 ./Core/Src/main.o
                0x20000004                my_response_ser_buf_size
 .data.SystemCoreClock
                0x20000008        0x4 ./Core/Src/system_stm32l4xx.o
                0x20000008                SystemCoreClock
 .data.uwTickPrio
                0x2000000c        0x4 ./Drivers/STM32L4xx_HAL_Driver/Src/stm32l4xx_hal.o
                0x2000000c                uwTickPrio
 .data.uwTickFreq
                0x20000010        0x1 ./Drivers/STM32L4xx_HAL_Driver/Src/stm32l4xx_hal.o
                0x20000010                uwTickFreq
 *fill*         0x20000011        0x3 
 .data.__sglue  0x20000014        0xc C:/ST/STM32CubeIDE_1.16.0/STM32CubeIDE/plugins/com.st.stm32cube.ide.mcu.externaltools.gnu-tools-for-stm32.12.3.rel1.win32_1.0.200.202406191623/tools/bin/../lib/gcc/arm-none-eabi/12.3.1/../../../../arm-none-eabi/lib/thumb/v7e-m+fp/hard\libc_nano.a(libc_a-findfp.o)
                0x20000014                __sglue
 .data._impure_ptr
                0x20000020        0x4 C:/ST/STM32CubeIDE_1.16.0/STM32CubeIDE/plugins/com.st.stm32cube.ide.mcu.externaltools.gnu-tools-for-stm32.12.3.rel1.win32_1.0.200.202406191623/tools/bin/../lib/gcc/arm-none-eabi/12.3.1/../../../../arm-none-eabi/lib/thumb/v7e-m+fp/hard\libc_nano.a(libc_a-impure.o)
                0x20000020                _impure_ptr
 .data._impure_data
                0x20000024       0x4c C:/ST/STM32CubeIDE_1.16.0/STM32CubeIDE/plugins/com.st.stm32cube.ide.mcu.externaltools.gnu-tools-for-stm32.12.3.rel1.win32_1.0.200.202406191623/tools/bin/../lib/gcc/arm-none-eabi/12.3.1/../../../../arm-none-eabi/lib/thumb/v7e-m+fp/hard\libc_nano.a(libc_a-impure.o)
                0x20000024                _impure_data
 *(.RamFunc)
 *(.RamFunc*)
                0x20000070                        . = ALIGN (0x4)
                0x20000070                        _edata = .

.igot.plt       0x20000070        0x0 load address 0x08008808
 .igot.plt      0x20000070        0x0 C:/ST/STM32CubeIDE_1.16.0/STM32CubeIDE/plugins/com.st.stm32cube.ide.mcu.externaltools.gnu-tools-for-stm32.12.3.rel1.win32_1.0.200.202406191623/tools/bin/../lib/gcc/arm-none-eabi/12.3.1/thumb/v7e-m+fp/hard/crtbegin.o
                0x20000070                        . = ALIGN (0x4)

.bss            0x20000070      0x85c load address 0x08008808
                0x20000070                        _sbss = .
                0x20000070                        __bss_start__ = _sbss
 *(.bss)
 .bss           0x20000070       0x1c C:/ST/STM32CubeIDE_1.16.0/STM32CubeIDE/plugins/com.st.stm32cube.ide.mcu.externaltools.gnu-tools-for-stm32.12.3.rel1.win32_1.0.200.202406191623/tools/bin/../lib/gcc/arm-none-eabi/12.3.1/thumb/v7e-m+fp/hard/crtbegin.o
 *(.bss*)
 .bss.hcan1     0x2000008c       0x28 ./Core/Src/main.o
                0x2000008c                hcan1
 .bss.canard    0x200000b4       0x1c ./Core/Src/main.o
                0x200000b4                canard
 .bss.queue     0x200000d0       0x14 ./Core/Src/main.o
                0x200000d0                queue
 .bss.my_heartbeat_transfer_id
                0x200000e4        0x1 ./Core/Src/main.o
 .bss.my_response_transfer_id
                0x200000e5        0x1 ./Core/Src/main.o
 *fill*         0x200000e6        0x2 
 .bss.test_uptimeSec
                0x200000e8        0x4 ./Core/Src/main.o
                0x200000e8                test_uptimeSec
 .bss.hbeat_ser_buf
                0x200000ec        0xc ./Core/Src/main.o
                0x200000ec                hbeat_ser_buf
 .bss.my_response_ser_buf
                0x200000f8        0x1 ./Core/Src/main.o
                0x200000f8                my_response_ser_buf
 *fill*         0x200000f9        0x7 
 .bss.original_msg_subscription
                0x20000100      0x228 ./Core/Src/main.o
                0x20000100                original_msg_subscription
 .bss.heartbeat_subscription
                0x20000328      0x228 ./Core/Src/main.o
                0x20000328                heartbeat_subscription
 .bss.getinfo_response_subscription
                0x20000550      0x228 ./Core/Src/main.o
                0x20000550                getinfo_response_subscription
 .bss.__sbrk_heap_end
                0x20000778        0x4 ./Core/Src/sysmem.o
 .bss.uwTick    0x2000077c        0x4 ./Drivers/STM32L4xx_HAL_Driver/Src/stm32l4xx_hal.o
                0x2000077c                uwTick
 .bss.__malloc_sbrk_start
                0x20000780        0x4 C:/ST/STM32CubeIDE_1.16.0/STM32CubeIDE/plugins/com.st.stm32cube.ide.mcu.externaltools.gnu-tools-for-stm32.12.3.rel1.win32_1.0.200.202406191623/tools/bin/../lib/gcc/arm-none-eabi/12.3.1/../../../../arm-none-eabi/lib/thumb/v7e-m+fp/hard\libc_nano.a(libc_a-mallocr.o)
                0x20000780                __malloc_sbrk_start
 .bss.__malloc_free_list
                0x20000784        0x4 C:/ST/STM32CubeIDE_1.16.0/STM32CubeIDE/plugins/com.st.stm32cube.ide.mcu.externaltools.gnu-tools-for-stm32.12.3.rel1.win32_1.0.200.202406191623/tools/bin/../lib/gcc/arm-none-eabi/12.3.1/../../../../arm-none-eabi/lib/thumb/v7e-m+fp/hard\libc_nano.a(libc_a-mallocr.o)
                0x20000784                __malloc_free_list
 .bss.__sf      0x20000788      0x138 C:/ST/STM32CubeIDE_1.16.0/STM32CubeIDE/plugins/com.st.stm32cube.ide.mcu.externaltools.gnu-tools-for-stm32.12.3.rel1.win32_1.0.200.202406191623/tools/bin/../lib/gcc/arm-none-eabi/12.3.1/../../../../arm-none-eabi/lib/thumb/v7e-m+fp/hard\libc_nano.a(libc_a-findfp.o)
                0x20000788                __sf
 .bss.__stdio_exit_handler
                0x200008c0        0x4 C:/ST/STM32CubeIDE_1.16.0/STM32CubeIDE/plugins/com.st.stm32cube.ide.mcu.externaltools.gnu-tools-for-stm32.12.3.rel1.win32_1.0.200.202406191623/tools/bin/../lib/gcc/arm-none-eabi/12.3.1/../../../../arm-none-eabi/lib/thumb/v7e-m+fp/hard\libc_nano.a(libc_a-findfp.o)
                0x200008c0                __stdio_exit_handler
 .bss.errno     0x200008c4        0x4 C:/ST/STM32CubeIDE_1.16.0/STM32CubeIDE/plugins/com.st.stm32cube.ide.mcu.externaltools.gnu-tools-for-stm32.12.3.rel1.win32_1.0.200.202406191623/tools/bin/../lib/gcc/arm-none-eabi/12.3.1/../../../../arm-none-eabi/lib/thumb/v7e-m+fp/hard\libc_nano.a(libc_a-reent.o)
                0x200008c4                errno
 .bss.__lock___malloc_recursive_mutex
                0x200008c8        0x1 C:/ST/STM32CubeIDE_1.16.0/STM32CubeIDE/plugins/com.st.stm32cube.ide.mcu.externaltools.gnu-tools-for-stm32.12.3.rel1.win32_1.0.200.202406191623/tools/bin/../lib/gcc/arm-none-eabi/12.3.1/../../../../arm-none-eabi/lib/thumb/v7e-m+fp/hard\libc_nano.a(libc_a-lock.o)
                0x200008c8                __lock___malloc_recursive_mutex
 .bss.__lock___sfp_recursive_mutex
                0x200008c9        0x1 C:/ST/STM32CubeIDE_1.16.0/STM32CubeIDE/plugins/com.st.stm32cube.ide.mcu.externaltools.gnu-tools-for-stm32.12.3.rel1.win32_1.0.200.202406191623/tools/bin/../lib/gcc/arm-none-eabi/12.3.1/../../../../arm-none-eabi/lib/thumb/v7e-m+fp/hard\libc_nano.a(libc_a-lock.o)
                0x200008c9                __lock___sfp_recursive_mutex
 *(COMMON)
                0x200008cc                        . = ALIGN (0x4)
 *fill*         0x200008ca        0x2 
                0x200008cc                        _ebss = .
                0x200008cc                        __bss_end__ = _ebss

._user_heap_stack
                0x200008cc      0x604 load address 0x08008808
                0x200008d0                        . = ALIGN (0x8)
 *fill*         0x200008cc        0x4 
                [!provide]                        PROVIDE (end = .)
                0x200008d0                        PROVIDE (_end = .)
                0x20000ad0                        . = (. + _Min_Heap_Size)
 *fill*         0x200008d0      0x200 
                0x20000ed0                        . = (. + _Min_Stack_Size)
 *fill*         0x20000ad0      0x400 
                0x20000ed0                        . = ALIGN (0x8)

/DISCARD/
 libc.a(*)
 libm.a(*)
 libgcc.a(*)

.ARM.attributes
                0x00000000       0x30
 *(.ARM.attributes)
 .ARM.attributes
                0x00000000       0x22 C:/ST/STM32CubeIDE_1.16.0/STM32CubeIDE/plugins/com.st.stm32cube.ide.mcu.externaltools.gnu-tools-for-stm32.12.3.rel1.win32_1.0.200.202406191623/tools/bin/../lib/gcc/arm-none-eabi/12.3.1/thumb/v7e-m+fp/hard/crti.o
 .ARM.attributes
                0x00000022       0x34 C:/ST/STM32CubeIDE_1.16.0/STM32CubeIDE/plugins/com.st.stm32cube.ide.mcu.externaltools.gnu-tools-for-stm32.12.3.rel1.win32_1.0.200.202406191623/tools/bin/../lib/gcc/arm-none-eabi/12.3.1/thumb/v7e-m+fp/hard/crtbegin.o
 .ARM.attributes
                0x00000056       0x34 ./Core/Src/main.o
 .ARM.attributes
                0x0000008a       0x34 ./Core/Src/stm32l4xx_hal_msp.o
 .ARM.attributes
                0x000000be       0x34 ./Core/Src/stm32l4xx_it.o
 .ARM.attributes
                0x000000f2       0x34 ./Core/Src/syscalls.o
 .ARM.attributes
                0x00000126       0x34 ./Core/Src/sysmem.o
 .ARM.attributes
                0x0000015a       0x34 ./Core/Src/system_stm32l4xx.o
 .ARM.attributes
                0x0000018e       0x21 ./Core/Startup/startup_stm32l432kcux.o
 .ARM.attributes
                0x000001af       0x34 ./Drivers/STM32L4xx_HAL_Driver/Src/stm32l4xx_hal.o
 .ARM.attributes
                0x000001e3       0x34 ./Drivers/STM32L4xx_HAL_Driver/Src/stm32l4xx_hal_can.o
 .ARM.attributes
                0x00000217       0x34 ./Drivers/STM32L4xx_HAL_Driver/Src/stm32l4xx_hal_cortex.o
 .ARM.attributes
                0x0000024b       0x34 ./Drivers/STM32L4xx_HAL_Driver/Src/stm32l4xx_hal_gpio.o
 .ARM.attributes
                0x0000027f       0x34 ./Drivers/STM32L4xx_HAL_Driver/Src/stm32l4xx_hal_pwr_ex.o
 .ARM.attributes
                0x000002b3       0x34 ./Drivers/STM32L4xx_HAL_Driver/Src/stm32l4xx_hal_rcc.o
 .ARM.attributes
                0x000002e7       0x34 ./libcanard/canard.o
 .ARM.attributes
                0x0000031b       0x34 C:/ST/STM32CubeIDE_1.16.0/STM32CubeIDE/plugins/com.st.stm32cube.ide.mcu.externaltools.gnu-tools-for-stm32.12.3.rel1.win32_1.0.200.202406191623/tools/bin/../lib/gcc/arm-none-eabi/12.3.1/../../../../arm-none-eabi/lib/thumb/v7e-m+fp/hard\libc_nano.a(libc_a-assert.o)
 .ARM.attributes
                0x0000034f       0x34 C:/ST/STM32CubeIDE_1.16.0/STM32CubeIDE/plugins/com.st.stm32cube.ide.mcu.externaltools.gnu-tools-for-stm32.12.3.rel1.win32_1.0.200.202406191623/tools/bin/../lib/gcc/arm-none-eabi/12.3.1/../../../../arm-none-eabi/lib/thumb/v7e-m+fp/hard\libc_nano.a(libc_a-malloc.o)
 .ARM.attributes
                0x00000383       0x34 C:/ST/STM32CubeIDE_1.16.0/STM32CubeIDE/plugins/com.st.stm32cube.ide.mcu.externaltools.gnu-tools-for-stm32.12.3.rel1.win32_1.0.200.202406191623/tools/bin/../lib/gcc/arm-none-eabi/12.3.1/../../../../arm-none-eabi/lib/thumb/v7e-m+fp/hard\libc_nano.a(libc_a-mallocr.o)
 .ARM.attributes
                0x000003b7       0x34 C:/ST/STM32CubeIDE_1.16.0/STM32CubeIDE/plugins/com.st.stm32cube.ide.mcu.externaltools.gnu-tools-for-stm32.12.3.rel1.win32_1.0.200.202406191623/tools/bin/../lib/gcc/arm-none-eabi/12.3.1/../../../../arm-none-eabi/lib/thumb/v7e-m+fp/hard\libc_nano.a(libc_a-mlock.o)
 .ARM.attributes
                0x000003eb       0x34 C:/ST/STM32CubeIDE_1.16.0/STM32CubeIDE/plugins/com.st.stm32cube.ide.mcu.externaltools.gnu-tools-for-stm32.12.3.rel1.win32_1.0.200.202406191623/tools/bin/../lib/gcc/arm-none-eabi/12.3.1/../../../../arm-none-eabi/lib/thumb/v7e-m+fp/hard\libc_nano.a(libc_a-findfp.o)
 .ARM.attributes
                0x0000041f       0x34 C:/ST/STM32CubeIDE_1.16.0/STM32CubeIDE/plugins/com.st.stm32cube.ide.mcu.externaltools.gnu-tools-for-stm32.12.3.rel1.win32_1.0.200.202406191623/tools/bin/../lib/gcc/arm-none-eabi/12.3.1/../../../../arm-none-eabi/lib/thumb/v7e-m+fp/hard\libc_nano.a(libc_a-fprintf.o)
 .ARM.attributes
                0x00000453       0x34 C:/ST/STM32CubeIDE_1.16.0/STM32CubeIDE/plugins/com.st.stm32cube.ide.mcu.externaltools.gnu-tools-for-stm32.12.3.rel1.win32_1.0.200.202406191623/tools/bin/../lib/gcc/arm-none-eabi/12.3.1/../../../../arm-none-eabi/lib/thumb/v7e-m+fp/hard\libc_nano.a(libc_a-fwalk.o)
 .ARM.attributes
                0x00000487       0x34 C:/ST/STM32CubeIDE_1.16.0/STM32CubeIDE/plugins/com.st.stm32cube.ide.mcu.externaltools.gnu-tools-for-stm32.12.3.rel1.win32_1.0.200.202406191623/tools/bin/../lib/gcc/arm-none-eabi/12.3.1/../../../../arm-none-eabi/lib/thumb/v7e-m+fp/hard\libc_nano.a(libc_a-stdio.o)
 .ARM.attributes
                0x000004bb       0x34 C:/ST/STM32CubeIDE_1.16.0/STM32CubeIDE/plugins/com.st.stm32cube.ide.mcu.externaltools.gnu-tools-for-stm32.12.3.rel1.win32_1.0.200.202406191623/tools/bin/../lib/gcc/arm-none-eabi/12.3.1/../../../../arm-none-eabi/lib/thumb/v7e-m+fp/hard\libc_nano.a(libc_a-memmove.o)
 .ARM.attributes
                0x000004ef       0x34 C:/ST/STM32CubeIDE_1.16.0/STM32CubeIDE/plugins/com.st.stm32cube.ide.mcu.externaltools.gnu-tools-for-stm32.12.3.rel1.win32_1.0.200.202406191623/tools/bin/../lib/gcc/arm-none-eabi/12.3.1/../../../../arm-none-eabi/lib/thumb/v7e-m+fp/hard\libc_nano.a(libc_a-memset.o)
 .ARM.attributes
                0x00000523       0x34 C:/ST/STM32CubeIDE_1.16.0/STM32CubeIDE/plugins/com.st.stm32cube.ide.mcu.externaltools.gnu-tools-for-stm32.12.3.rel1.win32_1.0.200.202406191623/tools/bin/../lib/gcc/arm-none-eabi/12.3.1/../../../../arm-none-eabi/lib/thumb/v7e-m+fp/hard\libc_nano.a(libc_a-closer.o)
 .ARM.attributes
                0x00000557       0x34 C:/ST/STM32CubeIDE_1.16.0/STM32CubeIDE/plugins/com.st.stm32cube.ide.mcu.externaltools.gnu-tools-for-stm32.12.3.rel1.win32_1.0.200.202406191623/tools/bin/../lib/gcc/arm-none-eabi/12.3.1/../../../../arm-none-eabi/lib/thumb/v7e-m+fp/hard\libc_nano.a(libc_a-reent.o)
 .ARM.attributes
                0x0000058b       0x34 C:/ST/STM32CubeIDE_1.16.0/STM32CubeIDE/plugins/com.st.stm32cube.ide.mcu.externaltools.gnu-tools-for-stm32.12.3.rel1.win32_1.0.200.202406191623/tools/bin/../lib/gcc/arm-none-eabi/12.3.1/../../../../arm-none-eabi/lib/thumb/v7e-m+fp/hard\libc_nano.a(libc_a-impure.o)
 .ARM.attributes
                0x000005bf       0x34 C:/ST/STM32CubeIDE_1.16.0/STM32CubeIDE/plugins/com.st.stm32cube.ide.mcu.externaltools.gnu-tools-for-stm32.12.3.rel1.win32_1.0.200.202406191623/tools/bin/../lib/gcc/arm-none-eabi/12.3.1/../../../../arm-none-eabi/lib/thumb/v7e-m+fp/hard\libc_nano.a(libc_a-lseekr.o)
 .ARM.attributes
                0x000005f3       0x34 C:/ST/STM32CubeIDE_1.16.0/STM32CubeIDE/plugins/com.st.stm32cube.ide.mcu.externaltools.gnu-tools-for-stm32.12.3.rel1.win32_1.0.200.202406191623/tools/bin/../lib/gcc/arm-none-eabi/12.3.1/../../../../arm-none-eabi/lib/thumb/v7e-m+fp/hard\libc_nano.a(libc_a-readr.o)
 .ARM.attributes
                0x00000627       0x34 C:/ST/STM32CubeIDE_1.16.0/STM32CubeIDE/plugins/com.st.stm32cube.ide.mcu.externaltools.gnu-tools-for-stm32.12.3.rel1.win32_1.0.200.202406191623/tools/bin/../lib/gcc/arm-none-eabi/12.3.1/../../../../arm-none-eabi/lib/thumb/v7e-m+fp/hard\libc_nano.a(libc_a-sbrkr.o)
 .ARM.attributes
                0x0000065b       0x34 C:/ST/STM32CubeIDE_1.16.0/STM32CubeIDE/plugins/com.st.stm32cube.ide.mcu.externaltools.gnu-tools-for-stm32.12.3.rel1.win32_1.0.200.202406191623/tools/bin/../lib/gcc/arm-none-eabi/12.3.1/../../../../arm-none-eabi/lib/thumb/v7e-m+fp/hard\libc_nano.a(libc_a-writer.o)
 .ARM.attributes
                0x0000068f       0x34 C:/ST/STM32CubeIDE_1.16.0/STM32CubeIDE/plugins/com.st.stm32cube.ide.mcu.externaltools.gnu-tools-for-stm32.12.3.rel1.win32_1.0.200.202406191623/tools/bin/../lib/gcc/arm-none-eabi/12.3.1/../../../../arm-none-eabi/lib/thumb/v7e-m+fp/hard\libc_nano.a(libc_a-errno.o)
 .ARM.attributes
                0x000006c3       0x34 C:/ST/STM32CubeIDE_1.16.0/STM32CubeIDE/plugins/com.st.stm32cube.ide.mcu.externaltools.gnu-tools-for-stm32.12.3.rel1.win32_1.0.200.202406191623/tools/bin/../lib/gcc/arm-none-eabi/12.3.1/../../../../arm-none-eabi/lib/thumb/v7e-m+fp/hard\libc_nano.a(libc_a-init.o)
 .ARM.attributes
                0x000006f7       0x34 C:/ST/STM32CubeIDE_1.16.0/STM32CubeIDE/plugins/com.st.stm32cube.ide.mcu.externaltools.gnu-tools-for-stm32.12.3.rel1.win32_1.0.200.202406191623/tools/bin/../lib/gcc/arm-none-eabi/12.3.1/../../../../arm-none-eabi/lib/thumb/v7e-m+fp/hard\libc_nano.a(libc_a-lock.o)
 .ARM.attributes
                0x0000072b       0x34 C:/ST/STM32CubeIDE_1.16.0/STM32CubeIDE/plugins/com.st.stm32cube.ide.mcu.externaltools.gnu-tools-for-stm32.12.3.rel1.win32_1.0.200.202406191623/tools/bin/../lib/gcc/arm-none-eabi/12.3.1/../../../../arm-none-eabi/lib/thumb/v7e-m+fp/hard\libc_nano.a(libc_a-memcpy-stub.o)
 .ARM.attributes
                0x0000075f       0x34 C:/ST/STM32CubeIDE_1.16.0/STM32CubeIDE/plugins/com.st.stm32cube.ide.mcu.externaltools.gnu-tools-for-stm32.12.3.rel1.win32_1.0.200.202406191623/tools/bin/../lib/gcc/arm-none-eabi/12.3.1/../../../../arm-none-eabi/lib/thumb/v7e-m+fp/hard\libc_nano.a(libc_a-abort.o)
 .ARM.attributes
                0x00000793       0x34 C:/ST/STM32CubeIDE_1.16.0/STM32CubeIDE/plugins/com.st.stm32cube.ide.mcu.externaltools.gnu-tools-for-stm32.12.3.rel1.win32_1.0.200.202406191623/tools/bin/../lib/gcc/arm-none-eabi/12.3.1/../../../../arm-none-eabi/lib/thumb/v7e-m+fp/hard\libc_nano.a(libc_a-freer.o)
 .ARM.attributes
                0x000007c7       0x34 C:/ST/STM32CubeIDE_1.16.0/STM32CubeIDE/plugins/com.st.stm32cube.ide.mcu.externaltools.gnu-tools-for-stm32.12.3.rel1.win32_1.0.200.202406191623/tools/bin/../lib/gcc/arm-none-eabi/12.3.1/../../../../arm-none-eabi/lib/thumb/v7e-m+fp/hard\libc_nano.a(libc_a-nano-vfprintf.o)
 .ARM.attributes
                0x000007fb       0x34 C:/ST/STM32CubeIDE_1.16.0/STM32CubeIDE/plugins/com.st.stm32cube.ide.mcu.externaltools.gnu-tools-for-stm32.12.3.rel1.win32_1.0.200.202406191623/tools/bin/../lib/gcc/arm-none-eabi/12.3.1/../../../../arm-none-eabi/lib/thumb/v7e-m+fp/hard\libc_nano.a(libc_a-nano-vfprintf_i.o)
 .ARM.attributes
                0x0000082f       0x34 C:/ST/STM32CubeIDE_1.16.0/STM32CubeIDE/plugins/com.st.stm32cube.ide.mcu.externaltools.gnu-tools-for-stm32.12.3.rel1.win32_1.0.200.202406191623/tools/bin/../lib/gcc/arm-none-eabi/12.3.1/../../../../arm-none-eabi/lib/thumb/v7e-m+fp/hard\libc_nano.a(libc_a-fflush.o)
 .ARM.attributes
                0x00000863       0x34 C:/ST/STM32CubeIDE_1.16.0/STM32CubeIDE/plugins/com.st.stm32cube.ide.mcu.externaltools.gnu-tools-for-stm32.12.3.rel1.win32_1.0.200.202406191623/tools/bin/../lib/gcc/arm-none-eabi/12.3.1/../../../../arm-none-eabi/lib/thumb/v7e-m+fp/hard\libc_nano.a(libc_a-wbuf.o)
 .ARM.attributes
                0x00000897       0x34 C:/ST/STM32CubeIDE_1.16.0/STM32CubeIDE/plugins/com.st.stm32cube.ide.mcu.externaltools.gnu-tools-for-stm32.12.3.rel1.win32_1.0.200.202406191623/tools/bin/../lib/gcc/arm-none-eabi/12.3.1/../../../../arm-none-eabi/lib/thumb/v7e-m+fp/hard\libc_nano.a(libc_a-wsetup.o)
 .ARM.attributes
                0x000008cb       0x34 C:/ST/STM32CubeIDE_1.16.0/STM32CubeIDE/plugins/com.st.stm32cube.ide.mcu.externaltools.gnu-tools-for-stm32.12.3.rel1.win32_1.0.200.202406191623/tools/bin/../lib/gcc/arm-none-eabi/12.3.1/../../../../arm-none-eabi/lib/thumb/v7e-m+fp/hard\libc_nano.a(libc_a-signal.o)
 .ARM.attributes
                0x000008ff       0x34 C:/ST/STM32CubeIDE_1.16.0/STM32CubeIDE/plugins/com.st.stm32cube.ide.mcu.externaltools.gnu-tools-for-stm32.12.3.rel1.win32_1.0.200.202406191623/tools/bin/../lib/gcc/arm-none-eabi/12.3.1/../../../../arm-none-eabi/lib/thumb/v7e-m+fp/hard\libc_nano.a(libc_a-signalr.o)
 .ARM.attributes
                0x00000933       0x1c C:/ST/STM32CubeIDE_1.16.0/STM32CubeIDE/plugins/com.st.stm32cube.ide.mcu.externaltools.gnu-tools-for-stm32.12.3.rel1.win32_1.0.200.202406191623/tools/bin/../lib/gcc/arm-none-eabi/12.3.1/../../../../arm-none-eabi/lib/thumb/v7e-m+fp/hard\libc_nano.a(libc_a-memchr.o)
 .ARM.attributes
                0x0000094f       0x34 C:/ST/STM32CubeIDE_1.16.0/STM32CubeIDE/plugins/com.st.stm32cube.ide.mcu.externaltools.gnu-tools-for-stm32.12.3.rel1.win32_1.0.200.202406191623/tools/bin/../lib/gcc/arm-none-eabi/12.3.1/../../../../arm-none-eabi/lib/thumb/v7e-m+fp/hard\libc_nano.a(libc_a-makebuf.o)
 .ARM.attributes
                0x00000983       0x34 C:/ST/STM32CubeIDE_1.16.0/STM32CubeIDE/plugins/com.st.stm32cube.ide.mcu.externaltools.gnu-tools-for-stm32.12.3.rel1.win32_1.0.200.202406191623/tools/bin/../lib/gcc/arm-none-eabi/12.3.1/../../../../arm-none-eabi/lib/thumb/v7e-m+fp/hard\libc_nano.a(libc_a-fstatr.o)
 .ARM.attributes
                0x000009b7       0x34 C:/ST/STM32CubeIDE_1.16.0/STM32CubeIDE/plugins/com.st.stm32cube.ide.mcu.externaltools.gnu-tools-for-stm32.12.3.rel1.win32_1.0.200.202406191623/tools/bin/../lib/gcc/arm-none-eabi/12.3.1/../../../../arm-none-eabi/lib/thumb/v7e-m+fp/hard\libc_nano.a(libc_a-isattyr.o)
 .ARM.attributes
                0x000009eb       0x22 C:/ST/STM32CubeIDE_1.16.0/STM32CubeIDE/plugins/com.st.stm32cube.ide.mcu.externaltools.gnu-tools-for-stm32.12.3.rel1.win32_1.0.200.202406191623/tools/bin/../lib/gcc/arm-none-eabi/12.3.1/thumb/v7e-m+fp/hard/crtn.o
OUTPUT(Node2.elf elf32-littlearm)
LOAD linker stubs
LOAD C:/ST/STM32CubeIDE_1.16.0/STM32CubeIDE/plugins/com.st.stm32cube.ide.mcu.externaltools.gnu-tools-for-stm32.12.3.rel1.win32_1.0.200.202406191623/tools/bin/../lib/gcc/arm-none-eabi/12.3.1/../../../../arm-none-eabi/lib/thumb/v7e-m+fp/hard\libc.a
LOAD C:/ST/STM32CubeIDE_1.16.0/STM32CubeIDE/plugins/com.st.stm32cube.ide.mcu.externaltools.gnu-tools-for-stm32.12.3.rel1.win32_1.0.200.202406191623/tools/bin/../lib/gcc/arm-none-eabi/12.3.1/../../../../arm-none-eabi/lib/thumb/v7e-m+fp/hard\libm.a
LOAD C:/ST/STM32CubeIDE_1.16.0/STM32CubeIDE/plugins/com.st.stm32cube.ide.mcu.externaltools.gnu-tools-for-stm32.12.3.rel1.win32_1.0.200.202406191623/tools/bin/../lib/gcc/arm-none-eabi/12.3.1/thumb/v7e-m+fp/hard\libgcc.a

.debug_info     0x00000000     0xa2bb
 .debug_info    0x00000000     0x2112 ./Core/Src/main.o
 .debug_info    0x00002112      0xa5b ./Core/Src/stm32l4xx_hal_msp.o
 .debug_info    0x00002b6d      0x538 ./Core/Src/stm32l4xx_it.o
 .debug_info    0x000030a5      0x6a3 ./Core/Src/syscalls.o
 .debug_info    0x00003748      0x168 ./Core/Src/sysmem.o
 .debug_info    0x000038b0      0x5bf ./Core/Src/system_stm32l4xx.o
 .debug_info    0x00003e6f       0x30 ./Core/Startup/startup_stm32l432kcux.o
 .debug_info    0x00003e9f      0x99e ./Drivers/STM32L4xx_HAL_Driver/Src/stm32l4xx_hal.o
 .debug_info    0x0000483d      0xf4c ./Drivers/STM32L4xx_HAL_Driver/Src/stm32l4xx_hal_can.o
 .debug_info    0x00005789      0xd03 ./Drivers/STM32L4xx_HAL_Driver/Src/stm32l4xx_hal_cortex.o
 .debug_info    0x0000648c      0x757 ./Drivers/STM32L4xx_HAL_Driver/Src/stm32l4xx_hal_gpio.o
 .debug_info    0x00006be3      0x920 ./Drivers/STM32L4xx_HAL_Driver/Src/stm32l4xx_hal_pwr_ex.o
 .debug_info    0x00007503      0xbc3 ./Drivers/STM32L4xx_HAL_Driver/Src/stm32l4xx_hal_rcc.o
 .debug_info    0x000080c6     0x21f5 ./libcanard/canard.o

.debug_abbrev   0x00000000     0x1c44
 .debug_abbrev  0x00000000      0x423 ./Core/Src/main.o
 .debug_abbrev  0x00000423      0x1bc ./Core/Src/stm32l4xx_hal_msp.o
 .debug_abbrev  0x000005df      0x16a ./Core/Src/stm32l4xx_it.o
 .debug_abbrev  0x00000749      0x1b6 ./Core/Src/syscalls.o
 .debug_abbrev  0x000008ff       0xbc ./Core/Src/sysmem.o
 .debug_abbrev  0x000009bb      0x11a ./Core/Src/system_stm32l4xx.o
 .debug_abbrev  0x00000ad5       0x24 ./Core/Startup/startup_stm32l432kcux.o
 .debug_abbrev  0x00000af9      0x225 ./Drivers/STM32L4xx_HAL_Driver/Src/stm32l4xx_hal.o
 .debug_abbrev  0x00000d1e      0x234 ./Drivers/STM32L4xx_HAL_Driver/Src/stm32l4xx_hal_can.o
 .debug_abbrev  0x00000f52      0x31c ./Drivers/STM32L4xx_HAL_Driver/Src/stm32l4xx_hal_cortex.o
 .debug_abbrev  0x0000126e      0x1cb ./Drivers/STM32L4xx_HAL_Driver/Src/stm32l4xx_hal_gpio.o
 .debug_abbrev  0x00001439      0x1f9 ./Drivers/STM32L4xx_HAL_Driver/Src/stm32l4xx_hal_pwr_ex.o
 .debug_abbrev  0x00001632      0x2cb ./Drivers/STM32L4xx_HAL_Driver/Src/stm32l4xx_hal_rcc.o
 .debug_abbrev  0x000018fd      0x347 ./libcanard/canard.o

.debug_aranges  0x00000000      0x980
 .debug_aranges
                0x00000000       0xc8 ./Core/Src/main.o
 .debug_aranges
                0x000000c8       0x30 ./Core/Src/stm32l4xx_hal_msp.o
 .debug_aranges
                0x000000f8       0x80 ./Core/Src/stm32l4xx_it.o
 .debug_aranges
                0x00000178       0xa8 ./Core/Src/syscalls.o
 .debug_aranges
                0x00000220       0x20 ./Core/Src/sysmem.o
 .debug_aranges
                0x00000240       0x28 ./Core/Src/system_stm32l4xx.o
 .debug_aranges
                0x00000268       0x28 ./Core/Startup/startup_stm32l432kcux.o
 .debug_aranges
                0x00000290      0x108 ./Drivers/STM32L4xx_HAL_Driver/Src/stm32l4xx_hal.o
 .debug_aranges
                0x00000398      0x138 ./Drivers/STM32L4xx_HAL_Driver/Src/stm32l4xx_hal_can.o
 .debug_aranges
                0x000004d0      0x128 ./Drivers/STM32L4xx_HAL_Driver/Src/stm32l4xx_hal_cortex.o
 .debug_aranges
                0x000005f8       0x58 ./Drivers/STM32L4xx_HAL_Driver/Src/stm32l4xx_hal_gpio.o
 .debug_aranges
                0x00000650      0x128 ./Drivers/STM32L4xx_HAL_Driver/Src/stm32l4xx_hal_pwr_ex.o
 .debug_aranges
                0x00000778       0x90 ./Drivers/STM32L4xx_HAL_Driver/Src/stm32l4xx_hal_rcc.o
 .debug_aranges
                0x00000808      0x178 ./libcanard/canard.o

.debug_rnglists
                0x00000000      0x78a
 .debug_rnglists
                0x00000000       0xba ./Core/Src/main.o
 .debug_rnglists
                0x000000ba       0x20 ./Core/Src/stm32l4xx_hal_msp.o
 .debug_rnglists
                0x000000da       0x5b ./Core/Src/stm32l4xx_it.o
 .debug_rnglists
                0x00000135       0x79 ./Core/Src/syscalls.o
 .debug_rnglists
                0x000001ae       0x13 ./Core/Src/sysmem.o
 .debug_rnglists
                0x000001c1       0x1a ./Core/Src/system_stm32l4xx.o
 .debug_rnglists
                0x000001db       0x19 ./Core/Startup/startup_stm32l432kcux.o
 .debug_rnglists
                0x000001f4       0xc1 ./Drivers/STM32L4xx_HAL_Driver/Src/stm32l4xx_hal.o
 .debug_rnglists
                0x000002b5       0xee ./Drivers/STM32L4xx_HAL_Driver/Src/stm32l4xx_hal_can.o
 .debug_rnglists
                0x000003a3       0xda ./Drivers/STM32L4xx_HAL_Driver/Src/stm32l4xx_hal_cortex.o
 .debug_rnglists
                0x0000047d       0x3f ./Drivers/STM32L4xx_HAL_Driver/Src/stm32l4xx_hal_gpio.o
 .debug_rnglists
                0x000004bc       0xdf ./Drivers/STM32L4xx_HAL_Driver/Src/stm32l4xx_hal_pwr_ex.o
 .debug_rnglists
                0x0000059b       0x6d ./Drivers/STM32L4xx_HAL_Driver/Src/stm32l4xx_hal_rcc.o
 .debug_rnglists
                0x00000608      0x182 ./libcanard/canard.o

.debug_macro    0x00000000    0x20a8b
 .debug_macro   0x00000000      0x34f ./Core/Src/main.o
 .debug_macro   0x0000034f      0xab4 ./Core/Src/main.o
 .debug_macro   0x00000e03      0x1a1 ./Core/Src/main.o
 .debug_macro   0x00000fa4       0x2e ./Core/Src/main.o
 .debug_macro   0x00000fd2       0x28 ./Core/Src/main.o
 .debug_macro   0x00000ffa       0x22 ./Core/Src/main.o
 .debug_macro   0x0000101c       0x8e ./Core/Src/main.o
 .debug_macro   0x000010aa       0x51 ./Core/Src/main.o
 .debug_macro   0x000010fb      0x103 ./Core/Src/main.o
 .debug_macro   0x000011fe       0x6a ./Core/Src/main.o
 .debug_macro   0x00001268      0x1df ./Core/Src/main.o
 .debug_macro   0x00001447       0x1c ./Core/Src/main.o
 .debug_macro   0x00001463       0x22 ./Core/Src/main.o
 .debug_macro   0x00001485       0xfb ./Core/Src/main.o
 .debug_macro   0x00001580     0x1011 ./Core/Src/main.o
 .debug_macro   0x00002591      0x11f ./Core/Src/main.o
 .debug_macro   0x000026b0    0x147a6 ./Core/Src/main.o
 .debug_macro   0x00016e56       0x6d ./Core/Src/main.o
 .debug_macro   0x00016ec3     0x38fb ./Core/Src/main.o
 .debug_macro   0x0001a7be      0x189 ./Core/Src/main.o
 .debug_macro   0x0001a947       0x5c ./Core/Src/main.o
 .debug_macro   0x0001a9a3     0x11ca ./Core/Src/main.o
 .debug_macro   0x0001bb6d      0x53c ./Core/Src/main.o
 .debug_macro   0x0001c0a9      0x1b9 ./Core/Src/main.o
 .debug_macro   0x0001c262      0x122 ./Core/Src/main.o
 .debug_macro   0x0001c384      0x26b ./Core/Src/main.o
 .debug_macro   0x0001c5ef      0x23d ./Core/Src/main.o
 .debug_macro   0x0001c82c      0x408 ./Core/Src/main.o
 .debug_macro   0x0001cc34      0x241 ./Core/Src/main.o
 .debug_macro   0x0001ce75      0x375 ./Core/Src/main.o
 .debug_macro   0x0001d1ea       0xd6 ./Core/Src/main.o
 .debug_macro   0x0001d2c0      0x122 ./Core/Src/main.o
 .debug_macro   0x0001d3e2      0x356 ./Core/Src/main.o
 .debug_macro   0x0001d738      0x220 ./Core/Src/main.o
 .debug_macro   0x0001d958       0x2a ./Core/Src/main.o
 .debug_macro   0x0001d982       0x61 ./Core/Src/main.o
 .debug_macro   0x0001d9e3       0x43 ./Core/Src/main.o
 .debug_macro   0x0001da26       0x34 ./Core/Src/main.o
 .debug_macro   0x0001da5a       0x16 ./Core/Src/main.o
 .debug_macro   0x0001da70       0x35 ./Core/Src/main.o
 .debug_macro   0x0001daa5       0x16 ./Core/Src/main.o
 .debug_macro   0x0001dabb       0x43 ./Core/Src/main.o
 .debug_macro   0x0001dafe       0x34 ./Core/Src/main.o
 .debug_macro   0x0001db32       0x10 ./Core/Src/main.o
 .debug_macro   0x0001db42       0x58 ./Core/Src/main.o
 .debug_macro   0x0001db9a       0x8e ./Core/Src/main.o
 .debug_macro   0x0001dc28       0x1c ./Core/Src/main.o
 .debug_macro   0x0001dc44      0x177 ./Core/Src/main.o
 .debug_macro   0x0001ddbb      0x369 ./Core/Src/main.o
 .debug_macro   0x0001e124       0x16 ./Core/Src/main.o
 .debug_macro   0x0001e13a       0x29 ./Core/Src/main.o
 .debug_macro   0x0001e163       0x16 ./Core/Src/main.o
 .debug_macro   0x0001e179       0x20 ./Core/Src/main.o
 .debug_macro   0x0001e199       0x22 ./Core/Src/main.o
 .debug_macro   0x0001e1bb       0x73 ./Core/Src/main.o
 .debug_macro   0x0001e22e      0x201 ./Core/Src/main.o
 .debug_macro   0x0001e42f      0x186 ./Core/Src/main.o
 .debug_macro   0x0001e5b5       0x16 ./Core/Src/main.o
 .debug_macro   0x0001e5cb       0x58 ./Core/Src/main.o
 .debug_macro   0x0001e623       0x40 ./Core/Src/main.o
 .debug_macro   0x0001e663       0x40 ./Core/Src/main.o
 .debug_macro   0x0001e6a3       0x34 ./Core/Src/main.o
 .debug_macro   0x0001e6d7       0x28 ./Core/Src/main.o
 .debug_macro   0x0001e6ff       0x88 ./Core/Src/main.o
 .debug_macro   0x0001e787       0x34 ./Core/Src/main.o
 .debug_macro   0x0001e7bb       0x28 ./Core/Src/main.o
 .debug_macro   0x0001e7e3      0x1ac ./Core/Src/stm32l4xx_hal_msp.o
 .debug_macro   0x0001e98f      0x1b6 ./Core/Src/stm32l4xx_it.o
 .debug_macro   0x0001eb45      0x274 ./Core/Src/syscalls.o
 .debug_macro   0x0001edb9       0x5b ./Core/Src/syscalls.o
 .debug_macro   0x0001ee14       0x94 ./Core/Src/syscalls.o
 .debug_macro   0x0001eea8       0x57 ./Core/Src/syscalls.o
 .debug_macro   0x0001eeff       0x10 ./Core/Src/syscalls.o
 .debug_macro   0x0001ef0f       0x10 ./Core/Src/syscalls.o
 .debug_macro   0x0001ef1f       0x10 ./Core/Src/syscalls.o
 .debug_macro   0x0001ef2f       0x10 ./Core/Src/syscalls.o
 .debug_macro   0x0001ef3f       0x1c ./Core/Src/syscalls.o
 .debug_macro   0x0001ef5b       0x52 ./Core/Src/syscalls.o
 .debug_macro   0x0001efad       0x22 ./Core/Src/syscalls.o
 .debug_macro   0x0001efcf       0x10 ./Core/Src/syscalls.o
 .debug_macro   0x0001efdf       0x52 ./Core/Src/syscalls.o
 .debug_macro   0x0001f031       0xcf ./Core/Src/syscalls.o
 .debug_macro   0x0001f100       0x1c ./Core/Src/syscalls.o
 .debug_macro   0x0001f11c       0x3d ./Core/Src/syscalls.o
 .debug_macro   0x0001f159       0x35 ./Core/Src/syscalls.o
 .debug_macro   0x0001f18e      0x12c ./Core/Src/syscalls.o
 .debug_macro   0x0001f2ba       0x10 ./Core/Src/syscalls.o
 .debug_macro   0x0001f2ca      0x242 ./Core/Src/syscalls.o
 .debug_macro   0x0001f50c       0x1c ./Core/Src/syscalls.o
 .debug_macro   0x0001f528       0x10 ./Core/Src/syscalls.o
 .debug_macro   0x0001f538       0x10 ./Core/Src/syscalls.o
 .debug_macro   0x0001f548       0x16 ./Core/Src/syscalls.o
 .debug_macro   0x0001f55e      0x146 ./Core/Src/syscalls.o
 .debug_macro   0x0001f6a4      0x18a ./Core/Src/syscalls.o
 .debug_macro   0x0001f82e       0x16 ./Core/Src/syscalls.o
 .debug_macro   0x0001f844       0xce ./Core/Src/syscalls.o
 .debug_macro   0x0001f912       0xff ./Core/Src/sysmem.o
 .debug_macro   0x0001fa11      0x23c ./Core/Src/sysmem.o
 .debug_macro   0x0001fc4d      0x1a2 ./Core/Src/system_stm32l4xx.o
 .debug_macro   0x0001fdef      0x1ea ./Drivers/STM32L4xx_HAL_Driver/Src/stm32l4xx_hal.o
 .debug_macro   0x0001ffd9      0x1b1 ./Drivers/STM32L4xx_HAL_Driver/Src/stm32l4xx_hal_can.o
 .debug_macro   0x0002018a      0x1a2 ./Drivers/STM32L4xx_HAL_Driver/Src/stm32l4xx_hal_cortex.o
 .debug_macro   0x0002032c      0x1a9 ./Drivers/STM32L4xx_HAL_Driver/Src/stm32l4xx_hal_gpio.o
 .debug_macro   0x000204d5      0x1c6 ./Drivers/STM32L4xx_HAL_Driver/Src/stm32l4xx_hal_pwr_ex.o
 .debug_macro   0x0002069b      0x1e4 ./Drivers/STM32L4xx_HAL_Driver/Src/stm32l4xx_hal_rcc.o
 .debug_macro   0x0002087f      0x1fc ./libcanard/canard.o
 .debug_macro   0x00020a7b       0x10 ./libcanard/canard.o

.debug_line     0x00000000     0xa501
 .debug_line    0x00000000     0x1404 ./Core/Src/main.o
 .debug_line    0x00001404      0x75c ./Core/Src/stm32l4xx_hal_msp.o
 .debug_line    0x00001b60      0x825 ./Core/Src/stm32l4xx_it.o
 .debug_line    0x00002385      0x8b2 ./Core/Src/syscalls.o
 .debug_line    0x00002c37      0x583 ./Core/Src/sysmem.o
 .debug_line    0x000031ba      0x79d ./Core/Src/system_stm32l4xx.o
 .debug_line    0x00003957       0x7a ./Core/Startup/startup_stm32l432kcux.o
 .debug_line    0x000039d1      0xa65 ./Drivers/STM32L4xx_HAL_Driver/Src/stm32l4xx_hal.o
 .debug_line    0x00004436     0x1198 ./Drivers/STM32L4xx_HAL_Driver/Src/stm32l4xx_hal_can.o
 .debug_line    0x000055ce      0xcc1 ./Drivers/STM32L4xx_HAL_Driver/Src/stm32l4xx_hal_cortex.o
 .debug_line    0x0000628f      0xb07 ./Drivers/STM32L4xx_HAL_Driver/Src/stm32l4xx_hal_gpio.o
 .debug_line    0x00006d96      0xbf1 ./Drivers/STM32L4xx_HAL_Driver/Src/stm32l4xx_hal_pwr_ex.o
 .debug_line    0x00007987      0xfaf ./Drivers/STM32L4xx_HAL_Driver/Src/stm32l4xx_hal_rcc.o
 .debug_line    0x00008936     0x1bcb ./libcanard/canard.o

.debug_str      0x00000000    0xc1469
 .debug_str     0x00000000    0xbc8c5 ./Core/Src/main.o
                              0xbcd78 (size before relaxing)
 .debug_str     0x000bc8c5      0x420 ./Core/Src/stm32l4xx_hal_msp.o
                              0xb6c1d (size before relaxing)
 .debug_str     0x000bcce5      0x12b ./Core/Src/stm32l4xx_it.o
                              0xb6727 (size before relaxing)
 .debug_str     0x000bce10     0x25ea ./Core/Src/syscalls.o
                               0x98ae (size before relaxing)
 .debug_str     0x000bf3fa       0x6b ./Core/Src/sysmem.o
                               0x60c6 (size before relaxing)
 .debug_str     0x000bf465       0xf2 ./Core/Src/system_stm32l4xx.o
                              0xb65b6 (size before relaxing)
 .debug_str     0x000bf557       0x44 ./Core/Startup/startup_stm32l432kcux.o
                                 0x79 (size before relaxing)
 .debug_str     0x000bf59b      0x553 ./Drivers/STM32L4xx_HAL_Driver/Src/stm32l4xx_hal.o
                              0xb6f43 (size before relaxing)
 .debug_str     0x000bfaee      0x3b2 ./Drivers/STM32L4xx_HAL_Driver/Src/stm32l4xx_hal_can.o
                              0xb6c49 (size before relaxing)
 .debug_str     0x000bfea0      0x34e ./Drivers/STM32L4xx_HAL_Driver/Src/stm32l4xx_hal_cortex.o
                              0xb6d16 (size before relaxing)
 .debug_str     0x000c01ee      0x115 ./Drivers/STM32L4xx_HAL_Driver/Src/stm32l4xx_hal_gpio.o
                              0xb672a (size before relaxing)
 .debug_str     0x000c0303      0x44e ./Drivers/STM32L4xx_HAL_Driver/Src/stm32l4xx_hal_pwr_ex.o
                              0xb6a5e (size before relaxing)
 .debug_str     0x000c0751      0x38c ./Drivers/STM32L4xx_HAL_Driver/Src/stm32l4xx_hal_rcc.o