C:/Users/joe/Desktop/Github/Cyphal_STM32/Node2/nunavut/support/serialization.h:90:22:nunavutChooseMin	1
C:/Users/joe/Desktop/Github/Cyphal_STM32/Node2/nunavut/support/serialization.h:104:22:nunavutSaturateBufferFragmentBitLength	1
C:/Users/joe/Desktop/Github/Cyphal_STM32/Node2/nunavut/support/serialization.h:125:20:nunavutCopyBits	7
C:/Users/joe/Desktop/Github/Cyphal_STM32/Node2/nunavut/support/serialization.h:199:20:nunavutGetBits	1
C:/Users/joe/Desktop/Github/Cyphal_STM32/Node2/nunavut/support/serialization.h:243:22:nunavutSetUxx	2
C:/Users/joe/Desktop/Github/Cyphal_STM32/Node2/uavcan/node/Health_1_0.h:117:22:uavcan_node_Health_1_0_serialize_	8
C:/Users/joe/Desktop/Github/Cyphal_STM32/Node2/uavcan/node/Mode_1_0.h:117:22:uavcan_node_Mode_1_0_serialize_	8
C:/Users/joe/Desktop/Github/Cyphal_STM32/Node2/uavcan/node/Heartbeat_1_0.h:122:22:uavcan_node_Heartbeat_1_0_serialize_	13
C:/Users/joe/Desktop/Github/Cyphal_STM32/Node2/uavcan/primitive/array/Real64_1_0.h:184:22:uavcan_primitive_array_Real64_1_0_deserialize_	8
C:/Users/joe/Desktop/Github/Cyphal_STM32/Node2/uavcan/primitive/scalar/Integer8_1_0.h:105:22:uavcan_primitive_scalar_Integer8_1_0_serialize_	7
../Core/Src/main.c:95:10:micros	1
../Core/Src/main.c:114:5:main	6
../Core/Src/main.c:317:6:SystemClock_Config	4
../Core/Src/main.c:362:13:MX_CAN1_Init	2
../Core/Src/main.c:399:13:MX_GPIO_Init	1
../Core/Src/main.c:426:6:process_canard_TX_queue	6
../Core/Src/main.c:480:6:HAL_CAN_RxFifo0MsgPendingCallback	8
../Core/Src/main.c:575:6:HAL_CAN_RxFifo1MsgPendingCallback	1
../Core/Src/main.c:583:6:publishMyResponseMessage	3
../Core/Src/main.c:628:14:memAllocate	1
../Core/Src/main.c:636:13:memFree	1
../Core/Src/main.c:647:6:Error_Handler	1
