C:/Users/joe/Desktop/Github/Cyphal_STM32/Node2/nunavut/support/serialization.h:90:22:nunavutChooseMin	1
C:/Users/joe/Desktop/Github/Cyphal_STM32/Node2/nunavut/support/serialization.h:104:22:nunavutSaturateBufferFragmentBitLength	1
C:/Users/joe/Desktop/Github/Cyphal_STM32/Node2/nunavut/support/serialization.h:125:20:nunavutCopyBits	7
C:/Users/joe/Desktop/Github/Cyphal_STM32/Node2/nunavut/support/serialization.h:199:20:nunavutGetBits	1
C:/Users/joe/Desktop/Github/Cyphal_STM32/Node2/nunavut/support/serialization.h:243:22:nunavutSetUxx	2
C:/Users/joe/Desktop/Github/Cyphal_STM32/Node2/uavcan/node/Health_1_0.h:117:22:uavcan_node_Health_1_0_serialize_	8
C:/Users/joe/Desktop/Github/Cyphal_STM32/Node2/uavcan/node/Mode_1_0.h:117:22:uavcan_node_Mode_1_0_serialize_	8
C:/Users/joe/Desktop/Github/Cyphal_STM32/Node2/uavcan/node/Heartbeat_1_0.h:122:22:uavcan_node_Heartbeat_1_0_serialize_	13
C:/Users/joe/Desktop/Github/Cyphal_STM32/Node2/uavcan/node/Version_1_0.h:108:22:uavcan_node_Version_1_0_serialize_	7
C:/Users/joe/Desktop/Github/Cyphal_STM32/Node2/uavcan/node/GetInfo_1_0.h:142:22:uavcan_node_GetInfo_Request_1_0_deserialize_	6
C:/Users/joe/Desktop/Github/Cyphal_STM32/Node2/uavcan/node/GetInfo_1_0.h:262:22:uavcan_node_GetInfo_Response_1_0_serialize_	17
C:/Users/joe/Desktop/Github/Cyphal_STM32/Node2/uavcan/primitive/array/Real64_1_0.h:184:22:uavcan_primitive_array_Real64_1_0_deserialize_	8
../Core/Src/main.c:106:10:micros	1
../Core/Src/main.c:119:6:get_unique_id	2
../Core/Src/main.c:146:5:main	6
../Core/Src/main.c:319:6:SystemClock_Config	4
../Core/Src/main.c:364:13:MX_CAN1_Init	2
../Core/Src/main.c:405:13:MX_GPIO_Init	1
../Core/Src/main.c:430:6:HAL_CAN_TxMailbox0CompleteCallback	4
../Core/Src/main.c:446:6:HAL_CAN_TxMailbox1CompleteCallback	4
../Core/Src/main.c:459:6:HAL_CAN_TxMailbox2CompleteCallback	4
../Core/Src/main.c:472:6:process_canard_TX_queue	6
../Core/Src/main.c:517:6:handle_received_transfer	8
../Core/Src/main.c:631:6:HAL_CAN_RxFifo0MsgPendingCallback	5
../Core/Src/main.c:684:14:memAllocate	1
../Core/Src/main.c:690:13:memFree	1
../Core/Src/main.c:701:6:Error_Handler	1
