C:/Users/joe/Desktop/Github/Cyphal_STM32/Node2/nunavut/support/serialization.h:90:22:nunavutChooseMin	16	static
C:/Users/joe/Desktop/Github/Cyphal_STM32/Node2/nunavut/support/serialization.h:104:22:nunavutSaturateBufferFragmentBitLength	32	static
C:/Users/joe/Desktop/Github/Cyphal_STM32/Node2/nunavut/support/serialization.h:125:20:nunavutCopyBits	80	static
C:/Users/joe/Desktop/Github/Cyphal_STM32/Node2/nunavut/support/serialization.h:199:20:nunavutGetBits	40	static
C:/Users/joe/Desktop/Github/Cyphal_STM32/Node2/nunavut/support/serialization.h:243:22:nunavutSetUxx	40	static
C:/Users/joe/Desktop/Github/Cyphal_STM32/Node2/uavcan/node/Health_1_0.h:117:22:uavcan_node_Health_1_0_serialize_	80	static
C:/Users/joe/Desktop/Github/Cyphal_STM32/Node2/uavcan/node/Mode_1_0.h:117:22:uavcan_node_Mode_1_0_serialize_	80	static
C:/Users/joe/Desktop/Github/Cyphal_STM32/Node2/uavcan/node/Heartbeat_1_0.h:122:22:uavcan_node_Heartbeat_1_0_serialize_	160	static
C:/Users/joe/Desktop/Github/Cyphal_STM32/Node2/uavcan/node/GetInfo_1_0.h:112:22:uavcan_node_GetInfo_Request_1_0_serialize_	24	static
C:/Users/joe/Desktop/Github/Cyphal_STM32/Node2/uavcan/primitive/array/Real64_1_0.h:184:22:uavcan_primitive_array_Real64_1_0_deserialize_	48	static
../Core/Src/main.c:77:10:micros	4	static
../Core/Src/main.c:92:5:main	704	static
../Core/Src/main.c:262:6:SystemClock_Config	96	static
../Core/Src/main.c:307:13:MX_CAN1_Init	8	static
../Core/Src/main.c:344:13:MX_GPIO_Init	16	static
../Core/Src/main.c:357:6:process_canard_TX_queue	72	static
../Core/Src/main.c:388:6:HAL_CAN_RxFifo0MsgPendingCallback	392	static
../Core/Src/main.c:429:6:HAL_CAN_RxFifo1MsgPendingCallback	16	static
../Core/Src/main.c:434:14:memAllocate	16	static
../Core/Src/main.c:440:13:memFree	16	static
../Core/Src/main.c:451:6:Error_Handler	4	static,ignoring_inline_asm
