C:/Users/joe/Desktop/Github/Cyphal_STM32/Node1/nunavut/support/serialization.h:90:22:nunavutChooseMin	16	static
C:/Users/joe/Desktop/Github/Cyphal_STM32/Node1/nunavut/support/serialization.h:125:20:nunavutCopyBits	80	static
C:/Users/joe/Desktop/Github/Cyphal_STM32/Node1/nunavut/support/serialization.h:243:22:nunavutSetUxx	40	static
C:/Users/joe/Desktop/Github/Cyphal_STM32/Node1/uavcan/node/Health_1_0.h:117:22:uavcan_node_Health_1_0_serialize_	80	static
C:/Users/joe/Desktop/Github/Cyphal_STM32/Node1/uavcan/node/Mode_1_0.h:117:22:uavcan_node_Mode_1_0_serialize_	80	static
C:/Users/joe/Desktop/Github/Cyphal_STM32/Node1/uavcan/node/Heartbeat_1_0.h:122:22:uavcan_node_Heartbeat_1_0_serialize_	160	static
../Core/Src/main.c:73:10:micros	4	static
../Core/Src/main.c:88:5:main	128	static
../Core/Src/main.c:201:6:SystemClock_Config	96	static
../Core/Src/main.c:246:13:MX_CAN1_Init	8	static
../Core/Src/main.c:283:13:MX_GPIO_Init	16	static
../Core/Src/main.c:296:6:process_canard_TX_queue	72	static
../Core/Src/main.c:327:14:memAllocate	16	static
../Core/Src/main.c:333:13:memFree	16	static
../Core/Src/main.c:344:6:Error_Handler	4	static,ignoring_inline_asm
