C:/Users/joe/Desktop/Github/Cyphal_STM32/Node1/nunavut/support/serialization.h:90:22:nunavutChooseMin	1
C:/Users/joe/Desktop/Github/Cyphal_STM32/Node1/nunavut/support/serialization.h:125:20:nunavutCopyBits	7
C:/Users/joe/Desktop/Github/Cyphal_STM32/Node1/nunavut/support/serialization.h:243:22:nunavutSetUxx	2
C:/Users/joe/Desktop/Github/Cyphal_STM32/Node1/uavcan/node/Health_1_0.h:117:22:uavcan_node_Health_1_0_serialize_	8
C:/Users/joe/Desktop/Github/Cyphal_STM32/Node1/uavcan/node/Mode_1_0.h:117:22:uavcan_node_Mode_1_0_serialize_	8
C:/Users/joe/Desktop/Github/Cyphal_STM32/Node1/uavcan/node/Heartbeat_1_0.h:122:22:uavcan_node_Heartbeat_1_0_serialize_	13
../Core/Src/main.c:73:10:micros	1
../Core/Src/main.c:88:5:main	4
../Core/Src/main.c:201:6:SystemClock_Config	4
../Core/Src/main.c:246:13:MX_CAN1_Init	2
../Core/Src/main.c:283:13:MX_GPIO_Init	1
../Core/Src/main.c:296:6:process_canard_TX_queue	5
../Core/Src/main.c:327:14:memAllocate	1
../Core/Src/main.c:333:13:memFree	1
../Core/Src/main.c:344:6:Error_Handler	1
