C:/Users/joe/Desktop/Github/Cyphal_STM32/Node1/nunavut/support/serialization.h:90:22:nunavutChooseMin	1
C:/Users/joe/Desktop/Github/Cyphal_STM32/Node1/nunavut/support/serialization.h:104:22:nunavutSaturateBufferFragmentBitLength	1
C:/Users/joe/Desktop/Github/Cyphal_STM32/Node1/nunavut/support/serialization.h:125:20:nunavutCopyBits	7
C:/Users/joe/Desktop/Github/Cyphal_STM32/Node1/nunavut/support/serialization.h:199:20:nunavutGetBits	1
C:/Users/joe/Desktop/Github/Cyphal_STM32/Node1/nunavut/support/serialization.h:243:22:nunavutSetUxx	2
C:/Users/joe/Desktop/Github/Cyphal_STM32/Node1/uavcan/node/Health_1_0.h:117:22:uavcan_node_Health_1_0_serialize_	8
C:/Users/joe/Desktop/Github/Cyphal_STM32/Node1/uavcan/node/Mode_1_0.h:117:22:uavcan_node_Mode_1_0_serialize_	8
C:/Users/joe/Desktop/Github/Cyphal_STM32/Node1/uavcan/node/Heartbeat_1_0.h:122:22:uavcan_node_Heartbeat_1_0_serialize_	13
C:/Users/joe/Desktop/Github/Cyphal_STM32/Node1/uavcan/node/GetInfo_1_0.h:112:22:uavcan_node_GetInfo_Request_1_0_serialize_	4
C:/Users/joe/Desktop/Github/Cyphal_STM32/Node1/uavcan/primitive/array/Real64_1_0.h:184:22:uavcan_primitive_array_Real64_1_0_deserialize_	8
../Core/Src/main.c:77:10:micros	1
../Core/Src/main.c:92:5:main	9
../Core/Src/main.c:262:6:SystemClock_Config	4
../Core/Src/main.c:307:13:MX_CAN1_Init	2
../Core/Src/main.c:344:13:MX_GPIO_Init	1
../Core/Src/main.c:357:6:process_canard_TX_queue	5
../Core/Src/main.c:388:6:HAL_CAN_RxFifo0MsgPendingCallback	3
../Core/Src/main.c:429:6:HAL_CAN_RxFifo1MsgPendingCallback	1
../Core/Src/main.c:434:14:memAllocate	1
../Core/Src/main.c:440:13:memFree	1
../Core/Src/main.c:451:6:Error_Handler	1
