C:/Users/joe/Desktop/Github/Cyphal_STM32/Cyphaltest3/libcanard/cavl.h:80:21:cavlFindExtremum	24	static
C:/Users/joe/Desktop/Github/Cyphal_STM32/Cyphaltest3/libcanard/cavl.h:96:20:cavlPrivateRotate	24	static
C:/Users/joe/Desktop/Github/Cyphal_STM32/Cyphaltest3/libcanard/cavl.h:117:21:cavlPrivateAdjustBalance	32	static
C:/Users/joe/Desktop/Github/Cyphal_STM32/Cyphaltest3/libcanard/cavl.h:179:21:cavlPrivateRetraceOnGrowth	32	static
C:/Users/joe/Desktop/Github/Cyphal_STM32/Cyphaltest3/libcanard/cavl.h:199:21:cavlSearch	48	static
C:/Users/joe/Desktop/Github/Cyphal_STM32/Cyphaltest3/libcanard/cavl.h:242:20:cavlRemove	40	static
C:/Users/joe/Desktop/Github/Cyphal_STM32/Cyphaltest3/libcanard/canard.c:70:32:avlTrivialFactory	16	static
C:/Users/joe/Desktop/Github/Cyphal_STM32/Cyphaltest3/libcanard/canard.c:108:28:crcAddByte	16	static
C:/Users/joe/Desktop/Github/Cyphal_STM32/Cyphaltest3/libcanard/canard.c:131:28:crcAdd	40	static
C:/Users/joe/Desktop/Github/Cyphal_STM32/Cyphaltest3/libcanard/canard.c:170:25:txMakeMessageSessionSpecifier	24	static
C:/Users/joe/Desktop/Github/Cyphal_STM32/Cyphaltest3/libcanard/canard.c:178:25:txMakeServiceSessionSpecifier	24	static
C:/Users/joe/Desktop/Github/Cyphal_STM32/Cyphaltest3/libcanard/canard.c:192:23:adjustPresentationLayerMTU	24	static
C:/Users/joe/Desktop/Github/Cyphal_STM32/Cyphaltest3/libcanard/canard.c:211:24:txMakeCANID	48	static
C:/Users/joe/Desktop/Github/Cyphal_STM32/Cyphaltest3/libcanard/canard.c:278:24:txMakeTailByte	24	static
C:/Users/joe/Desktop/Github/Cyphal_STM32/Cyphaltest3/libcanard/canard.c:290:23:txRoundFramePayloadSizeUp	24	static
C:/Users/joe/Desktop/Github/Cyphal_STM32/Cyphaltest3/libcanard/canard.c:300:24:txAllocateQueueItem	32	static
C:/Users/joe/Desktop/Github/Cyphal_STM32/Cyphaltest3/libcanard/canard.c:328:23:txAVLPredicate	24	static
C:/Users/joe/Desktop/Github/Cyphal_STM32/Cyphaltest3/libcanard/canard.c:338:24:txPushSingleFrame	64	static
C:/Users/joe/Desktop/Github/Cyphal_STM32/Cyphaltest3/libcanard/canard.c:385:24:txGenerateMultiFrameChain	88	static
C:/Users/joe/Desktop/Github/Cyphal_STM32/Cyphaltest3/libcanard/canard.c:483:24:txPushMultiFrame	88	static
C:/Users/joe/Desktop/Github/Cyphal_STM32/Cyphaltest3/libcanard/canard.c:586:21:rxTryParseFrame	40	static
C:/Users/joe/Desktop/Github/Cyphal_STM32/Cyphaltest3/libcanard/canard.c:652:21:rxInitTransferMetadataFromFrame	16	static
C:/Users/joe/Desktop/Github/Cyphal_STM32/Cyphaltest3/libcanard/canard.c:666:24:rxComputeTransferIDDifference	24	static
C:/Users/joe/Desktop/Github/Cyphal_STM32/Cyphaltest3/libcanard/canard.c:679:23:rxSessionWritePayload	32	static
C:/Users/joe/Desktop/Github/Cyphal_STM32/Cyphaltest3/libcanard/canard.c:731:21:rxSessionRestart	16	static
C:/Users/joe/Desktop/Github/Cyphal_STM32/Cyphaltest3/libcanard/canard.c:745:23:rxSessionAcceptFrame	40	static
C:/Users/joe/Desktop/Github/Cyphal_STM32/Cyphaltest3/libcanard/canard.c:815:23:rxSessionUpdate	48	static
C:/Users/joe/Desktop/Github/Cyphal_STM32/Cyphaltest3/libcanard/canard.c:866:23:rxAcceptFrame	64	static
C:/Users/joe/Desktop/Github/Cyphal_STM32/Cyphaltest3/libcanard/canard.c:949:1:rxSubscriptionPredicateOnPortID	24	static
C:/Users/joe/Desktop/Github/Cyphal_STM32/Cyphaltest3/libcanard/canard.c:960:1:rxSubscriptionPredicateOnStruct	16	static
C:/Users/joe/Desktop/Github/Cyphal_STM32/Cyphaltest3/libcanard/canard.c:980:16:canardInit	64	static
C:/Users/joe/Desktop/Github/Cyphal_STM32/Cyphaltest3/libcanard/canard.c:994:15:canardTxInit	56	static
C:/Users/joe/Desktop/Github/Cyphal_STM32/Cyphaltest3/libcanard/canard.c:1006:9:canardTxPush	64	static
C:/Users/joe/Desktop/Github/Cyphal_STM32/Cyphaltest3/libcanard/canard.c:1053:26:canardTxPeek	24	static
C:/Users/joe/Desktop/Github/Cyphal_STM32/Cyphaltest3/libcanard/canard.c:1065:20:canardTxPop	24	static
C:/Users/joe/Desktop/Github/Cyphal_STM32/Cyphaltest3/libcanard/canard.c:1084:8:canardRxAccept	72	static
C:/Users/joe/Desktop/Github/Cyphal_STM32/Cyphaltest3/libcanard/canard.c:1136:8:canardRxSubscribe	40	static
C:/Users/joe/Desktop/Github/Cyphal_STM32/Cyphaltest3/libcanard/canard.c:1175:8:canardRxUnsubscribe	40	static
C:/Users/joe/Desktop/Github/Cyphal_STM32/Cyphaltest3/libcanard/canard.c:1206:14:canardMakeFilterForSubject	24	static
C:/Users/joe/Desktop/Github/Cyphal_STM32/Cyphaltest3/libcanard/canard.c:1216:14:canardMakeFilterForService	24	static
C:/Users/joe/Desktop/Github/Cyphal_STM32/Cyphaltest3/libcanard/canard.c:1228:14:canardMakeFilterForServices	24	static
C:/Users/joe/Desktop/Github/Cyphal_STM32/Cyphaltest3/libcanard/canard.c:1238:14:canardConsolidateFilters	32	static
C:/Users/joe/Desktop/Github/Cyphal_STM32/Cyphaltest3/nunavut/support/serialization.h:88:22:nunavutChooseMin	16	static
C:/Users/joe/Desktop/Github/Cyphal_STM32/Cyphaltest3/nunavut/support/serialization.h:102:22:nunavutSaturateBufferFragmentBitLength	32	static
C:/Users/joe/Desktop/Github/Cyphal_STM32/Cyphaltest3/nunavut/support/serialization.h:123:20:nunavutCopyBits	80	static
C:/Users/joe/Desktop/Github/Cyphal_STM32/Cyphaltest3/nunavut/support/serialization.h:197:20:nunavutGetBits	40	static
C:/Users/joe/Desktop/Github/Cyphal_STM32/Cyphaltest3/nunavut/support/serialization.h:241:22:nunavutSetUxx	40	static
C:/Users/joe/Desktop/Github/Cyphal_STM32/Cyphaltest3/uavcan/node/Health_1_0.h:107:22:uavcan_node_Health_1_0_serialize_	80	static
C:/Users/joe/Desktop/Github/Cyphal_STM32/Cyphaltest3/uavcan/node/Mode_1_0.h:107:22:uavcan_node_Mode_1_0_serialize_	80	static
C:/Users/joe/Desktop/Github/Cyphal_STM32/Cyphaltest3/uavcan/node/Heartbeat_1_0.h:114:22:uavcan_node_Heartbeat_1_0_serialize_	160	static
C:/Users/joe/Desktop/Github/Cyphal_STM32/Cyphaltest3/uavcan/node/GetInfo_1_0.h:102:22:uavcan_node_GetInfo_Request_1_0_serialize_	24	static
C:/Users/joe/Desktop/Github/Cyphal_STM32/Cyphaltest3/uavcan/primitive/array/Real64_1_0.h:189:22:uavcan_primitive_array_Real64_1_0_deserialize_	48	static
../Core/Src/main.c:78:10:micros	4	static
../Core/Src/main.c:93:5:main	704	static
../Core/Src/main.c:263:6:SystemClock_Config	96	static
../Core/Src/main.c:308:13:MX_CAN1_Init	8	static
../Core/Src/main.c:345:13:MX_GPIO_Init	16	static
../Core/Src/main.c:358:6:process_canard_TX_queue	72	static
../Core/Src/main.c:389:6:HAL_CAN_RxFifo0MsgPendingCallback	392	static
../Core/Src/main.c:430:6:HAL_CAN_RxFifo1MsgPendingCallback	16	static
../Core/Src/main.c:435:14:memAllocate	16	static
../Core/Src/main.c:441:13:memFree	16	static
../Core/Src/main.c:452:6:Error_Handler	4	static,ignoring_inline_asm
