Archive member included to satisfy reference by file (symbol)

C:/ST/STM32CubeIDE_1.16.0/STM32CubeIDE/plugins/com.st.stm32cube.ide.mcu.externaltools.gnu-tools-for-stm32.12.3.rel1.win32_1.0.200.202406191623/tools/bin/../lib/gcc/arm-none-eabi/12.3.1/../../../../arm-none-eabi/lib/thumb/v7e-m+fp/hard\libc_nano.a(libc_a-assert.o)
                              ./Core/Src/main.o (__assert_func)
C:/ST/STM32CubeIDE_1.16.0/STM32CubeIDE/plugins/com.st.stm32cube.ide.mcu.externaltools.gnu-tools-for-stm32.12.3.rel1.win32_1.0.200.202406191623/tools/bin/../lib/gcc/arm-none-eabi/12.3.1/../../../../arm-none-eabi/lib/thumb/v7e-m+fp/hard\libc_nano.a(libc_a-exit.o)
                              C:/ST/STM32CubeIDE_1.16.0/STM32CubeIDE/plugins/com.st.stm32cube.ide.mcu.externaltools.gnu-tools-for-stm32.12.3.rel1.win32_1.0.200.202406191623/tools/bin/../lib/gcc/arm-none-eabi/12.3.1/../../../../arm-none-eabi/lib/thumb/v7e-m+fp/hard/crt0.o (exit)
C:/ST/STM32CubeIDE_1.16.0/STM32CubeIDE/plugins/com.st.stm32cube.ide.mcu.externaltools.gnu-tools-for-stm32.12.3.rel1.win32_1.0.200.202406191623/tools/bin/../lib/gcc/arm-none-eabi/12.3.1/../../../../arm-none-eabi/lib/thumb/v7e-m+fp/hard\libc_nano.a(libc_a-malloc.o)
                              ./Core/Src/main.o (malloc)
C:/ST/STM32CubeIDE_1.16.0/STM32CubeIDE/plugins/com.st.stm32cube.ide.mcu.externaltools.gnu-tools-for-stm32.12.3.rel1.win32_1.0.200.202406191623/tools/bin/../lib/gcc/arm-none-eabi/12.3.1/../../../../arm-none-eabi/lib/thumb/v7e-m+fp/hard\libc_nano.a(libc_a-mallocr.o)
                              C:/ST/STM32CubeIDE_1.16.0/STM32CubeIDE/plugins/com.st.stm32cube.ide.mcu.externaltools.gnu-tools-for-stm32.12.3.rel1.win32_1.0.200.202406191623/tools/bin/../lib/gcc/arm-none-eabi/12.3.1/../../../../arm-none-eabi/lib/thumb/v7e-m+fp/hard\libc_nano.a(libc_a-malloc.o) (_malloc_r)
C:/ST/STM32CubeIDE_1.16.0/STM32CubeIDE/plugins/com.st.stm32cube.ide.mcu.externaltools.gnu-tools-for-stm32.12.3.rel1.win32_1.0.200.202406191623/tools/bin/../lib/gcc/arm-none-eabi/12.3.1/../../../../arm-none-eabi/lib/thumb/v7e-m+fp/hard\libc_nano.a(libc_a-mlock.o)
                              C:/ST/STM32CubeIDE_1.16.0/STM32CubeIDE/plugins/com.st.stm32cube.ide.mcu.externaltools.gnu-tools-for-stm32.12.3.rel1.win32_1.0.200.202406191623/tools/bin/../lib/gcc/arm-none-eabi/12.3.1/../../../../arm-none-eabi/lib/thumb/v7e-m+fp/hard\libc_nano.a(libc_a-mallocr.o) (__malloc_lock)
C:/ST/STM32CubeIDE_1.16.0/STM32CubeIDE/plugins/com.st.stm32cube.ide.mcu.externaltools.gnu-tools-for-stm32.12.3.rel1.win32_1.0.200.202406191623/tools/bin/../lib/gcc/arm-none-eabi/12.3.1/../../../../arm-none-eabi/lib/thumb/v7e-m+fp/hard\libc_nano.a(libc_a-findfp.o)
                              C:/ST/STM32CubeIDE_1.16.0/STM32CubeIDE/plugins/com.st.stm32cube.ide.mcu.externaltools.gnu-tools-for-stm32.12.3.rel1.win32_1.0.200.202406191623/tools/bin/../lib/gcc/arm-none-eabi/12.3.1/../../../../arm-none-eabi/lib/thumb/v7e-m+fp/hard\libc_nano.a(libc_a-exit.o) (__stdio_exit_handler)
C:/ST/STM32CubeIDE_1.16.0/STM32CubeIDE/plugins/com.st.stm32cube.ide.mcu.externaltools.gnu-tools-for-stm32.12.3.rel1.win32_1.0.200.202406191623/tools/bin/../lib/gcc/arm-none-eabi/12.3.1/../../../../arm-none-eabi/lib/thumb/v7e-m+fp/hard\libc_nano.a(libc_a-fprintf.o)
                              C:/ST/STM32CubeIDE_1.16.0/STM32CubeIDE/plugins/com.st.stm32cube.ide.mcu.externaltools.gnu-tools-for-stm32.12.3.rel1.win32_1.0.200.202406191623/tools/bin/../lib/gcc/arm-none-eabi/12.3.1/../../../../arm-none-eabi/lib/thumb/v7e-m+fp/hard\libc_nano.a(libc_a-assert.o) (fiprintf)
C:/ST/STM32CubeIDE_1.16.0/STM32CubeIDE/plugins/com.st.stm32cube.ide.mcu.externaltools.gnu-tools-for-stm32.12.3.rel1.win32_1.0.200.202406191623/tools/bin/../lib/gcc/arm-none-eabi/12.3.1/../../../../arm-none-eabi/lib/thumb/v7e-m+fp/hard\libc_nano.a(libc_a-fwalk.o)
                              C:/ST/STM32CubeIDE_1.16.0/STM32CubeIDE/plugins/com.st.stm32cube.ide.mcu.externaltools.gnu-tools-for-stm32.12.3.rel1.win32_1.0.200.202406191623/tools/bin/../lib/gcc/arm-none-eabi/12.3.1/../../../../arm-none-eabi/lib/thumb/v7e-m+fp/hard\libc_nano.a(libc_a-findfp.o) (_fwalk_sglue)
C:/ST/STM32CubeIDE_1.16.0/STM32CubeIDE/plugins/com.st.stm32cube.ide.mcu.externaltools.gnu-tools-for-stm32.12.3.rel1.win32_1.0.200.202406191623/tools/bin/../lib/gcc/arm-none-eabi/12.3.1/../../../../arm-none-eabi/lib/thumb/v7e-m+fp/hard\libc_nano.a(libc_a-stdio.o)
                              C:/ST/STM32CubeIDE_1.16.0/STM32CubeIDE/plugins/com.st.stm32cube.ide.mcu.externaltools.gnu-tools-for-stm32.12.3.rel1.win32_1.0.200.202406191623/tools/bin/../lib/gcc/arm-none-eabi/12.3.1/../../../../arm-none-eabi/lib/thumb/v7e-m+fp/hard\libc_nano.a(libc_a-findfp.o) (__sread)
C:/ST/STM32CubeIDE_1.16.0/STM32CubeIDE/plugins/com.st.stm32cube.ide.mcu.externaltools.gnu-tools-for-stm32.12.3.rel1.win32_1.0.200.202406191623/tools/bin/../lib/gcc/arm-none-eabi/12.3.1/../../../../arm-none-eabi/lib/thumb/v7e-m+fp/hard\libc_nano.a(libc_a-memmove.o)
[...]
Memory Configuration

Name             Origin             Length             Attributes
RAM              0x20000000         0x00010000         xrw
RAM2             0x10000000         0x00004000         xrw
FLASH            0x08000000         0x00040000         xr
*default*        0x00000000         0xffffffff

Linker script and memory map

LOAD C:/ST/STM32CubeIDE_1.16.0/STM32CubeIDE/plugins/com.st.stm32cube.ide.mcu.externaltools.gnu-tools-for-stm32.12.3.rel1.win32_1.0.200.202406191623/tools/bin/../lib/gcc/arm-none-eabi/12.3.1/thumb/v7e-m+fp/hard/crti.o
LOAD C:/ST/STM32CubeIDE_1.16.0/STM32CubeIDE/plugins/com.st.stm32cube.ide.mcu.externaltools.gnu-tools-for-stm32.12.3.rel1.win32_1.0.200.202406191623/tools/bin/../lib/gcc/arm-none-eabi/12.3.1/thumb/v7e-m+fp/hard/crtbegin.o
LOAD C:/ST/STM32CubeIDE_1.16.0/STM32CubeIDE/plugins/com.st.stm32cube.ide.mcu.externaltools.gnu-tools-for-stm32.12.3.rel1.win32_1.0.200.202406191623/tools/bin/../lib/gcc/arm-none-eabi/12.3.1/../../../../arm-none-eabi/lib/thumb/v7e-m+fp/hard/crt0.o
LOAD ./Core/Src/main.o
LOAD ./Core/Src/stm32l4xx_hal_msp.o
LOAD ./Core/Src/stm32l4xx_it.o
LOAD ./Core/Src/syscalls.o
LOAD ./Core/Src/sysmem.o
LOAD ./Core/Src/system_stm32l4xx.o
LOAD ./Core/Startup/startup_stm32l432kcux.o
LOAD ./Drivers/STM32L4xx_HAL_Driver/Src/stm32l4xx_hal.o
LOAD ./Drivers/STM32L4xx_HAL_Driver/Src/stm32l4xx_hal_can.o
LOAD ./Drivers/STM32L4xx_HAL_Driver/Src/stm32l4xx_hal_cortex.o
LOAD ./Drivers/STM32L4xx_HAL_Driver/Src/stm32l4xx_hal_dma.o
LOAD ./Drivers/STM32L4xx_HAL_Driver/Src/stm32l4xx_hal_dma_ex.o
LOAD ./Drivers/STM32L4xx_HAL_Driver/Src/stm32l4xx_hal_exti.o
LOAD ./Drivers/STM32L4xx_HAL_Driver/Src/stm32l4xx_hal_flash.o
LOAD ./Drivers/STM32L4xx_HAL_Driver/Src/stm32l4xx_hal_flash_ex.o
LOAD ./Drivers/STM32L4xx_HAL_Driver/Src/stm32l4xx_hal_flash_ramfunc.o
LOAD ./Drivers/STM32L4xx_HAL_Driver/Src/stm32l4xx_hal_gpio.o
LOAD ./Drivers/STM32L4xx_HAL_Driver/Src/stm32l4xx_hal_i2c.o
LOAD ./Drivers/STM32L4xx_HAL_Driver/Src/stm32l4xx_hal_i2c_ex.o
LOAD ./Drivers/STM32L4xx_HAL_Driver/Src/stm32l4xx_hal_pwr.o
LOAD ./Drivers/STM32L4xx_HAL_Driver/Src/stm32l4xx_hal_pwr_ex.o
LOAD ./Drivers/STM32L4xx_HAL_Driver/Src/stm32l4xx_hal_rcc.o
LOAD ./Drivers/STM32L4xx_HAL_Driver/Src/stm32l4xx_hal_rcc_ex.o
LOAD ./Drivers/STM32L4xx_HAL_Driver/Src/stm32l4xx_hal_tim.o
LOAD ./Drivers/STM32L4xx_HAL_Driver/Src/stm32l4xx_hal_tim_ex.o
START GROUP
LOAD C:/ST/STM32CubeIDE_1.16.0/STM32CubeIDE/plugins/com.st.stm32cube.ide.mcu.externaltools.gnu-tools-for-stm32.12.3.rel1.win32_1.0.200.202406191623/tools/bin/../lib/gcc/arm-none-eabi/12.3.1/../../../../arm-none-eabi/lib/thumb/v7e-m+fp/hard\libc_nano.a
LOAD C:/ST/STM32CubeIDE_1.16.0/STM32CubeIDE/plugins/com.st.stm32cube.ide.mcu.externaltools.gnu-tools-for-stm32.12.3.rel1.win32_1.0.200.202406191623/tools/bin/../lib/gcc/arm-none-eabi/12.3.1/../../../../arm-none-eabi/lib/thumb/v7e-m+fp/hard\libm.a
END GROUP
START GROUP
LOAD C:/ST/STM32CubeIDE_1.16.0/STM32CubeIDE/plugins/com.st.stm32cube.ide.mcu.externaltools.gnu-tools-for-stm32.12.3.rel1.win32_1.0.200.202406191623/tools/bin/../lib/gcc/arm-none-eabi/12.3.1/thumb/v7e-m+fp/hard\libgcc.a
LOAD C:/ST/STM32CubeIDE_1.16.0/STM32CubeIDE/plugins/com.st.stm32cube.ide.mcu.externaltools.gnu-tools-for-stm32.12.3.rel1.win32_1.0.200.202406191623/tools/bin/../lib/gcc/arm-none-eabi/12.3.1/../../../../arm-none-eabi/lib/thumb/v7e-m+fp/hard\libc_nano.a
END GROUP
START GROUP
LOAD C:/ST/STM32CubeIDE_1.16.0/STM32CubeIDE/plugins/com.st.stm32cube.ide.mcu.externaltools.gnu-tools-for-stm32.12.3.rel1.win32_1.0.200.202406191623/tools/bin/../lib/gcc/arm-none-eabi/12.3.1/thumb/v7e-m+fp/hard\libgcc.a
LOAD C:/ST/STM32CubeIDE_1.16.0/STM32CubeIDE/plugins/com.st.stm32cube.ide.mcu.externaltools.gnu-tools-for-stm32.12.3.rel1.win32_1.0.200.202406191623/tools/bin/../lib/gcc/arm-none-eabi/12.3.1/../../../../arm-none-eabi/lib/thumb/v7e-m+fp/hard\libc_nano.a
LOAD C:/ST/STM32CubeIDE_1.16.0/STM32CubeIDE/plugins/com.st.stm32cube.ide.mcu.externaltools.gnu-tools-for-stm32.12.3.rel1.win32_1.0.200.202406191623/tools/bin/../lib/gcc/arm-none-eabi/12.3.1/../../../../arm-none-eabi/lib/thumb/v7e-m+fp/hard\libnosys.a
END GROUP
START GROUP
LOAD C:/ST/STM32CubeIDE_1.16.0/STM32CubeIDE/plugins/com.st.stm32cube.ide.mcu.externaltools.gnu-tools-for-stm32.12.3.rel1.win32_1.0.200.202406191623/tools/bin/../lib/gcc/arm-none-eabi/12.3.1/thumb/v7e-m+fp/hard\libgcc.a
LOAD C:/ST/STM32CubeIDE_1.16.0/STM32CubeIDE/plugins/com.st.stm32cube.ide.mcu.externaltools.gnu-tools-for-stm32.12.3.rel1.win32_1.0.200.202406191623/tools/bin/../lib/gcc/arm-none-eabi/12.3.1/../../../../arm-none-eabi/lib/thumb/v7e-m+fp/hard\libc_nano.a
LOAD C:/ST/STM32CubeIDE_1.16.0/STM32CubeIDE/plugins/com.st.stm32cube.ide.mcu.externaltools.gnu-tools-for-stm32.12.3.rel1.win32_1.0.200.202406191623/tools/bin/../lib/gcc/arm-none-eabi/12.3.1/../../../../arm-none-eabi/lib/thumb/v7e-m+fp/hard\libnosys.a
END GROUP
LOAD C:/ST/STM32CubeIDE_1.16.0/STM32CubeIDE/plugins/com.st.stm32cube.ide.mcu.externaltools.gnu-tools-for-stm32.12.3.rel1.win32_1.0.200.202406191623/tools/bin/../lib/gcc/arm-none-eabi/12.3.1/thumb/v7e-m+fp/hard/crtend.o
LOAD C:/ST/STM32CubeIDE_1.16.0/STM32CubeIDE/plugins/com.st.stm32cube.ide.mcu.externaltools.gnu-tools-for-stm32.12.3.rel1.win32_1.0.200.202406191623/tools/bin/../lib/gcc/arm-none-eabi/12.3.1/thumb/v7e-m+fp/hard/crtn.o
                0x20010000                        _estack = (ORIGIN (RAM) + LENGTH (RAM))
                0x00000200                        _Min_Heap_Size = 0x200
                0x00000400                        _Min_Stack_Size = 0x400

.isr_vector     0x08000000      0x18c
                0x08000000                        . = ALIGN (0x4)
 *(.isr_vector)
 .isr_vector    0x08000000      0x18c ./Core/Startup/startup_stm32l432kcux.o
                0x08000000                g_pfnVectors
                0x0800018c                        . = ALIGN (0x4)

.text           0x08000190     0x6c18
                0x08000190                        . = ALIGN (0x4)
 *(.text)
 .text          0x08000190       0x40 C:/ST/STM32CubeIDE_1.16.0/STM32CubeIDE/plugins/com.st.stm32cube.ide.mcu.externaltools.gnu-tools-for-stm32.12.3.rel1.win32_1.0.200.202406191623/tools/bin/../lib/gcc/arm-none-eabi/12.3.1/thumb/v7e-m+fp/hard/crtbegin.o
 .text          0x080001d0       0xa0 C:/ST/STM32CubeIDE_1.16.0/STM32CubeIDE/plugins/com.st.stm32cube.ide.mcu.externaltools.gnu-tools-for-stm32.12.3.rel1.win32_1.0.200.202406191623/tools/bin/../lib/gcc/arm-none-eabi/12.3.1/../../../../arm-none-eabi/lib/thumb/v7e-m+fp/hard\libc_nano.a(libc_a-memchr.o)
                0x080001d0                memchr
 *(.text*)
 .text.cavlFindExtremum
                0x08000270       0x3a ./Core/Src/main.o
 *fill*         0x080002aa        0x2 
 .text.cavlPrivateRotate
                0x080002ac       0xf4 ./Core/Src/main.o
 .text.cavlPrivateAdjustBalance
                0x080003a0      0x1c4 ./Core/Src/main.o
 .text.cavlPrivateRetraceOnGrowth
                0x08000564       0xbc ./Core/Src/main.o
 .text.cavlSearch
                0x08000620       0xfc ./Core/Src/main.o
 .text.cavlRemove
                0x0800071c      0x264 ./Core/Src/main.o
 .text.avlTrivialFactory
                0x08000980       0x16 ./Core/Src/main.o
 *fill*         0x08000996        0x2 
 .text.crcAddByte
                0x08000998       0x40 ./Core/Src/main.o
 .text.crcAdd   0x080009d8       0x70 ./Core/Src/main.o
 .text.txMakeMessageSessionSpecifier
                0x08000a48       0x64 ./Core/Src/main.o
 .text.txMakeServiceSessionSpecifier
                0x08000aac       0x98 ./Core/Src/main.o
 .text.adjustPresentationLayerMTU
                0x08000b44       0x60 ./Core/Src/main.o
 .text.txMakeCANID
                0x08000ba4      0x1b4 ./Core/Src/main.o
 .text.txMakeTailByte
                0x08000d58       0x84 ./Core/Src/main.o
 .text.txRoundFramePayloadSizeUp
                0x08000ddc       0x64 ./Core/Src/main.o
 .text.txAllocateQueueItem
                0x08000e40       0xa4 ./Core/Src/main.o
 .text.txAVLPredicate
                0x08000ee4       0x54 ./Core/Src/main.o
 .text.txPushSingleFrame
                0x08000f38      0x1b8 ./Core/Src/main.o
 .text.txGenerateMultiFrameChain
                0x080010f0      0x27c ./Core/Src/main.o
 .text.txPushMultiFrame
                0x0800136c      0x1e8 ./Core/Src/main.o
 .text.rxTryParseFrame
                0x08001554      0x288 ./Core/Src/main.o
 .text.rxInitTransferMetadataFromFrame
                0x080017dc       0x8c ./Core/Src/main.o
 .text.rxComputeTransferIDDifference
                0x08001868       0x7c ./Core/Src/main.o
 .text.rxSessionWritePayload
                0x080018e4      0x1e0 ./Core/Src/main.o
 .text.rxSessionRestart
                0x08001ac4       0x8c ./Core/Src/main.o
 .text.rxSessionAcceptFrame
                0x08001b50      0x24c ./Core/Src/main.o
 .text.rxSessionUpdate
                0x08001d9c      0x1ec ./Core/Src/main.o
 .text.rxAcceptFrame
                0x08001f88      0x25c ./Core/Src/main.o
 .text.rxSubscriptionPredicateOnPortID
                0x080021e4       0x48 ./Core/Src/main.o
 .text.rxSubscriptionPredicateOnStruct
                0x0800222c       0x20 ./Core/Src/main.o
 .text.canardInit
                0x0800224c       0x7c ./Core/Src/main.o
                0x0800224c                canardInit
 .text.canardTxInit
                0x080022c8       0x3a ./Core/Src/main.o
                0x080022c8                canardTxInit
 *fill*         0x08002302        0x2 
 .text.canardTxPush
                0x08002304      0x114 ./Core/Src/main.o
                0x08002304                canardTxPush
 .text.canardTxPeek
                0x08002418       0x2a ./Core/Src/main.o
                0x08002418                canardTxPeek
 .text.canardTxPop
                0x08002442       0x40 ./Core/Src/main.o
                0x08002442                canardTxPop
 *fill*         0x08002482        0x2 
 .text.canardRxAccept
                0x08002484      0x120 ./Core/Src/main.o
                0x08002484                canardRxAccept
 .text.canardRxSubscribe
                0x080025a4       0xd8 ./Core/Src/main.o
                0x080025a4                canardRxSubscribe
 .text.canardRxUnsubscribe
                0x0800267c       0xfc ./Core/Src/main.o
                0x0800267c                canardRxUnsubscribe
 .text.nunavutChooseMin
                0x08002778       0x20 ./Core/Src/main.o
 .text.nunavutSaturateBufferFragmentBitLength
                0x08002798       0x34 ./Core/Src/main.o
 .text.nunavutCopyBits
                0x080027cc      0x28c ./Core/Src/main.o
 .text.nunavutGetBits
                0x08002a58       0x84 ./Core/Src/main.o
 .text.nunavutSetUxx
                0x08002adc       0x6c ./Core/Src/main.o
 .text.uavcan_node_Health_1_0_serialize_
                0x08002b48      0x170 ./Core/Src/main.o
 .text.uavcan_node_Mode_1_0_serialize_
                0x08002cb8      0x170 ./Core/Src/main.o
 .text.uavcan_node_Heartbeat_1_0_serialize_
                0x08002e28      0x518 ./Core/Src/main.o
 .text.uavcan_node_GetInfo_Request_1_0_serialize_
                0x08003340       0x38 ./Core/Src/main.o
 .text.uavcan_primitive_array_Real64_1_0_deserialize_
                0x08003378      0x138 ./Core/Src/main.o
 .text.micros   0x080034b0       0x10 ./Core/Src/main.o
                0x080034b0                micros
 .text.main     0x080034c0      0x2c4 ./Core/Src/main.o
                0x080034c0                main
 .text.SystemClock_Config
                0x08003784       0x8c ./Core/Src/main.o
                0x08003784                SystemClock_Config
 .text.MX_CAN1_Init
                0x08003810       0x6c ./Core/Src/main.o
 .text.MX_GPIO_Init
                0x0800387c       0x30 ./Core/Src/main.o
 .text.process_canard_TX_queue
                0x080038ac       0xa8 ./Core/Src/main.o
                0x080038ac                process_canard_TX_queue
 .text.HAL_CAN_RxFifo0MsgPendingCallback
                0x08003954       0xd4 ./Core/Src/main.o
                0x08003954                HAL_CAN_RxFifo0MsgPendingCallback
 .text.HAL_CAN_RxFifo1MsgPendingCallback
                0x08003a28       0x14 ./Core/Src/main.o
                0x08003a28                HAL_CAN_RxFifo1MsgPendingCallback
 .text.memAllocate
                0x08003a3c       0x1a ./Core/Src/main.o
 .text.memFree  0x08003a56       0x18 ./Core/Src/main.o
 .text.Error_Handler
                0x08003a6e        0xc ./Core/Src/main.o
                0x08003a6e                Error_Handler
 *fill*         0x08003a7a        0x2 
 .text.HAL_MspInit
                0x08003a7c       0x48 ./Core/Src/stm32l4xx_hal_msp.o
                0x08003a7c                HAL_MspInit
 .text.HAL_CAN_MspInit
                0x08003ac4       0xc8 ./Core/Src/stm32l4xx_hal_msp.o
                0x08003ac4                HAL_CAN_MspInit
 .text.NMI_Handler
                0x08003b8c        0x8 ./Core/Src/stm32l4xx_it.o
                0x08003b8c                NMI_Handler
 .text.HardFault_Handler
                0x08003b94        0x8 ./Core/Src/stm32l4xx_it.o
                0x08003b94                HardFault_Handler
 .text.MemManage_Handler
                0x08003b9c        0x8 ./Core/Src/stm32l4xx_it.o
                0x08003b9c                MemManage_Handler
 .text.BusFault_Handler
                0x08003ba4        0x8 ./Core/Src/stm32l4xx_it.o
                0x08003ba4                BusFault_Handler
 .text.UsageFault_Handler
                0x08003bac        0x8 ./Core/Src/stm32l4xx_it.o
                0x08003bac                UsageFault_Handler
 .text.SVC_Handler
                0x08003bb4        0xe ./Core/Src/stm32l4xx_it.o
                0x08003bb4                SVC_Handler
 .text.DebugMon_Handler
                0x08003bc2        0xe ./Core/Src/stm32l4xx_it.o
                0x08003bc2                DebugMon_Handler
 .text.PendSV_Handler
                0x08003bd0        0xe ./Core/Src/stm32l4xx_it.o
                0x08003bd0                PendSV_Handler
 .text.SysTick_Handler
                0x08003bde        0xc ./Core/Src/stm32l4xx_it.o
                0x08003bde                SysTick_Handler
 *fill*         0x08003bea        0x2 
 .text.CAN1_TX_IRQHandler
                0x08003bec       0x14 ./Core/Src/stm32l4xx_it.o
                0x08003bec                CAN1_TX_IRQHandler
 .text.CAN1_RX0_IRQHandler
                0x08003c00       0x14 ./Core/Src/stm32l4xx_it.o
                0x08003c00                CAN1_RX0_IRQHandler
 .text.CAN1_RX1_IRQHandler
                0x08003c14       0x14 ./Core/Src/stm32l4xx_it.o
                0x08003c14                CAN1_RX1_IRQHandler
 .text.CAN1_SCE_IRQHandler
                0x08003c28       0x14 ./Core/Src/stm32l4xx_it.o
                0x08003c28                CAN1_SCE_IRQHandler
 .text._getpid  0x08003c3c       0x10 ./Core/Src/syscalls.o
                0x08003c3c                _getpid
 .text._kill    0x08003c4c       0x20 ./Core/Src/syscalls.o
                0x08003c4c                _kill
 .text._exit    0x08003c6c       0x16 ./Core/Src/syscalls.o
                0x08003c6c                _exit
 .text._read    0x08003c82       0x3a ./Core/Src/syscalls.o
                0x08003c82                _read
 .text._write   0x08003cbc       0x38 ./Core/Src/syscalls.o
                0x08003cbc                _write
 .text._close   0x08003cf4       0x18 ./Core/Src/syscalls.o
                0x08003cf4                _close
 .text._fstat   0x08003d0c       0x20 ./Core/Src/syscalls.o
                0x08003d0c                _fstat
 .text._isatty  0x08003d2c       0x16 ./Core/Src/syscalls.o
                0x08003d2c                _isatty
 .text._lseek   0x08003d42       0x1a ./Core/Src/syscalls.o
                0x08003d42                _lseek
 .text._sbrk    0x08003d5c       0x6c ./Core/Src/sysmem.o
                0x08003d5c                _sbrk
 .text.SystemInit
                0x08003dc8       0x24 ./Core/Src/system_stm32l4xx.o
                0x08003dc8                SystemInit
 .text.Reset_Handler
                0x08003dec       0x50 ./Core/Startup/startup_stm32l432kcux.o
                0x08003dec                Reset_Handler
 .text.Default_Handler
                0x08003e3c        0x2 ./Core/Startup/startup_stm32l432kcux.o
                0x08003e3c                RTC_Alarm_IRQHandler
                0x08003e3c                EXTI2_IRQHandler
                0x08003e3c                TIM1_CC_IRQHandler
                0x08003e3c                TSC_IRQHandler
                0x08003e3c                TAMP_STAMP_IRQHandler
                0x08003e3c                EXTI3_IRQHandler
                0x08003e3c                LPTIM2_IRQHandler
                0x08003e3c                I2C3_ER_IRQHandler
                0x08003e3c                EXTI0_IRQHandler
                0x08003e3c                FPU_IRQHandler
                0x08003e3c                TIM1_UP_TIM16_IRQHandler
                0x08003e3c                SPI1_IRQHandler
                0x08003e3c                TIM6_DAC_IRQHandler
                0x08003e3c                DMA2_Channel2_IRQHandler
                0x08003e3c                DMA1_Channel4_IRQHandler
                0x08003e3c                ADC1_IRQHandler
                0x08003e3c                DMA1_Channel7_IRQHandler
                0x08003e3c                DMA2_Channel1_IRQHandler
                0x08003e3c                QUADSPI_IRQHandler
                0x08003e3c                I2C1_EV_IRQHandler
                0x08003e3c                DMA1_Channel6_IRQHandler
                0x08003e3c                DMA2_Channel4_IRQHandler
                0x08003e3c                RCC_IRQHandler
                0x08003e3c                TIM1_TRG_COM_IRQHandler
                0x08003e3c                DMA1_Channel1_IRQHandler
                0x08003e3c                Default_Handler
                0x08003e3c                DMA2_Channel7_IRQHandler
                0x08003e3c                EXTI15_10_IRQHandler
                0x08003e3c                TIM7_IRQHandler
                0x08003e3c                I2C3_EV_IRQHandler
                0x08003e3c                USB_IRQHandler
                0x08003e3c                EXTI9_5_IRQHandler
                0x08003e3c                RTC_WKUP_IRQHandler
                0x08003e3c                PVD_PVM_IRQHandler
                0x08003e3c                DMA2_Channel5_IRQHandler
                0x08003e3c                CRS_IRQHandler
                0x08003e3c                DMA1_Channel5_IRQHandler
                0x08003e3c                EXTI4_IRQHandler
                0x08003e3c                RNG_IRQHandler
                0x08003e3c                DMA1_Channel3_IRQHandler
                0x08003e3c                COMP_IRQHandler
                0x08003e3c                WWDG_IRQHandler
                0x08003e3c                LPUART1_IRQHandler
                0x08003e3c                DMA2_Channel6_IRQHandler
                0x08003e3c                TIM2_IRQHandler
                0x08003e3c                EXTI1_IRQHandler
                0x08003e3c                USART2_IRQHandler
                0x08003e3c                DMA1_Channel2_IRQHandler
                0x08003e3c                FLASH_IRQHandler
                0x08003e3c                USART1_IRQHandler
                0x08003e3c                SPI3_IRQHandler
                0x08003e3c                I2C1_ER_IRQHandler
                0x08003e3c                SWPMI1_IRQHandler
                0x08003e3c                LPTIM1_IRQHandler
                0x08003e3c                SAI1_IRQHandler
                0x08003e3c                DMA2_Channel3_IRQHandler
                0x08003e3c                TIM1_BRK_TIM15_IRQHandler
 .text.HAL_Init
                0x08003e3e       0x30 ./Drivers/STM32L4xx_HAL_Driver/Src/stm32l4xx_hal.o
                0x08003e3e                HAL_Init
 *fill*         0x08003e6e        0x2 
 .text.HAL_InitTick
                0x08003e70       0x78 ./Drivers/STM32L4xx_HAL_Driver/Src/stm32l4xx_hal.o
                0x08003e70                HAL_InitTick
 .text.HAL_IncTick
                0x08003ee8       0x28 ./Drivers/STM32L4xx_HAL_Driver/Src/stm32l4xx_hal.o
                0x08003ee8                HAL_IncTick
 .text.HAL_GetTick
                0x08003f10       0x18 ./Drivers/STM32L4xx_HAL_Driver/Src/stm32l4xx_hal.o
                0x08003f10                HAL_GetTick
 .text.HAL_Delay
                0x08003f28       0x48 ./Drivers/STM32L4xx_HAL_Driver/Src/stm32l4xx_hal.o
                0x08003f28                HAL_Delay
 .text.HAL_CAN_Init
                0x08003f70      0x1f6 ./Drivers/STM32L4xx_HAL_Driver/Src/stm32l4xx_hal_can.o
                0x08003f70                HAL_CAN_Init
 .text.HAL_CAN_ConfigFilter
                0x08004166      0x194 ./Drivers/STM32L4xx_HAL_Driver/Src/stm32l4xx_hal_can.o
                0x08004166                HAL_CAN_ConfigFilter
 .text.HAL_CAN_Start
                0x080042fa       0x88 ./Drivers/STM32L4xx_HAL_Driver/Src/stm32l4xx_hal_can.o
                0x080042fa                HAL_CAN_Start
 .text.HAL_CAN_AddTxMessage
                0x08004382      0x1a0 ./Drivers/STM32L4xx_HAL_Driver/Src/stm32l4xx_hal_can.o
                0x08004382                HAL_CAN_AddTxMessage
 .text.HAL_CAN_GetRxMessage
                0x08004522      0x244 ./Drivers/STM32L4xx_HAL_Driver/Src/stm32l4xx_hal_can.o
                0x08004522                HAL_CAN_GetRxMessage
 .text.HAL_CAN_ActivateNotification
                0x08004766       0x4c ./Drivers/STM32L4xx_HAL_Driver/Src/stm32l4xx_hal_can.o
                0x08004766                HAL_CAN_ActivateNotification
 .text.HAL_CAN_IRQHandler
                0x080047b2      0x36e ./Drivers/STM32L4xx_HAL_Driver/Src/stm32l4xx_hal_can.o
                0x080047b2                HAL_CAN_IRQHandler
 .text.HAL_CAN_TxMailbox0CompleteCallback
                0x08004b20       0x14 ./Drivers/STM32L4xx_HAL_Driver/Src/stm32l4xx_hal_can.o
                0x08004b20                HAL_CAN_TxMailbox0CompleteCallback
 .text.HAL_CAN_TxMailbox1CompleteCallback
                0x08004b34       0x14 ./Drivers/STM32L4xx_HAL_Driver/Src/stm32l4xx_hal_can.o
                0x08004b34                HAL_CAN_TxMailbox1CompleteCallback
 .text.HAL_CAN_TxMailbox2CompleteCallback
                0x08004b48       0x14 ./Drivers/STM32L4xx_HAL_Driver/Src/stm32l4xx_hal_can.o
                0x08004b48                HAL_CAN_TxMailbox2CompleteCallback
 .text.HAL_CAN_TxMailbox0AbortCallback
                0x08004b5c       0x14 ./Drivers/STM32L4xx_HAL_Driver/Src/stm32l4xx_hal_can.o
                0x08004b5c                HAL_CAN_TxMailbox0AbortCallback
 .text.HAL_CAN_TxMailbox1AbortCallback
                0x08004b70       0x14 ./Drivers/STM32L4xx_HAL_Driver/Src/stm32l4xx_hal_can.o
                0x08004b70                HAL_CAN_TxMailbox1AbortCallback
 .text.HAL_CAN_TxMailbox2AbortCallback
                0x08004b84       0x14 ./Drivers/STM32L4xx_HAL_Driver/Src/stm32l4xx_hal_can.o
                0x08004b84                HAL_CAN_TxMailbox2AbortCallback
 .text.HAL_CAN_RxFifo0FullCallback
                0x08004b98       0x14 ./Drivers/STM32L4xx_HAL_Driver/Src/stm32l4xx_hal_can.o
                0x08004b98                HAL_CAN_RxFifo0FullCallback
 .text.HAL_CAN_RxFifo1FullCallback
                0x08004bac       0x14 ./Drivers/STM32L4xx_HAL_Driver/Src/stm32l4xx_hal_can.o
                0x08004bac                HAL_CAN_RxFifo1FullCallback
 .text.HAL_CAN_SleepCallback
                0x08004bc0       0x14 ./Drivers/STM32L4xx_HAL_Driver/Src/stm32l4xx_hal_can.o
                0x08004bc0                HAL_CAN_SleepCallback
 .text.HAL_CAN_WakeUpFromRxMsgCallback
                0x08004bd4       0x14 ./Drivers/STM32L4xx_HAL_Driver/Src/stm32l4xx_hal_can.o
                0x08004bd4                HAL_CAN_WakeUpFromRxMsgCallback
 .text.HAL_CAN_ErrorCallback
                0x08004be8       0x14 ./Drivers/STM32L4xx_HAL_Driver/Src/stm32l4xx_hal_can.o
                0x08004be8                HAL_CAN_ErrorCallback
 .text.__NVIC_SetPriorityGrouping
                0x08004bfc       0x48 ./Drivers/STM32L4xx_HAL_Driver/Src/stm32l4xx_hal_cortex.o
 .text.__NVIC_GetPriorityGrouping
                0x08004c44       0x1c ./Drivers/STM32L4xx_HAL_Driver/Src/stm32l4xx_hal_cortex.o
 .text.__NVIC_EnableIRQ
                0x08004c60       0x3c ./Drivers/STM32L4xx_HAL_Driver/Src/stm32l4xx_hal_cortex.o
 .text.__NVIC_SetPriority
                0x08004c9c       0x54 ./Drivers/STM32L4xx_HAL_Driver/Src/stm32l4xx_hal_cortex.o
 .text.NVIC_EncodePriority
                0x08004cf0       0x66 ./Drivers/STM32L4xx_HAL_Driver/Src/stm32l4xx_hal_cortex.o
 *fill*         0x08004d56        0x2 
 .text.SysTick_Config
                0x08004d58       0x44 ./Drivers/STM32L4xx_HAL_Driver/Src/stm32l4xx_hal_cortex.o
 .text.HAL_NVIC_SetPriorityGrouping
                0x08004d9c       0x16 ./Drivers/STM32L4xx_HAL_Driver/Src/stm32l4xx_hal_cortex.o
                0x08004d9c                HAL_NVIC_SetPriorityGrouping
 .text.HAL_NVIC_SetPriority
                0x08004db2       0x38 ./Drivers/STM32L4xx_HAL_Driver/Src/stm32l4xx_hal_cortex.o
                0x08004db2                HAL_NVIC_SetPriority
 .text.HAL_NVIC_EnableIRQ
                0x08004dea       0x1c ./Drivers/STM32L4xx_HAL_Driver/Src/stm32l4xx_hal_cortex.o
                0x08004dea                HAL_NVIC_EnableIRQ
 .text.HAL_SYSTICK_Config
                0x08004e06       0x18 ./Drivers/STM32L4xx_HAL_Driver/Src/stm32l4xx_hal_cortex.o
                0x08004e06                HAL_SYSTICK_Config
 *fill*         0x08004e1e        0x2 
 .text.HAL_GPIO_Init
                0x08004e20      0x2d4 ./Drivers/STM32L4xx_HAL_Driver/Src/stm32l4xx_hal_gpio.o
                0x08004e20                HAL_GPIO_Init
 .text.HAL_GPIO_TogglePin
                0x080050f4       0x34 ./Drivers/STM32L4xx_HAL_Driver/Src/stm32l4xx_hal_gpio.o
                0x080050f4                HAL_GPIO_TogglePin
 .text.HAL_PWREx_GetVoltageRange
                0x08005128       0x1c ./Drivers/STM32L4xx_HAL_Driver/Src/stm32l4xx_hal_pwr_ex.o
                0x08005128                HAL_PWREx_GetVoltageRange
 .text.HAL_PWREx_ControlVoltageScaling
                0x08005144       0xac ./Drivers/STM32L4xx_HAL_Driver/Src/stm32l4xx_hal_pwr_ex.o
                0x08005144                HAL_PWREx_ControlVoltageScaling
 .text.HAL_RCC_OscConfig
                0x080051f0      0x828 ./Drivers/STM32L4xx_HAL_Driver/Src/stm32l4xx_hal_rcc.o
                0x080051f0                HAL_RCC_OscConfig
 .text.HAL_RCC_ClockConfig
                0x08005a18      0x200 ./Drivers/STM32L4xx_HAL_Driver/Src/stm32l4xx_hal_rcc.o
                0x08005a18                HAL_RCC_ClockConfig
 .text.HAL_RCC_GetSysClockFreq
                0x08005c18      0x118 ./Drivers/STM32L4xx_HAL_Driver/Src/stm32l4xx_hal_rcc.o
                0x08005c18                HAL_RCC_GetSysClockFreq
 .text.RCC_SetFlashLatencyFromMSIRange
                0x08005d30       0xc0 ./Drivers/STM32L4xx_HAL_Driver/Src/stm32l4xx_hal_rcc.o
 .text.__assert_func
                0x08005df0       0x3c C:/ST/STM32CubeIDE_1.16.0/STM32CubeIDE/plugins/com.st.stm32cube.ide.mcu.externaltools.gnu-tools-for-stm32.12.3.rel1.win32_1.0.200.202406191623/tools/bin/../lib/gcc/arm-none-eabi/12.3.1/../../../../arm-none-eabi/lib/thumb/v7e-m+fp/hard\libc_nano.a(libc_a-assert.o)
                0x08005df0                __assert_func
 .text.malloc   0x08005e2c       0x10 C:/ST/STM32CubeIDE_1.16.0/STM32CubeIDE/plugins/com.st.stm32cube.ide.mcu.externaltools.gnu-tools-for-stm32.12.3.rel1.win32_1.0.200.202406191623/tools/bin/../lib/gcc/arm-none-eabi/12.3.1/../../../../arm-none-eabi/lib/thumb/v7e-m+fp/hard\libc_nano.a(libc_a-malloc.o)
                0x08005e2c                malloc
 .text.free     0x08005e3c       0x10 C:/ST/STM32CubeIDE_1.16.0/STM32CubeIDE/plugins/com.st.stm32cube.ide.mcu.externaltools.gnu-tools-for-stm32.12.3.rel1.win32_1.0.200.202406191623/tools/bin/../lib/gcc/arm-none-eabi/12.3.1/../../../../arm-none-eabi/lib/thumb/v7e-m+fp/hard\libc_nano.a(libc_a-malloc.o)
                0x08005e3c                free
 .text.sbrk_aligned
                0x08005e4c       0x44 C:/ST/STM32CubeIDE_1.16.0/STM32CubeIDE/plugins/com.st.stm32cube.ide.mcu.externaltools.gnu-tools-for-stm32.12.3.rel1.win32_1.0.200.202406191623/tools/bin/../lib/gcc/arm-none-eabi/12.3.1/../../../../arm-none-eabi/lib/thumb/v7e-m+fp/hard\libc_nano.a(libc_a-mallocr.o)
 .text._malloc_r
                0x08005e90      0x100 C:/ST/STM32CubeIDE_1.16.0/STM32CubeIDE/plugins/com.st.stm32cube.ide.mcu.externaltools.gnu-tools-for-stm32.12.3.rel1.win32_1.0.200.202406191623/tools/bin/../lib/gcc/arm-none-eabi/12.3.1/../../../../arm-none-eabi/lib/thumb/v7e-m+fp/hard\libc_nano.a(libc_a-mallocr.o)
                0x08005e90                _malloc_r
 .text.__malloc_lock
                0x08005f90        0xc C:/ST/STM32CubeIDE_1.16.0/STM32CubeIDE/plugins/com.st.stm32cube.ide.mcu.externaltools.gnu-tools-for-stm32.12.3.rel1.win32_1.0.200.202406191623/tools/bin/../lib/gcc/arm-none-eabi/12.3.1/../../../../arm-none-eabi/lib/thumb/v7e-m+fp/hard\libc_nano.a(libc_a-mlock.o)
                0x08005f90                __malloc_lock
 .text.__malloc_unlock
                0x08005f9c        0xc C:/ST/STM32CubeIDE_1.16.0/STM32CubeIDE/plugins/com.st.stm32cube.ide.mcu.externaltools.gnu-tools-for-stm32.12.3.rel1.win32_1.0.200.202406191623/tools/bin/../lib/gcc/arm-none-eabi/12.3.1/../../../../arm-none-eabi/lib/thumb/v7e-m+fp/hard\libc_nano.a(libc_a-mlock.o)
                0x08005f9c                __malloc_unlock
 .text.std      0x08005fa8       0x6c C:/ST/STM32CubeIDE_1.16.0/STM32CubeIDE/plugins/com.st.stm32cube.ide.mcu.externaltools.gnu-tools-for-stm32.12.3.rel1.win32_1.0.200.202406191623/tools/bin/../lib/gcc/arm-none-eabi/12.3.1/../../../../arm-none-eabi/lib/thumb/v7e-m+fp/hard\libc_nano.a(libc_a-findfp.o)
 .text.stdio_exit_handler
                0x08006014       0x18 C:/ST/STM32CubeIDE_1.16.0/STM32CubeIDE/plugins/com.st.stm32cube.ide.mcu.externaltools.gnu-tools-for-stm32.12.3.rel1.win32_1.0.200.202406191623/tools/bin/../lib/gcc/arm-none-eabi/12.3.1/../../../../arm-none-eabi/lib/thumb/v7e-m+fp/hard\libc_nano.a(libc_a-findfp.o)
 .text.cleanup_stdio
                0x0800602c       0x40 C:/ST/STM32CubeIDE_1.16.0/STM32CubeIDE/plugins/com.st.stm32cube.ide.mcu.externaltools.gnu-tools-for-stm32.12.3.rel1.win32_1.0.200.202406191623/tools/bin/../lib/gcc/arm-none-eabi/12.3.1/../../../../arm-none-eabi/lib/thumb/v7e-m+fp/hard\libc_nano.a(libc_a-findfp.o)
 .text.global_stdio_init.part.0
                0x0800606c       0x3c C:/ST/STM32CubeIDE_1.16.0/STM32CubeIDE/plugins/com.st.stm32cube.ide.mcu.externaltools.gnu-tools-for-stm32.12.3.rel1.win32_1.0.200.202406191623/tools/bin/../lib/gcc/arm-none-eabi/12.3.1/../../../../arm-none-eabi/lib/thumb/v7e-m+fp/hard\libc_nano.a(libc_a-findfp.o)
 .text.__sfp_lock_acquire
                0x080060a8        0xc C:/ST/STM32CubeIDE_1.16.0/STM32CubeIDE/plugins/com.st.stm32cube.ide.mcu.externaltools.gnu-tools-for-stm32.12.3.rel1.win32_1.0.200.202406191623/tools/bin/../lib/gcc/arm-none-eabi/12.3.1/../../../../arm-none-eabi/lib/thumb/v7e-m+fp/hard\libc_nano.a(libc_a-findfp.o)
                0x080060a8                __sfp_lock_acquire
 .text.__sfp_lock_release
                0x080060b4        0xc C:/ST/STM32CubeIDE_1.16.0/STM32CubeIDE/plugins/com.st.stm32cube.ide.mcu.externaltools.gnu-tools-for-stm32.12.3.rel1.win32_1.0.200.202406191623/tools/bin/../lib/gcc/arm-none-eabi/12.3.1/../../../../arm-none-eabi/lib/thumb/v7e-m+fp/hard\libc_nano.a(libc_a-findfp.o)
                0x080060b4                __sfp_lock_release
 .text.__sinit  0x080060c0       0x30 C:/ST/STM32CubeIDE_1.16.0/STM32CubeIDE/plugins/com.st.stm32cube.ide.mcu.externaltools.gnu-tools-for-stm32.12.3.rel1.win32_1.0.200.202406191623/tools/bin/../lib/gcc/arm-none-eabi/12.3.1/../../../../arm-none-eabi/lib/thumb/v7e-m+fp/hard\libc_nano.a(libc_a-findfp.o)
                0x080060c0                __sinit
 .text.fprintf  0x080060f0       0x24 C:/ST/STM32CubeIDE_1.16.0/STM32CubeIDE/plugins/com.st.stm32cube.ide.mcu.externaltools.gnu-tools-for-stm32.12.3.rel1.win32_1.0.200.202406191623/tools/bin/../lib/gcc/arm-none-eabi/12.3.1/../../../../arm-none-eabi/lib/thumb/v7e-m+fp/hard\libc_nano.a(libc_a-fprintf.o)
                0x080060f0                fiprintf
                0x080060f0                fprintf
 .text._fwalk_sglue
                0x08006114       0x3c C:/ST/STM32CubeIDE_1.16.0/STM32CubeIDE/plugins/com.st.stm32cube.ide.mcu.externaltools.gnu-tools-for-stm32.12.3.rel1.win32_1.0.200.202406191623/tools/bin/../lib/gcc/arm-none-eabi/12.3.1/../../../../arm-none-eabi/lib/thumb/v7e-m+fp/hard\libc_nano.a(libc_a-fwalk.o)
                0x08006114                _fwalk_sglue
 .text.__sread  0x08006150       0x22 C:/ST/STM32CubeIDE_1.16.0/STM32CubeIDE/plugins/com.st.stm32cube.ide.mcu.externaltools.gnu-tools-for-stm32.12.3.rel1.win32_1.0.200.202406191623/tools/bin/../lib/gcc/arm-none-eabi/12.3.1/../../../../arm-none-eabi/lib/thumb/v7e-m+fp/hard\libc_nano.a(libc_a-stdio.o)
                0x08006150                __sread
 .text.__swrite
                0x08006172       0x38 C:/ST/STM32CubeIDE_1.16.0/STM32CubeIDE/plugins/com.st.stm32cube.ide.mcu.externaltools.gnu-tools-for-stm32.12.3.rel1.win32_1.0.200.202406191623/tools/bin/../lib/gcc/arm-none-eabi/12.3.1/../../../../arm-none-eabi/lib/thumb/v7e-m+fp/hard\libc_nano.a(libc_a-stdio.o)
                0x08006172                __swrite
 .text.__sseek  0x080061aa       0x24 C:/ST/STM32CubeIDE_1.16.0/STM32CubeIDE/plugins/com.st.stm32cube.ide.mcu.externaltools.gnu-tools-for-stm32.12.3.rel1.win32_1.0.200.202406191623/tools/bin/../lib/gcc/arm-none-eabi/12.3.1/../../../../arm-none-eabi/lib/thumb/v7e-m+fp/hard\libc_nano.a(libc_a-stdio.o)
                0x080061aa                __sseek
 .text.__sclose
                0x080061ce        0x8 C:/ST/STM32CubeIDE_1.16.0/STM32CubeIDE/plugins/com.st.stm32cube.ide.mcu.externaltools.gnu-tools-for-stm32.12.3.rel1.win32_1.0.200.202406191623/tools/bin/../lib/gcc/arm-none-eabi/12.3.1/../../../../arm-none-eabi/lib/thumb/v7e-m+fp/hard\libc_nano.a(libc_a-stdio.o)
                0x080061ce                __sclose
 .text.memmove  0x080061d6       0x34 C:/ST/STM32CubeIDE_1.16.0/STM32CubeIDE/plugins/com.st.stm32cube.ide.mcu.externaltools.gnu-tools-for-stm32.12.3.rel1.win32_1.0.200.202406191623/tools/bin/../lib/gcc/arm-none-eabi/12.3.1/../../../../arm-none-eabi/lib/thumb/v7e-m+fp/hard\libc_nano.a(libc_a-memmove.o)
                0x080061d6                memmove
 .text.memset   0x0800620a       0x10 C:/ST/STM32CubeIDE_1.16.0/STM32CubeIDE/plugins/com.st.stm32cube.ide.mcu.externaltools.gnu-tools-for-stm32.12.3.rel1.win32_1.0.200.202406191623/tools/bin/../lib/gcc/arm-none-eabi/12.3.1/../../../../arm-none-eabi/lib/thumb/v7e-m+fp/hard\libc_nano.a(libc_a-memset.o)
                0x0800620a                memset
 *fill*         0x0800621a        0x2 
 .text._close_r
                0x0800621c       0x20 C:/ST/STM32CubeIDE_1.16.0/STM32CubeIDE/plugins/com.st.stm32cube.ide.mcu.externaltools.gnu-tools-for-stm32.12.3.rel1.win32_1.0.200.202406191623/tools/bin/../lib/gcc/arm-none-eabi/12.3.1/../../../../arm-none-eabi/lib/thumb/v7e-m+fp/hard\libc_nano.a(libc_a-closer.o)
                0x0800621c                _close_r
 .text._lseek_r
                0x0800623c       0x24 C:/ST/STM32CubeIDE_1.16.0/STM32CubeIDE/plugins/com.st.stm32cube.ide.mcu.externaltools.gnu-tools-for-stm32.12.3.rel1.win32_1.0.200.202406191623/tools/bin/../lib/gcc/arm-none-eabi/12.3.1/../../../../arm-none-eabi/lib/thumb/v7e-m+fp/hard\libc_nano.a(libc_a-lseekr.o)
                0x0800623c                _lseek_r
 .text._read_r  0x08006260       0x24 C:/ST/STM32CubeIDE_1.16.0/STM32CubeIDE/plugins/com.st.stm32cube.ide.mcu.externaltools.gnu-tools-for-stm32.12.3.rel1.win32_1.0.200.202406191623/tools/bin/../lib/gcc/arm-none-eabi/12.3.1/../../../../arm-none-eabi/lib/thumb/v7e-m+fp/hard\libc_nano.a(libc_a-readr.o)
                0x08006260                _read_r
 .text._sbrk_r  0x08006284       0x20 C:/ST/STM32CubeIDE_1.16.0/STM32CubeIDE/plugins/com.st.stm32cube.ide.mcu.externaltools.gnu-tools-for-stm32.12.3.rel1.win32_1.0.200.202406191623/tools/bin/../lib/gcc/arm-none-eabi/12.3.1/../../../../arm-none-eabi/lib/thumb/v7e-m+fp/hard\libc_nano.a(libc_a-sbrkr.o)
                0x08006284                _sbrk_r
 .text._write_r
                0x080062a4       0x24 C:/ST/STM32CubeIDE_1.16.0/STM32CubeIDE/plugins/com.st.stm32cube.ide.mcu.externaltools.gnu-tools-for-stm32.12.3.rel1.win32_1.0.200.202406191623/tools/bin/../lib/gcc/arm-none-eabi/12.3.1/../../../../arm-none-eabi/lib/thumb/v7e-m+fp/hard\libc_nano.a(libc_a-writer.o)
                0x080062a4                _write_r
 .text.__errno  0x080062c8        0xc C:/ST/STM32CubeIDE_1.16.0/STM32CubeIDE/plugins/com.st.stm32cube.ide.mcu.externaltools.gnu-tools-for-stm32.12.3.rel1.win32_1.0.200.202406191623/tools/bin/../lib/gcc/arm-none-eabi/12.3.1/../../../../arm-none-eabi/lib/thumb/v7e-m+fp/hard\libc_nano.a(libc_a-errno.o)
                0x080062c8                __errno
 .text.__libc_init_array
                0x080062d4       0x48 C:/ST/STM32CubeIDE_1.16.0/STM32CubeIDE/plugins/com.st.stm32cube.ide.mcu.externaltools.gnu-tools-for-stm32.12.3.rel1.win32_1.0.200.202406191623/tools/bin/../lib/gcc/arm-none-eabi/12.3.1/../../../../arm-none-eabi/lib/thumb/v7e-m+fp/hard\libc_nano.a(libc_a-init.o)
                0x080062d4                __libc_init_array
 .text.__retarget_lock_init_recursive
                0x0800631c        0x2 C:/ST/STM32CubeIDE_1.16.0/STM32CubeIDE/plugins/com.st.stm32cube.ide.mcu.externaltools.gnu-tools-for-stm32.12.3.rel1.win32_1.0.200.202406191623/tools/bin/../lib/gcc/arm-none-eabi/12.3.1/../../../../arm-none-eabi/lib/thumb/v7e-m+fp/hard\libc_nano.a(libc_a-lock.o)
                0x0800631c                __retarget_lock_init_recursive
 .text.__retarget_lock_acquire_recursive
                0x0800631e        0x2 C:/ST/STM32CubeIDE_1.16.0/STM32CubeIDE/plugins/com.st.stm32cube.ide.mcu.externaltools.gnu-tools-for-stm32.12.3.rel1.win32_1.0.200.202406191623/tools/bin/../lib/gcc/arm-none-eabi/12.3.1/../../../../arm-none-eabi/lib/thumb/v7e-m+fp/hard\libc_nano.a(libc_a-lock.o)
                0x0800631e                __retarget_lock_acquire_recursive
 .text.__retarget_lock_release_recursive
                0x08006320        0x2 C:/ST/STM32CubeIDE_1.16.0/STM32CubeIDE/plugins/com.st.stm32cube.ide.mcu.externaltools.gnu-tools-for-stm32.12.3.rel1.win32_1.0.200.202406191623/tools/bin/../lib/gcc/arm-none-eabi/12.3.1/../../../../arm-none-eabi/lib/thumb/v7e-m+fp/hard\libc_nano.a(libc_a-lock.o)
                0x08006320                __retarget_lock_release_recursive
 .text.memcpy   0x08006322       0x1c C:/ST/STM32CubeIDE_1.16.0/STM32CubeIDE/plugins/com.st.stm32cube.ide.mcu.externaltools.gnu-tools-for-stm32.12.3.rel1.win32_1.0.200.202406191623/tools/bin/../lib/gcc/arm-none-eabi/12.3.1/../../../../arm-none-eabi/lib/thumb/v7e-m+fp/hard\libc_nano.a(libc_a-memcpy-stub.o)
                0x08006322                memcpy
 .text.abort    0x0800633e        0xe C:/ST/STM32CubeIDE_1.16.0/STM32CubeIDE/plugins/com.st.stm32cube.ide.mcu.externaltools.gnu-tools-for-stm32.12.3.rel1.win32_1.0.200.202406191623/tools/bin/../lib/gcc/arm-none-eabi/12.3.1/../../../../arm-none-eabi/lib/thumb/v7e-m+fp/hard\libc_nano.a(libc_a-abort.o)
                0x0800633e                abort
 .text._free_r  0x0800634c       0x94 C:/ST/STM32CubeIDE_1.16.0/STM32CubeIDE/plugins/com.st.stm32cube.ide.mcu.externaltools.gnu-tools-for-stm32.12.3.rel1.win32_1.0.200.202406191623/tools/bin/../lib/gcc/arm-none-eabi/12.3.1/../../../../arm-none-eabi/lib/thumb/v7e-m+fp/hard\libc_nano.a(libc_a-freer.o)
                0x0800634c                _free_r
 .text.__sfputc_r
                0x080063e0       0x2e C:/ST/STM32CubeIDE_1.16.0/STM32CubeIDE/plugins/com.st.stm32cube.ide.mcu.externaltools.gnu-tools-for-stm32.12.3.rel1.win32_1.0.200.202406191623/tools/bin/../lib/gcc/arm-none-eabi/12.3.1/../../../../arm-none-eabi/lib/thumb/v7e-m+fp/hard\libc_nano.a(libc_a-nano-vfprintf.o)
 .text.__sfputs_r
                0x0800640e       0x24 C:/ST/STM32CubeIDE_1.16.0/STM32CubeIDE/plugins/com.st.stm32cube.ide.mcu.externaltools.gnu-tools-for-stm32.12.3.rel1.win32_1.0.200.202406191623/tools/bin/../lib/gcc/arm-none-eabi/12.3.1/../../../../arm-none-eabi/lib/thumb/v7e-m+fp/hard\libc_nano.a(libc_a-nano-vfprintf.o)
                0x0800640e                __sfputs_r
 *fill*         0x08006432        0x2 
 .text._vfprintf_r
                0x08006434      0x230 C:/ST/STM32CubeIDE_1.16.0/STM32CubeIDE/plugins/com.st.stm32cube.ide.mcu.externaltools.gnu-tools-for-stm32.12.3.rel1.win32_1.0.200.202406191623/tools/bin/../lib/gcc/arm-none-eabi/12.3.1/../../../../arm-none-eabi/lib/thumb/v7e-m+fp/hard\libc_nano.a(libc_a-nano-vfprintf.o)
                0x08006434                _vfprintf_r
                0x08006434                _vfiprintf_r
 .text._printf_common
                0x08006664       0xda C:/ST/STM32CubeIDE_1.16.0/STM32CubeIDE/plugins/com.st.stm32cube.ide.mcu.externaltools.gnu-tools-for-stm32.12.3.rel1.win32_1.0.200.202406191623/tools/bin/../lib/gcc/arm-none-eabi/12.3.1/../../../../arm-none-eabi/lib/thumb/v7e-m+fp/hard\libc_nano.a(libc_a-nano-vfprintf_i.o)
                0x08006664                _printf_common
 *fill*         0x0800673e        0x2 
 .text._printf_i
                0x08006740      0x240 C:/ST/STM32CubeIDE_1.16.0/STM32CubeIDE/plugins/com.st.stm32cube.ide.mcu.externaltools.gnu-tools-for-stm32.12.3.rel1.win32_1.0.200.202406191623/tools/bin/../lib/gcc/arm-none-eabi/12.3.1/../../../../arm-none-eabi/lib/thumb/v7e-m+fp/hard\libc_nano.a(libc_a-nano-vfprintf_i.o)
                0x08006740                _printf_i
 .text.__sflush_r
                0x08006980      0x108 C:/ST/STM32CubeIDE_1.16.0/STM32CubeIDE/plugins/com.st.stm32cube.ide.mcu.externaltools.gnu-tools-for-stm32.12.3.rel1.win32_1.0.200.202406191623/tools/bin/../lib/gcc/arm-none-eabi/12.3.1/../../../../arm-none-eabi/lib/thumb/v7e-m+fp/hard\libc_nano.a(libc_a-fflush.o)
                0x08006980                __sflush_r
 .text._fflush_r
                0x08006a88       0x50 C:/ST/STM32CubeIDE_1.16.0/STM32CubeIDE/plugins/com.st.stm32cube.ide.mcu.externaltools.gnu-tools-for-stm32.12.3.rel1.win32_1.0.200.202406191623/tools/bin/../lib/gcc/arm-none-eabi/12.3.1/../../../../arm-none-eabi/lib/thumb/v7e-m+fp/hard\libc_nano.a(libc_a-fflush.o)
                0x08006a88                _fflush_r
 .text.__swbuf_r
                0x08006ad8       0x7c C:/ST/STM32CubeIDE_1.16.0/STM32CubeIDE/plugins/com.st.stm32cube.ide.mcu.externaltools.gnu-tools-for-stm32.12.3.rel1.win32_1.0.200.202406191623/tools/bin/../lib/gcc/arm-none-eabi/12.3.1/../../../../arm-none-eabi/lib/thumb/v7e-m+fp/hard\libc_nano.a(libc_a-wbuf.o)
                0x08006ad8                __swbuf_r
 .text.__swsetup_r
                0x08006b54       0xac C:/ST/STM32CubeIDE_1.16.0/STM32CubeIDE/plugins/com.st.stm32cube.ide.mcu.externaltools.gnu-tools-for-stm32.12.3.rel1.win32_1.0.200.202406191623/tools/bin/../lib/gcc/arm-none-eabi/12.3.1/../../../../arm-none-eabi/lib/thumb/v7e-m+fp/hard\libc_nano.a(libc_a-wsetup.o)
                0x08006b54                __swsetup_r
 .text._raise_r
                0x08006c00       0x50 C:/ST/STM32CubeIDE_1.16.0/STM32CubeIDE/plugins/com.st.stm32cube.ide.mcu.externaltools.gnu-tools-for-stm32.12.3.rel1.win32_1.0.200.202406191623/tools/bin/../lib/gcc/arm-none-eabi/12.3.1/../../../../arm-none-eabi/lib/thumb/v7e-m+fp/hard\libc_nano.a(libc_a-signal.o)
                0x08006c00                _raise_r
 .text.raise    0x08006c50       0x10 C:/ST/STM32CubeIDE_1.16.0/STM32CubeIDE/plugins/com.st.stm32cube.ide.mcu.externaltools.gnu-tools-for-stm32.12.3.rel1.win32_1.0.200.202406191623/tools/bin/../lib/gcc/arm-none-eabi/12.3.1/../../../../arm-none-eabi/lib/thumb/v7e-m+fp/hard\libc_nano.a(libc_a-signal.o)
                0x08006c50                raise
 .text._kill_r  0x08006c60       0x24 C:/ST/STM32CubeIDE_1.16.0/STM32CubeIDE/plugins/com.st.stm32cube.ide.mcu.externaltools.gnu-tools-for-stm32.12.3.rel1.win32_1.0.200.202406191623/tools/bin/../lib/gcc/arm-none-eabi/12.3.1/../../../../arm-none-eabi/lib/thumb/v7e-m+fp/hard\libc_nano.a(libc_a-signalr.o)
                0x08006c60                _kill_r
 .text._getpid_r
                0x08006c84        0x4 C:/ST/STM32CubeIDE_1.16.0/STM32CubeIDE/plugins/com.st.stm32cube.ide.mcu.externaltools.gnu-tools-for-stm32.12.3.rel1.win32_1.0.200.202406191623/tools/bin/../lib/gcc/arm-none-eabi/12.3.1/../../../../arm-none-eabi/lib/thumb/v7e-m+fp/hard\libc_nano.a(libc_a-signalr.o)
                0x08006c84                _getpid_r
 .text.__swhatbuf_r
                0x08006c88       0x4c C:/ST/STM32CubeIDE_1.16.0/STM32CubeIDE/plugins/com.st.stm32cube.ide.mcu.externaltools.gnu-tools-for-stm32.12.3.rel1.win32_1.0.200.202406191623/tools/bin/../lib/gcc/arm-none-eabi/12.3.1/../../../../arm-none-eabi/lib/thumb/v7e-m+fp/hard\libc_nano.a(libc_a-makebuf.o)
                0x08006c88                __swhatbuf_r
 .text.__smakebuf_r
                0x08006cd4       0x78 C:/ST/STM32CubeIDE_1.16.0/STM32CubeIDE/plugins/com.st.stm32cube.ide.mcu.externaltools.gnu-tools-for-stm32.12.3.rel1.win32_1.0.200.202406191623/tools/bin/../lib/gcc/arm-none-eabi/12.3.1/../../../../arm-none-eabi/lib/thumb/v7e-m+fp/hard\libc_nano.a(libc_a-makebuf.o)
                0x08006cd4                __smakebuf_r
 .text._fstat_r
                0x08006d4c       0x24 C:/ST/STM32CubeIDE_1.16.0/STM32CubeIDE/plugins/com.st.stm32cube.ide.mcu.externaltools.gnu-tools-for-stm32.12.3.rel1.win32_1.0.200.202406191623/tools/bin/../lib/gcc/arm-none-eabi/12.3.1/../../../../arm-none-eabi/lib/thumb/v7e-m+fp/hard\libc_nano.a(libc_a-fstatr.o)
                0x08006d4c                _fstat_r
 .text._isatty_r
                0x08006d70       0x20 C:/ST/STM32CubeIDE_1.16.0/STM32CubeIDE/plugins/com.st.stm32cube.ide.mcu.externaltools.gnu-tools-for-stm32.12.3.rel1.win32_1.0.200.202406191623/tools/bin/../lib/gcc/arm-none-eabi/12.3.1/../../../../arm-none-eabi/lib/thumb/v7e-m+fp/hard\libc_nano.a(libc_a-isattyr.o)
                0x08006d70                _isatty_r
 *(.glue_7)
 .glue_7        0x08006d90        0x0 linker stubs
 *(.glue_7t)
 .glue_7t       0x08006d90        0x0 linker stubs
 *(.eh_frame)
 .eh_frame      0x08006d90        0x0 C:/ST/STM32CubeIDE_1.16.0/STM32CubeIDE/plugins/com.st.stm32cube.ide.mcu.externaltools.gnu-tools-for-stm32.12.3.rel1.win32_1.0.200.202406191623/tools/bin/../lib/gcc/arm-none-eabi/12.3.1/thumb/v7e-m+fp/hard/crtbegin.o
 *(.init)
 .init          0x08006d90        0x4 C:/ST/STM32CubeIDE_1.16.0/STM32CubeIDE/plugins/com.st.stm32cube.ide.mcu.externaltools.gnu-tools-for-stm32.12.3.rel1.win32_1.0.200.202406191623/tools/bin/../lib/gcc/arm-none-eabi/12.3.1/thumb/v7e-m+fp/hard/crti.o
                0x08006d90                _init
 .init          0x08006d94        0x8 C:/ST/STM32CubeIDE_1.16.0/STM32CubeIDE/plugins/com.st.stm32cube.ide.mcu.externaltools.gnu-tools-for-stm32.12.3.rel1.win32_1.0.200.202406191623/tools/bin/../lib/gcc/arm-none-eabi/12.3.1/thumb/v7e-m+fp/hard/crtn.o
 *(.fini)
 .fini          0x08006d9c        0x4 C:/ST/STM32CubeIDE_1.16.0/STM32CubeIDE/plugins/com.st.stm32cube.ide.mcu.externaltools.gnu-tools-for-stm32.12.3.rel1.win32_1.0.200.202406191623/tools/bin/../lib/gcc/arm-none-eabi/12.3.1/thumb/v7e-m+fp/hard/crti.o
                0x08006d9c                _fini
 .fini          0x08006da0        0x8 C:/ST/STM32CubeIDE_1.16.0/STM32CubeIDE/plugins/com.st.stm32cube.ide.mcu.externaltools.gnu-tools-for-stm32.12.3.rel1.win32_1.0.200.202406191623/tools/bin/../lib/gcc/arm-none-eabi/12.3.1/thumb/v7e-m+fp/hard/crtn.o
                0x08006da8                        . = ALIGN (0x4)
                0x08006da8                        _etext = .

.vfp11_veneer   0x08006da8        0x0
 .vfp11_veneer  0x08006da8        0x0 linker stubs

.v4_bx          0x08006da8        0x0
 .v4_bx         0x08006da8        0x0 linker stubs

.iplt           0x08006da8        0x0
 .iplt          0x08006da8        0x0 C:/ST/STM32CubeIDE_1.16.0/STM32CubeIDE/plugins/com.st.stm32cube.ide.mcu.externaltools.gnu-tools-for-stm32.12.3.rel1.win32_1.0.200.202406191623/tools/bin/../lib/gcc/arm-none-eabi/12.3.1/thumb/v7e-m+fp/hard/crtbegin.o

.rodata         0x08006da8     0x15b0
                0x08006da8                        . = ALIGN (0x4)
 *(.rodata)
 .rodata        0x08006da8      0xf87 ./Core/Src/main.o
 *(.rodata*)
 *fill*         0x08007d2f        0x1 
 .rodata.CRCTable
                0x08007d30      0x200 ./Core/Src/main.o
 .rodata.CanardCANDLCToLength
                0x08007f30       0x10 ./Core/Src/main.o
                0x08007f30                CanardCANDLCToLength
 .rodata.CanardCANLengthToDLC
                0x08007f40       0x41 ./Core/Src/main.o
                0x08007f40                CanardCANLengthToDLC
 *fill*         0x08007f81        0x3 
 .rodata.__func__.36
                0x08007f84        0xb ./Core/Src/main.o
 *fill*         0x08007f8f        0x1 
 .rodata.__func__.35
                0x08007f90        0xd ./Core/Src/main.o
 *fill*         0x08007f9d        0x3 
 .rodata.__func__.34
                0x08007fa0        0xc ./Core/Src/main.o
 .rodata.__func__.33
                0x08007fac        0x7 ./Core/Src/main.o
 *fill*         0x08007fb3        0x1 
 .rodata.__func__.32
                0x08007fb4       0x1e ./Core/Src/main.o
 *fill*         0x08007fd2        0x2 
 .rodata.__func__.31
                0x08007fd4       0x1e ./Core/Src/main.o
 *fill*         0x08007ff2        0x2 
 .rodata.__func__.30
                0x08007ff4       0x12 ./Core/Src/main.o
 *fill*         0x08008006        0x2 
 .rodata.__func__.29
                0x08008008        0xf ./Core/Src/main.o
 *fill*         0x08008017        0x1 
 .rodata.__func__.28
                0x08008018       0x1a ./Core/Src/main.o
 *fill*         0x08008032        0x2 
 .rodata.__func__.27
                0x08008034       0x14 ./Core/Src/main.o
 .rodata.__func__.26
                0x08008048        0xf ./Core/Src/main.o
 *fill*         0x08008057        0x1 
 .rodata.__func__.25
                0x08008058        0xb ./Core/Src/main.o
 *fill*         0x08008063        0x1 
 .rodata.__func__.24
                0x08008064       0x1b ./Core/Src/main.o
 *fill*         0x0800807f        0x1 
 .rodata.__func__.23
                0x08008080       0x19 ./Core/Src/main.o
 *fill*         0x08008099        0x3 
 .rodata.__func__.22
                0x0800809c       0x12 ./Core/Src/main.o
 *fill*         0x080080ae        0x2 
 .rodata.__func__.21
                0x080080b0       0x11 ./Core/Src/main.o
 *fill*         0x080080c1        0x3 
 .rodata.__func__.20
                0x080080c4       0x1a ./Core/Src/main.o
 *fill*         0x080080de        0x2 
 .rodata.__func__.19
                0x080080e0        0xb ./Core/Src/main.o
 *fill*         0x080080eb        0x1 
 .rodata.__func__.18
                0x080080ec        0xf ./Core/Src/main.o
 *fill*         0x080080fb        0x1 
 .rodata.NegPos.17
                0x080080fc        0x2 ./Core/Src/main.o
 *fill*         0x080080fe        0x2 
 .rodata.__func__.16
                0x08008100       0x10 ./Core/Src/main.o
 .rodata.__func__.15
                0x08008110        0xe ./Core/Src/main.o
 *fill*         0x0800811e        0x2 
 .rodata.__func__.14
                0x08008120       0x10 ./Core/Src/main.o
 .rodata.__func__.13
                0x08008130       0x1e ./Core/Src/main.o
 *fill*         0x0800814e        0x2 
 .rodata.__func__.12
                0x08008150       0x11 ./Core/Src/main.o
 *fill*         0x08008161        0x3 
 .rodata.__func__.11
                0x08008164       0x15 ./Core/Src/main.o
 *fill*         0x08008179        0x3 
 .rodata.__func__.10
                0x0800817c       0x16 ./Core/Src/main.o
 *fill*         0x08008192        0x2 
 .rodata.__func__.9
                0x08008194       0x20 ./Core/Src/main.o
 .rodata.__func__.8
                0x080081b4       0x12 ./Core/Src/main.o
 *fill*         0x080081c6        0x2 
 .rodata.__func__.7
                0x080081c8       0x14 ./Core/Src/main.o
 .rodata.__func__.6
                0x080081dc       0x25 ./Core/Src/main.o
 *fill*         0x08008201        0x3 
 .rodata.__func__.5
                0x08008204       0x22 ./Core/Src/main.o
 *fill*         0x08008226        0x2 
 .rodata.__func__.4
                0x08008228       0x20 ./Core/Src/main.o
 .rodata.__func__.3
                0x08008248        0xe ./Core/Src/main.o
 *fill*         0x08008256        0x2 
 .rodata.__func__.2
                0x08008258       0x10 ./Core/Src/main.o
 .rodata.__func__.1
                0x08008268       0x2f ./Core/Src/main.o
 *fill*         0x08008297        0x1 
 .rodata.__func__.0
                0x08008298        0xf ./Core/Src/main.o
 *fill*         0x080082a7        0x1 
 .rodata.AHBPrescTable
                0x080082a8       0x10 ./Core/Src/system_stm32l4xx.o
                0x080082a8                AHBPrescTable
 .rodata.MSIRangeTable
                0x080082b8       0x30 ./Core/Src/system_stm32l4xx.o
                0x080082b8                MSIRangeTable
 .rodata.__assert_func.str1.1
                0x080082e8       0x3c C:/ST/STM32CubeIDE_1.16.0/STM32CubeIDE/plugins/com.st.stm32cube.ide.mcu.externaltools.gnu-tools-for-stm32.12.3.rel1.win32_1.0.200.202406191623/tools/bin/../lib/gcc/arm-none-eabi/12.3.1/../../../../arm-none-eabi/lib/thumb/v7e-m+fp/hard\libc_nano.a(libc_a-assert.o)
                                 0x3d (size before relaxing)
 .rodata._vfprintf_r.str1.1
                0x08008324       0x11 C:/ST/STM32CubeIDE_1.16.0/STM32CubeIDE/plugins/com.st.stm32cube.ide.mcu.externaltools.gnu-tools-for-stm32.12.3.rel1.win32_1.0.200.202406191623/tools/bin/../lib/gcc/arm-none-eabi/12.3.1/../../../../arm-none-eabi/lib/thumb/v7e-m+fp/hard\libc_nano.a(libc_a-nano-vfprintf.o)
 .rodata._printf_i.str1.1
                0x08008335       0x22 C:/ST/STM32CubeIDE_1.16.0/STM32CubeIDE/plugins/com.st.stm32cube.ide.mcu.externaltools.gnu-tools-for-stm32.12.3.rel1.win32_1.0.200.202406191623/tools/bin/../lib/gcc/arm-none-eabi/12.3.1/../../../../arm-none-eabi/lib/thumb/v7e-m+fp/hard\libc_nano.a(libc_a-nano-vfprintf_i.o)
                0x08008358                        . = ALIGN (0x4)
 *fill*         0x08008357        0x1 

.ARM.extab      0x08008358        0x0
                0x08008358                        . = ALIGN (0x4)
 *(.ARM.extab* .gnu.linkonce.armextab.*)
                0x08008358                        . = ALIGN (0x4)

.ARM            0x08008358        0x8
                0x08008358                        . = ALIGN (0x4)
                0x08008358                        __exidx_start = .
 *(.ARM.exidx*)
 .ARM.exidx     0x08008358        0x8 C:/ST/STM32CubeIDE_1.16.0/STM32CubeIDE/plugins/com.st.stm32cube.ide.mcu.externaltools.gnu-tools-for-stm32.12.3.rel1.win32_1.0.200.202406191623/tools/bin/../lib/gcc/arm-none-eabi/12.3.1/../../../../arm-none-eabi/lib/thumb/v7e-m+fp/hard\libc_nano.a(libc_a-memchr.o)
                0x08008360                        __exidx_end = .
                0x08008360                        . = ALIGN (0x4)

.preinit_array  0x08008360        0x0
                0x08008360                        . = ALIGN (0x4)
                0x08008360                        PROVIDE (__preinit_array_start = .)
 *(.preinit_array*)
                0x08008360                        PROVIDE (__preinit_array_end = .)
                0x08008360                        . = ALIGN (0x4)

.init_array     0x08008360        0x4
                0x08008360                        . = ALIGN (0x4)
                0x08008360                        PROVIDE (__init_array_start = .)
 *(SORT_BY_NAME(.init_array.*))
 *(.init_array*)
 .init_array    0x08008360        0x4 C:/ST/STM32CubeIDE_1.16.0/STM32CubeIDE/plugins/com.st.stm32cube.ide.mcu.externaltools.gnu-tools-for-stm32.12.3.rel1.win32_1.0.200.202406191623/tools/bin/../lib/gcc/arm-none-eabi/12.3.1/thumb/v7e-m+fp/hard/crtbegin.o
                0x08008364                        PROVIDE (__init_array_end = .)
                0x08008364                        . = ALIGN (0x4)

.fini_array     0x08008364        0x4
                0x08008364                        . = ALIGN (0x4)
                [!provide]                        PROVIDE (__fini_array_start = .)
 *(SORT_BY_NAME(.fini_array.*))
 *(.fini_array*)
 .fini_array    0x08008364        0x4 C:/ST/STM32CubeIDE_1.16.0/STM32CubeIDE/plugins/com.st.stm32cube.ide.mcu.externaltools.gnu-tools-for-stm32.12.3.rel1.win32_1.0.200.202406191623/tools/bin/../lib/gcc/arm-none-eabi/12.3.1/thumb/v7e-m+fp/hard/crtbegin.o
                [!provide]                        PROVIDE (__fini_array_end = .)
                0x08008368                        . = ALIGN (0x4)
                0x08008368                        _sidata = LOADADDR (.data)

.rel.dyn        0x08008368        0x0
 .rel.iplt      0x08008368        0x0 C:/ST/STM32CubeIDE_1.16.0/STM32CubeIDE/plugins/com.st.stm32cube.ide.mcu.externaltools.gnu-tools-for-stm32.12.3.rel1.win32_1.0.200.202406191623/tools/bin/../lib/gcc/arm-none-eabi/12.3.1/thumb/v7e-m+fp/hard/crtbegin.o

.data           0x20000000       0x70 load address 0x08008368
                0x20000000                        . = ALIGN (0x4)
                0x20000000                        _sdata = .
 *(.data)
 *(.data*)
 .data.hbeat_ser_buf_size
                0x20000000        0x4 ./Core/Src/main.o
                0x20000000                hbeat_ser_buf_size
 .data.getinfo_request_ser_buf_size
                0x20000004        0x4 ./Core/Src/main.o
                0x20000004                getinfo_request_ser_buf_size
 .data.SystemCoreClock
                0x20000008        0x4 ./Core/Src/system_stm32l4xx.o
                0x20000008                SystemCoreClock
 .data.uwTickPrio
                0x2000000c        0x4 ./Drivers/STM32L4xx_HAL_Driver/Src/stm32l4xx_hal.o
                0x2000000c                uwTickPrio
 .data.uwTickFreq
                0x20000010        0x1 ./Drivers/STM32L4xx_HAL_Driver/Src/stm32l4xx_hal.o
                0x20000010                uwTickFreq
 *fill*         0x20000011        0x3 
 .data.__sglue  0x20000014        0xc C:/ST/STM32CubeIDE_1.16.0/STM32CubeIDE/plugins/com.st.stm32cube.ide.mcu.externaltools.gnu-tools-for-stm32.12.3.rel1.win32_1.0.200.202406191623/tools/bin/../lib/gcc/arm-none-eabi/12.3.1/../../../../arm-none-eabi/lib/thumb/v7e-m+fp/hard\libc_nano.a(libc_a-findfp.o)
                0x20000014                __sglue
 .data._impure_ptr
                0x20000020        0x4 C:/ST/STM32CubeIDE_1.16.0/STM32CubeIDE/plugins/com.st.stm32cube.ide.mcu.externaltools.gnu-tools-for-stm32.12.3.rel1.win32_1.0.200.202406191623/tools/bin/../lib/gcc/arm-none-eabi/12.3.1/../../../../arm-none-eabi/lib/thumb/v7e-m+fp/hard\libc_nano.a(libc_a-impure.o)
                0x20000020                _impure_ptr
 .data._impure_data
                0x20000024       0x4c C:/ST/STM32CubeIDE_1.16.0/STM32CubeIDE/plugins/com.st.stm32cube.ide.mcu.externaltools.gnu-tools-for-stm32.12.3.rel1.win32_1.0.200.202406191623/tools/bin/../lib/gcc/arm-none-eabi/12.3.1/../../../../arm-none-eabi/lib/thumb/v7e-m+fp/hard\libc_nano.a(libc_a-impure.o)
                0x20000024                _impure_data
 *(.RamFunc)
 *(.RamFunc*)
                0x20000070                        . = ALIGN (0x4)
                0x20000070                        _edata = .

.igot.plt       0x20000070        0x0 load address 0x080083d8
 .igot.plt      0x20000070        0x0 C:/ST/STM32CubeIDE_1.16.0/STM32CubeIDE/plugins/com.st.stm32cube.ide.mcu.externaltools.gnu-tools-for-stm32.12.3.rel1.win32_1.0.200.202406191623/tools/bin/../lib/gcc/arm-none-eabi/12.3.1/thumb/v7e-m+fp/hard/crtbegin.o
                0x20000070                        . = ALIGN (0x4)

.bss            0x20000070      0x1e0 load address 0x080083d8
                0x20000070                        _sbss = .
                0x20000070                        __bss_start__ = _sbss
 *(.bss)
 .bss           0x20000070       0x1c C:/ST/STM32CubeIDE_1.16.0/STM32CubeIDE/plugins/com.st.stm32cube.ide.mcu.externaltools.gnu-tools-for-stm32.12.3.rel1.win32_1.0.200.202406191623/tools/bin/../lib/gcc/arm-none-eabi/12.3.1/thumb/v7e-m+fp/hard/crtbegin.o
 *(.bss*)
 .bss.hcan1     0x2000008c       0x28 ./Core/Src/main.o
                0x2000008c                hcan1
 .bss.canard    0x200000b4       0x1c ./Core/Src/main.o
                0x200000b4                canard
 .bss.queue     0x200000d0       0x14 ./Core/Src/main.o
                0x200000d0                queue
 .bss.getinfo_request_transfer_id
                0x200000e4        0x1 ./Core/Src/main.o
 .bss.my_message_transfer_id
                0x200000e5        0x1 ./Core/Src/main.o
 *fill*         0x200000e6        0x2 
 .bss.test_uptimeSec
                0x200000e8        0x4 ./Core/Src/main.o
                0x200000e8                test_uptimeSec
 .bss.hbeat_ser_buf
                0x200000ec        0xc ./Core/Src/main.o
                0x200000ec                hbeat_ser_buf
 .bss.getinfo_request_ser_buf
                0x200000f8        0x1 ./Core/Src/main.o
                0x200000f8                getinfo_request_ser_buf
 *fill*         0x200000f9        0x3 
 .bss.__sbrk_heap_end
                0x200000fc        0x4 ./Core/Src/sysmem.o
 .bss.uwTick    0x20000100        0x4 ./Drivers/STM32L4xx_HAL_Driver/Src/stm32l4xx_hal.o
                0x20000100                uwTick
 .bss.__malloc_sbrk_start
                0x20000104        0x4 C:/ST/STM32CubeIDE_1.16.0/STM32CubeIDE/plugins/com.st.stm32cube.ide.mcu.externaltools.gnu-tools-for-stm32.12.3.rel1.win32_1.0.200.202406191623/tools/bin/../lib/gcc/arm-none-eabi/12.3.1/../../../../arm-none-eabi/lib/thumb/v7e-m+fp/hard\libc_nano.a(libc_a-mallocr.o)
                0x20000104                __malloc_sbrk_start
 .bss.__malloc_free_list
                0x20000108        0x4 C:/ST/STM32CubeIDE_1.16.0/STM32CubeIDE/plugins/com.st.stm32cube.ide.mcu.externaltools.gnu-tools-for-stm32.12.3.rel1.win32_1.0.200.202406191623/tools/bin/../lib/gcc/arm-none-eabi/12.3.1/../../../../arm-none-eabi/lib/thumb/v7e-m+fp/hard\libc_nano.a(libc_a-mallocr.o)
                0x20000108                __malloc_free_list
 .bss.__sf      0x2000010c      0x138 C:/ST/STM32CubeIDE_1.16.0/STM32CubeIDE/plugins/com.st.stm32cube.ide.mcu.externaltools.gnu-tools-for-stm32.12.3.rel1.win32_1.0.200.202406191623/tools/bin/../lib/gcc/arm-none-eabi/12.3.1/../../../../arm-none-eabi/lib/thumb/v7e-m+fp/hard\libc_nano.a(libc_a-findfp.o)
                0x2000010c                __sf
 .bss.__stdio_exit_handler
                0x20000244        0x4 C:/ST/STM32CubeIDE_1.16.0/STM32CubeIDE/plugins/com.st.stm32cube.ide.mcu.externaltools.gnu-tools-for-stm32.12.3.rel1.win32_1.0.200.202406191623/tools/bin/../lib/gcc/arm-none-eabi/12.3.1/../../../../arm-none-eabi/lib/thumb/v7e-m+fp/hard\libc_nano.a(libc_a-findfp.o)
                0x20000244                __stdio_exit_handler
 .bss.errno     0x20000248        0x4 C:/ST/STM32CubeIDE_1.16.0/STM32CubeIDE/plugins/com.st.stm32cube.ide.mcu.externaltools.gnu-tools-for-stm32.12.3.rel1.win32_1.0.200.202406191623/tools/bin/../lib/gcc/arm-none-eabi/12.3.1/../../../../arm-none-eabi/lib/thumb/v7e-m+fp/hard\libc_nano.a(libc_a-reent.o)
                0x20000248                errno
 .bss.__lock___malloc_recursive_mutex
                0x2000024c        0x1 C:/ST/STM32CubeIDE_1.16.0/STM32CubeIDE/plugins/com.st.stm32cube.ide.mcu.externaltools.gnu-tools-for-stm32.12.3.rel1.win32_1.0.200.202406191623/tools/bin/../lib/gcc/arm-none-eabi/12.3.1/../../../../arm-none-eabi/lib/thumb/v7e-m+fp/hard\libc_nano.a(libc_a-lock.o)
                0x2000024c                __lock___malloc_recursive_mutex
 .bss.__lock___sfp_recursive_mutex
                0x2000024d        0x1 C:/ST/STM32CubeIDE_1.16.0/STM32CubeIDE/plugins/com.st.stm32cube.ide.mcu.externaltools.gnu-tools-for-stm32.12.3.rel1.win32_1.0.200.202406191623/tools/bin/../lib/gcc/arm-none-eabi/12.3.1/../../../../arm-none-eabi/lib/thumb/v7e-m+fp/hard\libc_nano.a(libc_a-lock.o)
                0x2000024d                __lock___sfp_recursive_mutex
 *(COMMON)
                0x20000250                        . = ALIGN (0x4)
 *fill*         0x2000024e        0x2 
                0x20000250                        _ebss = .
                0x20000250                        __bss_end__ = _ebss

._user_heap_stack
                0x20000250      0x600 load address 0x080083d8
                0x20000250                        . = ALIGN (0x8)
                [!provide]                        PROVIDE (end = .)
                0x20000250                        PROVIDE (_end = .)
                0x20000450                        . = (. + _Min_Heap_Size)
 *fill*         0x20000250      0x200 
                0x20000850                        . = (. + _Min_Stack_Size)
 *fill*         0x20000450      0x400 
                0x20000850                        . = ALIGN (0x8)

/DISCARD/
 libc.a(*)
 libm.a(*)
 libgcc.a(*)

.ARM.attributes
                0x00000000       0x30
 *(.ARM.attributes)
 .ARM.attributes
                0x00000000       0x22 C:/ST/STM32CubeIDE_1.16.0/STM32CubeIDE/plugins/com.st.stm32cube.ide.mcu.externaltools.gnu-tools-for-stm32.12.3.rel1.win32_1.0.200.202406191623/tools/bin/../lib/gcc/arm-none-eabi/12.3.1/thumb/v7e-m+fp/hard/crti.o
 .ARM.attributes
                0x00000022       0x34 C:/ST/STM32CubeIDE_1.16.0/STM32CubeIDE/plugins/com.st.stm32cube.ide.mcu.externaltools.gnu-tools-for-stm32.12.3.rel1.win32_1.0.200.202406191623/tools/bin/../lib/gcc/arm-none-eabi/12.3.1/thumb/v7e-m+fp/hard/crtbegin.o
 .ARM.attributes
                0x00000056       0x34 ./Core/Src/main.o
 .ARM.attributes
                0x0000008a       0x34 ./Core/Src/stm32l4xx_hal_msp.o
 .ARM.attributes
                0x000000be       0x34 ./Core/Src/stm32l4xx_it.o
 .ARM.attributes
                0x000000f2       0x34 ./Core/Src/syscalls.o
 .ARM.attributes
                0x00000126       0x34 ./Core/Src/sysmem.o
 .ARM.attributes
                0x0000015a       0x34 ./Core/Src/system_stm32l4xx.o
 .ARM.attributes
                0x0000018e       0x21 ./Core/Startup/startup_stm32l432kcux.o
 .ARM.attributes
                0x000001af       0x34 ./Drivers/STM32L4xx_HAL_Driver/Src/stm32l4xx_hal.o
 .ARM.attributes
                0x000001e3       0x34 ./Drivers/STM32L4xx_HAL_Driver/Src/stm32l4xx_hal_can.o
 .ARM.attributes
                0x00000217       0x34 ./Drivers/STM32L4xx_HAL_Driver/Src/stm32l4xx_hal_cortex.o
 .ARM.attributes
                0x0000024b       0x34 ./Drivers/STM32L4xx_HAL_Driver/Src/stm32l4xx_hal_gpio.o
 .ARM.attributes
                0x0000027f       0x34 ./Drivers/STM32L4xx_HAL_Driver/Src/stm32l4xx_hal_pwr_ex.o
 .ARM.attributes
                0x000002b3       0x34 ./Drivers/STM32L4xx_HAL_Driver/Src/stm32l4xx_hal_rcc.o
 .ARM.attributes
                0x000002e7       0x34 C:/ST/STM32CubeIDE_1.16.0/STM32CubeIDE/plugins/com.st.stm32cube.ide.mcu.externaltools.gnu-tools-for-stm32.12.3.rel1.win32_1.0.200.202406191623/tools/bin/../lib/gcc/arm-none-eabi/12.3.1/../../../../arm-none-eabi/lib/thumb/v7e-m+fp/hard\libc_nano.a(libc_a-assert.o)
 .ARM.attributes
                0x0000031b       0x34 C:/ST/STM32CubeIDE_1.16.0/STM32CubeIDE/plugins/com.st.stm32cube.ide.mcu.externaltools.gnu-tools-for-stm32.12.3.rel1.win32_1.0.200.202406191623/tools/bin/../lib/gcc/arm-none-eabi/12.3.1/../../../../arm-none-eabi/lib/thumb/v7e-m+fp/hard\libc_nano.a(libc_a-malloc.o)
 .ARM.attributes
                0x0000034f       0x34 C:/ST/STM32CubeIDE_1.16.0/STM32CubeIDE/plugins/com.st.stm32cube.ide.mcu.externaltools.gnu-tools-for-stm32.12.3.rel1.win32_1.0.200.202406191623/tools/bin/../lib/gcc/arm-none-eabi/12.3.1/../../../../arm-none-eabi/lib/thumb/v7e-m+fp/hard\libc_nano.a(libc_a-mallocr.o)
 .ARM.attributes
                0x00000383       0x34 C:/ST/STM32CubeIDE_1.16.0/STM32CubeIDE/plugins/com.st.stm32cube.ide.mcu.externaltools.gnu-tools-for-stm32.12.3.rel1.win32_1.0.200.202406191623/tools/bin/../lib/gcc/arm-none-eabi/12.3.1/../../../../arm-none-eabi/lib/thumb/v7e-m+fp/hard\libc_nano.a(libc_a-mlock.o)
 .ARM.attributes
                0x000003b7       0x34 C:/ST/STM32CubeIDE_1.16.0/STM32CubeIDE/plugins/com.st.stm32cube.ide.mcu.externaltools.gnu-tools-for-stm32.12.3.rel1.win32_1.0.200.202406191623/tools/bin/../lib/gcc/arm-none-eabi/12.3.1/../../../../arm-none-eabi/lib/thumb/v7e-m+fp/hard\libc_nano.a(libc_a-findfp.o)
 .ARM.attributes
                0x000003eb       0x34 C:/ST/STM32CubeIDE_1.16.0/STM32CubeIDE/plugins/com.st.stm32cube.ide.mcu.externaltools.gnu-tools-for-stm32.12.3.rel1.win32_1.0.200.202406191623/tools/bin/../lib/gcc/arm-none-eabi/12.3.1/../../../../arm-none-eabi/lib/thumb/v7e-m+fp/hard\libc_nano.a(libc_a-fprintf.o)
 .ARM.attributes
                0x0000041f       0x34 C:/ST/STM32CubeIDE_1.16.0/STM32CubeIDE/plugins/com.st.stm32cube.ide.mcu.externaltools.gnu-tools-for-stm32.12.3.rel1.win32_1.0.200.202406191623/tools/bin/../lib/gcc/arm-none-eabi/12.3.1/../../../../arm-none-eabi/lib/thumb/v7e-m+fp/hard\libc_nano.a(libc_a-fwalk.o)
 .ARM.attributes
                0x00000453       0x34 C:/ST/STM32CubeIDE_1.16.0/STM32CubeIDE/plugins/com.st.stm32cube.ide.mcu.externaltools.gnu-tools-for-stm32.12.3.rel1.win32_1.0.200.202406191623/tools/bin/../lib/gcc/arm-none-eabi/12.3.1/../../../../arm-none-eabi/lib/thumb/v7e-m+fp/hard\libc_nano.a(libc_a-stdio.o)
 .ARM.attributes
                0x00000487       0x34 C:/ST/STM32CubeIDE_1.16.0/STM32CubeIDE/plugins/com.st.stm32cube.ide.mcu.externaltools.gnu-tools-for-stm32.12.3.rel1.win32_1.0.200.202406191623/tools/bin/../lib/gcc/arm-none-eabi/12.3.1/../../../../arm-none-eabi/lib/thumb/v7e-m+fp/hard\libc_nano.a(libc_a-memmove.o)
 .ARM.attributes
                0x000004bb       0x34 C:/ST/STM32CubeIDE_1.16.0/STM32CubeIDE/plugins/com.st.stm32cube.ide.mcu.externaltools.gnu-tools-for-stm32.12.3.rel1.win32_1.0.200.202406191623/tools/bin/../lib/gcc/arm-none-eabi/12.3.1/../../../../arm-none-eabi/lib/thumb/v7e-m+fp/hard\libc_nano.a(libc_a-memset.o)
 .ARM.attributes
                0x000004ef       0x34 C:/ST/STM32CubeIDE_1.16.0/STM32CubeIDE/plugins/com.st.stm32cube.ide.mcu.externaltools.gnu-tools-for-stm32.12.3.rel1.win32_1.0.200.202406191623/tools/bin/../lib/gcc/arm-none-eabi/12.3.1/../../../../arm-none-eabi/lib/thumb/v7e-m+fp/hard\libc_nano.a(libc_a-closer.o)
 .ARM.attributes
                0x00000523       0x34 C:/ST/STM32CubeIDE_1.16.0/STM32CubeIDE/plugins/com.st.stm32cube.ide.mcu.externaltools.gnu-tools-for-stm32.12.3.rel1.win32_1.0.200.202406191623/tools/bin/../lib/gcc/arm-none-eabi/12.3.1/../../../../arm-none-eabi/lib/thumb/v7e-m+fp/hard\libc_nano.a(libc_a-reent.o)
 .ARM.attributes
                0x00000557       0x34 C:/ST/STM32CubeIDE_1.16.0/STM32CubeIDE/plugins/com.st.stm32cube.ide.mcu.externaltools.gnu-tools-for-stm32.12.3.rel1.win32_1.0.200.202406191623/tools/bin/../lib/gcc/arm-none-eabi/12.3.1/../../../../arm-none-eabi/lib/thumb/v7e-m+fp/hard\libc_nano.a(libc_a-impure.o)
 .ARM.attributes
                0x0000058b       0x34 C:/ST/STM32CubeIDE_1.16.0/STM32CubeIDE/plugins/com.st.stm32cube.ide.mcu.externaltools.gnu-tools-for-stm32.12.3.rel1.win32_1.0.200.202406191623/tools/bin/../lib/gcc/arm-none-eabi/12.3.1/../../../../arm-none-eabi/lib/thumb/v7e-m+fp/hard\libc_nano.a(libc_a-lseekr.o)
 .ARM.attributes
                0x000005bf       0x34 C:/ST/STM32CubeIDE_1.16.0/STM32CubeIDE/plugins/com.st.stm32cube.ide.mcu.externaltools.gnu-tools-for-stm32.12.3.rel1.win32_1.0.200.202406191623/tools/bin/../lib/gcc/arm-none-eabi/12.3.1/../../../../arm-none-eabi/lib/thumb/v7e-m+fp/hard\libc_nano.a(libc_a-readr.o)
 .ARM.attributes
                0x000005f3       0x34 C:/ST/STM32CubeIDE_1.16.0/STM32CubeIDE/plugins/com.st.stm32cube.ide.mcu.externaltools.gnu-tools-for-stm32.12.3.rel1.win32_1.0.200.202406191623/tools/bin/../lib/gcc/arm-none-eabi/12.3.1/../../../../arm-none-eabi/lib/thumb/v7e-m+fp/hard\libc_nano.a(libc_a-sbrkr.o)
 .ARM.attributes
                0x00000627       0x34 C:/ST/STM32CubeIDE_1.16.0/STM32CubeIDE/plugins/com.st.stm32cube.ide.mcu.externaltools.gnu-tools-for-stm32.12.3.rel1.win32_1.0.200.202406191623/tools/bin/../lib/gcc/arm-none-eabi/12.3.1/../../../../arm-none-eabi/lib/thumb/v7e-m+fp/hard\libc_nano.a(libc_a-writer.o)
 .ARM.attributes
                0x0000065b       0x34 C:/ST/STM32CubeIDE_1.16.0/STM32CubeIDE/plugins/com.st.stm32cube.ide.mcu.externaltools.gnu-tools-for-stm32.12.3.rel1.win32_1.0.200.202406191623/tools/bin/../lib/gcc/arm-none-eabi/12.3.1/../../../../arm-none-eabi/lib/thumb/v7e-m+fp/hard\libc_nano.a(libc_a-errno.o)
 .ARM.attributes
                0x0000068f       0x34 C:/ST/STM32CubeIDE_1.16.0/STM32CubeIDE/plugins/com.st.stm32cube.ide.mcu.externaltools.gnu-tools-for-stm32.12.3.rel1.win32_1.0.200.202406191623/tools/bin/../lib/gcc/arm-none-eabi/12.3.1/../../../../arm-none-eabi/lib/thumb/v7e-m+fp/hard\libc_nano.a(libc_a-init.o)
 .ARM.attributes
                0x000006c3       0x34 C:/ST/STM32CubeIDE_1.16.0/STM32CubeIDE/plugins/com.st.stm32cube.ide.mcu.externaltools.gnu-tools-for-stm32.12.3.rel1.win32_1.0.200.202406191623/tools/bin/../lib/gcc/arm-none-eabi/12.3.1/../../../../arm-none-eabi/lib/thumb/v7e-m+fp/hard\libc_nano.a(libc_a-lock.o)
 .ARM.attributes
                0x000006f7       0x34 C:/ST/STM32CubeIDE_1.16.0/STM32CubeIDE/plugins/com.st.stm32cube.ide.mcu.externaltools.gnu-tools-for-stm32.12.3.rel1.win32_1.0.200.202406191623/tools/bin/../lib/gcc/arm-none-eabi/12.3.1/../../../../arm-none-eabi/lib/thumb/v7e-m+fp/hard\libc_nano.a(libc_a-memcpy-stub.o)
 .ARM.attributes
                0x0000072b       0x34 C:/ST/STM32CubeIDE_1.16.0/STM32CubeIDE/plugins/com.st.stm32cube.ide.mcu.externaltools.gnu-tools-for-stm32.12.3.rel1.win32_1.0.200.202406191623/tools/bin/../lib/gcc/arm-none-eabi/12.3.1/../../../../arm-none-eabi/lib/thumb/v7e-m+fp/hard\libc_nano.a(libc_a-abort.o)
 .ARM.attributes
                0x0000075f       0x34 C:/ST/STM32CubeIDE_1.16.0/STM32CubeIDE/plugins/com.st.stm32cube.ide.mcu.externaltools.gnu-tools-for-stm32.12.3.rel1.win32_1.0.200.202406191623/tools/bin/../lib/gcc/arm-none-eabi/12.3.1/../../../../arm-none-eabi/lib/thumb/v7e-m+fp/hard\libc_nano.a(libc_a-freer.o)
 .ARM.attributes
                0x00000793       0x34 C:/ST/STM32CubeIDE_1.16.0/STM32CubeIDE/plugins/com.st.stm32cube.ide.mcu.externaltools.gnu-tools-for-stm32.12.3.rel1.win32_1.0.200.202406191623/tools/bin/../lib/gcc/arm-none-eabi/12.3.1/../../../../arm-none-eabi/lib/thumb/v7e-m+fp/hard\libc_nano.a(libc_a-nano-vfprintf.o)
 .ARM.attributes
                0x000007c7       0x34 C:/ST/STM32CubeIDE_1.16.0/STM32CubeIDE/plugins/com.st.stm32cube.ide.mcu.externaltools.gnu-tools-for-stm32.12.3.rel1.win32_1.0.200.202406191623/tools/bin/../lib/gcc/arm-none-eabi/12.3.1/../../../../arm-none-eabi/lib/thumb/v7e-m+fp/hard\libc_nano.a(libc_a-nano-vfprintf_i.o)
 .ARM.attributes
                0x000007fb       0x34 C:/ST/STM32CubeIDE_1.16.0/STM32CubeIDE/plugins/com.st.stm32cube.ide.mcu.externaltools.gnu-tools-for-stm32.12.3.rel1.win32_1.0.200.202406191623/tools/bin/../lib/gcc/arm-none-eabi/12.3.1/../../../../arm-none-eabi/lib/thumb/v7e-m+fp/hard\libc_nano.a(libc_a-fflush.o)
 .ARM.attributes
                0x0000082f       0x34 C:/ST/STM32CubeIDE_1.16.0/STM32CubeIDE/plugins/com.st.stm32cube.ide.mcu.externaltools.gnu-tools-for-stm32.12.3.rel1.win32_1.0.200.202406191623/tools/bin/../lib/gcc/arm-none-eabi/12.3.1/../../../../arm-none-eabi/lib/thumb/v7e-m+fp/hard\libc_nano.a(libc_a-wbuf.o)
 .ARM.attributes
                0x00000863       0x34 C:/ST/STM32CubeIDE_1.16.0/STM32CubeIDE/plugins/com.st.stm32cube.ide.mcu.externaltools.gnu-tools-for-stm32.12.3.rel1.win32_1.0.200.202406191623/tools/bin/../lib/gcc/arm-none-eabi/12.3.1/../../../../arm-none-eabi/lib/thumb/v7e-m+fp/hard\libc_nano.a(libc_a-wsetup.o)
 .ARM.attributes
                0x00000897       0x34 C:/ST/STM32CubeIDE_1.16.0/STM32CubeIDE/plugins/com.st.stm32cube.ide.mcu.externaltools.gnu-tools-for-stm32.12.3.rel1.win32_1.0.200.202406191623/tools/bin/../lib/gcc/arm-none-eabi/12.3.1/../../../../arm-none-eabi/lib/thumb/v7e-m+fp/hard\libc_nano.a(libc_a-signal.o)
 .ARM.attributes
                0x000008cb       0x34 C:/ST/STM32CubeIDE_1.16.0/STM32CubeIDE/plugins/com.st.stm32cube.ide.mcu.externaltools.gnu-tools-for-stm32.12.3.rel1.win32_1.0.200.202406191623/tools/bin/../lib/gcc/arm-none-eabi/12.3.1/../../../../arm-none-eabi/lib/thumb/v7e-m+fp/hard\libc_nano.a(libc_a-signalr.o)
 .ARM.attributes
                0x000008ff       0x1c C:/ST/STM32CubeIDE_1.16.0/STM32CubeIDE/plugins/com.st.stm32cube.ide.mcu.externaltools.gnu-tools-for-stm32.12.3.rel1.win32_1.0.200.202406191623/tools/bin/../lib/gcc/arm-none-eabi/12.3.1/../../../../arm-none-eabi/lib/thumb/v7e-m+fp/hard\libc_nano.a(libc_a-memchr.o)
 .ARM.attributes
                0x0000091b       0x34 C:/ST/STM32CubeIDE_1.16.0/STM32CubeIDE/plugins/com.st.stm32cube.ide.mcu.externaltools.gnu-tools-for-stm32.12.3.rel1.win32_1.0.200.202406191623/tools/bin/../lib/gcc/arm-none-eabi/12.3.1/../../../../arm-none-eabi/lib/thumb/v7e-m+fp/hard\libc_nano.a(libc_a-makebuf.o)
 .ARM.attributes
                0x0000094f       0x34 C:/ST/STM32CubeIDE_1.16.0/STM32CubeIDE/plugins/com.st.stm32cube.ide.mcu.externaltools.gnu-tools-for-stm32.12.3.rel1.win32_1.0.200.202406191623/tools/bin/../lib/gcc/arm-none-eabi/12.3.1/../../../../arm-none-eabi/lib/thumb/v7e-m+fp/hard\libc_nano.a(libc_a-fstatr.o)
 .ARM.attributes
                0x00000983       0x34 C:/ST/STM32CubeIDE_1.16.0/STM32CubeIDE/plugins/com.st.stm32cube.ide.mcu.externaltools.gnu-tools-for-stm32.12.3.rel1.win32_1.0.200.202406191623/tools/bin/../lib/gcc/arm-none-eabi/12.3.1/../../../../arm-none-eabi/lib/thumb/v7e-m+fp/hard\libc_nano.a(libc_a-isattyr.o)
 .ARM.attributes
                0x000009b7       0x22 C:/ST/STM32CubeIDE_1.16.0/STM32CubeIDE/plugins/com.st.stm32cube.ide.mcu.externaltools.gnu-tools-for-stm32.12.3.rel1.win32_1.0.200.202406191623/tools/bin/../lib/gcc/arm-none-eabi/12.3.1/thumb/v7e-m+fp/hard/crtn.o
OUTPUT(Cyphaltest3.elf elf32-littlearm)
LOAD linker stubs
LOAD C:/ST/STM32CubeIDE_1.16.0/STM32CubeIDE/plugins/com.st.stm32cube.ide.mcu.externaltools.gnu-tools-for-stm32.12.3.rel1.win32_1.0.200.202406191623/tools/bin/../lib/gcc/arm-none-eabi/12.3.1/../../../../arm-none-eabi/lib/thumb/v7e-m+fp/hard\libc.a
LOAD C:/ST/STM32CubeIDE_1.16.0/STM32CubeIDE/plugins/com.st.stm32cube.ide.mcu.externaltools.gnu-tools-for-stm32.12.3.rel1.win32_1.0.200.202406191623/tools/bin/../lib/gcc/arm-none-eabi/12.3.1/../../../../arm-none-eabi/lib/thumb/v7e-m+fp/hard\libm.a
LOAD C:/ST/STM32CubeIDE_1.16.0/STM32CubeIDE/plugins/com.st.stm32cube.ide.mcu.externaltools.gnu-tools-for-stm32.12.3.rel1.win32_1.0.200.202406191623/tools/bin/../lib/gcc/arm-none-eabi/12.3.1/thumb/v7e-m+fp/hard\libgcc.a

.debug_info     0x00000000     0x991c
 .debug_info    0x00000000     0x3968 ./Core/Src/main.o
 .debug_info    0x00003968      0xa5b ./Core/Src/stm32l4xx_hal_msp.o
 .debug_info    0x000043c3      0x538 ./Core/Src/stm32l4xx_it.o
 .debug_info    0x000048fb      0x6a3 ./Core/Src/syscalls.o
 .debug_info    0x00004f9e      0x168 ./Core/Src/sysmem.o
 .debug_info    0x00005106      0x5bf ./Core/Src/system_stm32l4xx.o
 .debug_info    0x000056c5       0x30 ./Core/Startup/startup_stm32l432kcux.o
 .debug_info    0x000056f5      0x99e ./Drivers/STM32L4xx_HAL_Driver/Src/stm32l4xx_hal.o
 .debug_info    0x00006093      0xf4c ./Drivers/STM32L4xx_HAL_Driver/Src/stm32l4xx_hal_can.o
 .debug_info    0x00006fdf      0xd03 ./Drivers/STM32L4xx_HAL_Driver/Src/stm32l4xx_hal_cortex.o
 .debug_info    0x00007ce2      0x757 ./Drivers/STM32L4xx_HAL_Driver/Src/stm32l4xx_hal_gpio.o
 .debug_info    0x00008439      0x920 ./Drivers/STM32L4xx_HAL_Driver/Src/stm32l4xx_hal_pwr_ex.o
 .debug_info    0x00008d59      0xbc3 ./Drivers/STM32L4xx_HAL_Driver/Src/stm32l4xx_hal_rcc.o

.debug_abbrev   0x00000000     0x1991
 .debug_abbrev  0x00000000      0x4b7 ./Core/Src/main.o
 .debug_abbrev  0x000004b7      0x1bc ./Core/Src/stm32l4xx_hal_msp.o
 .debug_abbrev  0x00000673      0x16a ./Core/Src/stm32l4xx_it.o
 .debug_abbrev  0x000007dd      0x1b6 ./Core/Src/syscalls.o
 .debug_abbrev  0x00000993       0xbc ./Core/Src/sysmem.o
 .debug_abbrev  0x00000a4f      0x11a ./Core/Src/system_stm32l4xx.o
 .debug_abbrev  0x00000b69       0x24 ./Core/Startup/startup_stm32l432kcux.o
 .debug_abbrev  0x00000b8d      0x225 ./Drivers/STM32L4xx_HAL_Driver/Src/stm32l4xx_hal.o
 .debug_abbrev  0x00000db2      0x234 ./Drivers/STM32L4xx_HAL_Driver/Src/stm32l4xx_hal_can.o
 .debug_abbrev  0x00000fe6      0x31c ./Drivers/STM32L4xx_HAL_Driver/Src/stm32l4xx_hal_cortex.o
 .debug_abbrev  0x00001302      0x1cb ./Drivers/STM32L4xx_HAL_Driver/Src/stm32l4xx_hal_gpio.o
 .debug_abbrev  0x000014cd      0x1f9 ./Drivers/STM32L4xx_HAL_Driver/Src/stm32l4xx_hal_pwr_ex.o
 .debug_abbrev  0x000016c6      0x2cb ./Drivers/STM32L4xx_HAL_Driver/Src/stm32l4xx_hal_rcc.o

.debug_aranges  0x00000000      0x950
 .debug_aranges
                0x00000000      0x210 ./Core/Src/main.o
 .debug_aranges
                0x00000210       0x30 ./Core/Src/stm32l4xx_hal_msp.o
 .debug_aranges
                0x00000240       0x80 ./Core/Src/stm32l4xx_it.o
 .debug_aranges
                0x000002c0       0xa8 ./Core/Src/syscalls.o
 .debug_aranges
                0x00000368       0x20 ./Core/Src/sysmem.o
 .debug_aranges
                0x00000388       0x28 ./Core/Src/system_stm32l4xx.o
 .debug_aranges
                0x000003b0       0x28 ./Core/Startup/startup_stm32l432kcux.o
 .debug_aranges
                0x000003d8      0x108 ./Drivers/STM32L4xx_HAL_Driver/Src/stm32l4xx_hal.o
 .debug_aranges
                0x000004e0      0x138 ./Drivers/STM32L4xx_HAL_Driver/Src/stm32l4xx_hal_can.o
 .debug_aranges
                0x00000618      0x128 ./Drivers/STM32L4xx_HAL_Driver/Src/stm32l4xx_hal_cortex.o
 .debug_aranges
                0x00000740       0x58 ./Drivers/STM32L4xx_HAL_Driver/Src/stm32l4xx_hal_gpio.o
 .debug_aranges
                0x00000798      0x128 ./Drivers/STM32L4xx_HAL_Driver/Src/stm32l4xx_hal_pwr_ex.o
 .debug_aranges
                0x000008c0       0x90 ./Drivers/STM32L4xx_HAL_Driver/Src/stm32l4xx_hal_rcc.o

.debug_rnglists
                0x00000000      0x757
 .debug_rnglists
                0x00000000      0x209 ./Core/Src/main.o
 .debug_rnglists
                0x00000209       0x20 ./Core/Src/stm32l4xx_hal_msp.o
 .debug_rnglists
                0x00000229       0x5b ./Core/Src/stm32l4xx_it.o
 .debug_rnglists
                0x00000284       0x79 ./Core/Src/syscalls.o
 .debug_rnglists
                0x000002fd       0x13 ./Core/Src/sysmem.o
 .debug_rnglists
                0x00000310       0x1a ./Core/Src/system_stm32l4xx.o
 .debug_rnglists
                0x0000032a       0x19 ./Core/Startup/startup_stm32l432kcux.o
 .debug_rnglists
                0x00000343       0xc1 ./Drivers/STM32L4xx_HAL_Driver/Src/stm32l4xx_hal.o
 .debug_rnglists
                0x00000404       0xee ./Drivers/STM32L4xx_HAL_Driver/Src/stm32l4xx_hal_can.o
 .debug_rnglists
                0x000004f2       0xda ./Drivers/STM32L4xx_HAL_Driver/Src/stm32l4xx_hal_cortex.o
 .debug_rnglists
                0x000005cc       0x3f ./Drivers/STM32L4xx_HAL_Driver/Src/stm32l4xx_hal_gpio.o
 .debug_rnglists
                0x0000060b       0xdf ./Drivers/STM32L4xx_HAL_Driver/Src/stm32l4xx_hal_pwr_ex.o
 .debug_rnglists
                0x000006ea       0x6d ./Drivers/STM32L4xx_HAL_Driver/Src/stm32l4xx_hal_rcc.o

.debug_macro    0x00000000    0x20900
 .debug_macro   0x00000000      0x369 ./Core/Src/main.o
 .debug_macro   0x00000369      0xab4 ./Core/Src/main.o
 .debug_macro   0x00000e1d      0x1a1 ./Core/Src/main.o
 .debug_macro   0x00000fbe       0x2e ./Core/Src/main.o
 .debug_macro   0x00000fec       0x28 ./Core/Src/main.o
 .debug_macro   0x00001014       0x22 ./Core/Src/main.o
 .debug_macro   0x00001036       0x8e ./Core/Src/main.o
 .debug_macro   0x000010c4       0x51 ./Core/Src/main.o
 .debug_macro   0x00001115      0x103 ./Core/Src/main.o
 .debug_macro   0x00001218       0x6a ./Core/Src/main.o
 .debug_macro   0x00001282      0x1df ./Core/Src/main.o
 .debug_macro   0x00001461       0x1c ./Core/Src/main.o
 .debug_macro   0x0000147d       0x22 ./Core/Src/main.o
 .debug_macro   0x0000149f       0xfb ./Core/Src/main.o
 .debug_macro   0x0000159a     0x1011 ./Core/Src/main.o
 .debug_macro   0x000025ab      0x11f ./Core/Src/main.o
 .debug_macro   0x000026ca    0x147a6 ./Core/Src/main.o
 .debug_macro   0x00016e70       0x6d ./Core/Src/main.o
 .debug_macro   0x00016edd     0x38fb ./Core/Src/main.o
 .debug_macro   0x0001a7d8      0x189 ./Core/Src/main.o
 .debug_macro   0x0001a961       0x5c ./Core/Src/main.o
 .debug_macro   0x0001a9bd     0x11ca ./Core/Src/main.o
 .debug_macro   0x0001bb87      0x53c ./Core/Src/main.o
 .debug_macro   0x0001c0c3      0x1b9 ./Core/Src/main.o
 .debug_macro   0x0001c27c      0x122 ./Core/Src/main.o
 .debug_macro   0x0001c39e      0x26b ./Core/Src/main.o
 .debug_macro   0x0001c609      0x23d ./Core/Src/main.o
 .debug_macro   0x0001c846      0x408 ./Core/Src/main.o
 .debug_macro   0x0001cc4e      0x241 ./Core/Src/main.o
 .debug_macro   0x0001ce8f      0x375 ./Core/Src/main.o
 .debug_macro   0x0001d204       0xd6 ./Core/Src/main.o
 .debug_macro   0x0001d2da      0x122 ./Core/Src/main.o
 .debug_macro   0x0001d3fc      0x356 ./Core/Src/main.o
 .debug_macro   0x0001d752      0x220 ./Core/Src/main.o
 .debug_macro   0x0001d972       0x2a ./Core/Src/main.o
 .debug_macro   0x0001d99c       0x61 ./Core/Src/main.o
 .debug_macro   0x0001d9fd       0x43 ./Core/Src/main.o
 .debug_macro   0x0001da40       0x34 ./Core/Src/main.o
 .debug_macro   0x0001da74       0x16 ./Core/Src/main.o
 .debug_macro   0x0001da8a       0x35 ./Core/Src/main.o
 .debug_macro   0x0001dabf       0x16 ./Core/Src/main.o
 .debug_macro   0x0001dad5       0x43 ./Core/Src/main.o
 .debug_macro   0x0001db18       0x34 ./Core/Src/main.o
 .debug_macro   0x0001db4c       0x10 ./Core/Src/main.o
 .debug_macro   0x0001db5c       0x58 ./Core/Src/main.o
 .debug_macro   0x0001dbb4       0x8e ./Core/Src/main.o
 .debug_macro   0x0001dc42       0x1c ./Core/Src/main.o
 .debug_macro   0x0001dc5e      0x177 ./Core/Src/main.o
 .debug_macro   0x0001ddd5      0x369 ./Core/Src/main.o
 .debug_macro   0x0001e13e       0x16 ./Core/Src/main.o
 .debug_macro   0x0001e154       0x29 ./Core/Src/main.o
 .debug_macro   0x0001e17d       0x22 ./Core/Src/main.o
 .debug_macro   0x0001e19f       0x6d ./Core/Src/main.o
 .debug_macro   0x0001e20c       0x16 ./Core/Src/main.o
 .debug_macro   0x0001e222       0x16 ./Core/Src/main.o
 .debug_macro   0x0001e238       0x20 ./Core/Src/main.o
 .debug_macro   0x0001e258       0x9b ./Core/Src/main.o
 .debug_macro   0x0001e2f3      0x201 ./Core/Src/main.o
 .debug_macro   0x0001e4f4      0x186 ./Core/Src/main.o
 .debug_macro   0x0001e67a       0x52 ./Core/Src/main.o
 .debug_macro   0x0001e6cc       0x40 ./Core/Src/main.o
 .debug_macro   0x0001e70c       0x40 ./Core/Src/main.o
 .debug_macro   0x0001e74c       0x34 ./Core/Src/main.o
 .debug_macro   0x0001e780       0x28 ./Core/Src/main.o
 .debug_macro   0x0001e7a8       0x88 ./Core/Src/main.o
 .debug_macro   0x0001e830       0x34 ./Core/Src/main.o
 .debug_macro   0x0001e864      0x1ac ./Core/Src/stm32l4xx_hal_msp.o
 .debug_macro   0x0001ea10      0x1b6 ./Core/Src/stm32l4xx_it.o
 .debug_macro   0x0001ebc6      0x274 ./Core/Src/syscalls.o
 .debug_macro   0x0001ee3a       0x5b ./Core/Src/syscalls.o
 .debug_macro   0x0001ee95       0x94 ./Core/Src/syscalls.o
 .debug_macro   0x0001ef29       0x57 ./Core/Src/syscalls.o
 .debug_macro   0x0001ef80       0x10 ./Core/Src/syscalls.o
 .debug_macro   0x0001ef90       0x10 ./Core/Src/syscalls.o
 .debug_macro   0x0001efa0       0x10 ./Core/Src/syscalls.o
 .debug_macro   0x0001efb0       0x10 ./Core/Src/syscalls.o
 .debug_macro   0x0001efc0       0x1c ./Core/Src/syscalls.o
 .debug_macro   0x0001efdc       0x52 ./Core/Src/syscalls.o
 .debug_macro   0x0001f02e       0x22 ./Core/Src/syscalls.o
 .debug_macro   0x0001f050       0x10 ./Core/Src/syscalls.o
 .debug_macro   0x0001f060       0x52 ./Core/Src/syscalls.o
 .debug_macro   0x0001f0b2       0xcf ./Core/Src/syscalls.o
 .debug_macro   0x0001f181       0x1c ./Core/Src/syscalls.o
 .debug_macro   0x0001f19d       0x3d ./Core/Src/syscalls.o
 .debug_macro   0x0001f1da       0x35 ./Core/Src/syscalls.o
 .debug_macro   0x0001f20f      0x12c ./Core/Src/syscalls.o
 .debug_macro   0x0001f33b       0x10 ./Core/Src/syscalls.o
 .debug_macro   0x0001f34b      0x242 ./Core/Src/syscalls.o
 .debug_macro   0x0001f58d       0x1c ./Core/Src/syscalls.o
 .debug_macro   0x0001f5a9       0x10 ./Core/Src/syscalls.o
 .debug_macro   0x0001f5b9       0x10 ./Core/Src/syscalls.o
 .debug_macro   0x0001f5c9       0x16 ./Core/Src/syscalls.o
 .debug_macro   0x0001f5df      0x146 ./Core/Src/syscalls.o
 .debug_macro   0x0001f725      0x18a ./Core/Src/syscalls.o
 .debug_macro   0x0001f8af       0x16 ./Core/Src/syscalls.o
 .debug_macro   0x0001f8c5       0xce ./Core/Src/syscalls.o
 .debug_macro   0x0001f993       0xff ./Core/Src/sysmem.o
 .debug_macro   0x0001fa92      0x23c ./Core/Src/sysmem.o
 .debug_macro   0x0001fcce      0x1a2 ./Core/Src/system_stm32l4xx.o
 .debug_macro   0x0001fe70      0x1ea ./Drivers/STM32L4xx_HAL_Driver/Src/stm32l4xx_hal.o
 .debug_macro   0x0002005a      0x1b1 ./Drivers/STM32L4xx_HAL_Driver/Src/stm32l4xx_hal_can.o
 .debug_macro   0x0002020b      0x1a2 ./Drivers/STM32L4xx_HAL_Driver/Src/stm32l4xx_hal_cortex.o
 .debug_macro   0x000203ad      0x1a9 ./Drivers/STM32L4xx_HAL_Driver/Src/stm32l4xx_hal_gpio.o
 .debug_macro   0x00020556      0x1c6 ./Drivers/STM32L4xx_HAL_Driver/Src/stm32l4xx_hal_pwr_ex.o
 .debug_macro   0x0002071c      0x1e4 ./Drivers/STM32L4xx_HAL_Driver/Src/stm32l4xx_hal_rcc.o

.debug_line     0x00000000     0x9dce
 .debug_line    0x00000000     0x289c ./Core/Src/main.o
 .debug_line    0x0000289c      0x75c ./Core/Src/stm32l4xx_hal_msp.o
 .debug_line    0x00002ff8      0x825 ./Core/Src/stm32l4xx_it.o
 .debug_line    0x0000381d      0x8b2 ./Core/Src/syscalls.o
 .debug_line    0x000040cf      0x583 ./Core/Src/sysmem.o
 .debug_line    0x00004652      0x79d ./Core/Src/system_stm32l4xx.o
 .debug_line    0x00004def       0x7a ./Core/Startup/startup_stm32l432kcux.o
 .debug_line    0x00004e69      0xa65 ./Drivers/STM32L4xx_HAL_Driver/Src/stm32l4xx_hal.o
 .debug_line    0x000058ce     0x1198 ./Drivers/STM32L4xx_HAL_Driver/Src/stm32l4xx_hal_can.o
 .debug_line    0x00006a66      0xcc1 ./Drivers/STM32L4xx_HAL_Driver/Src/stm32l4xx_hal_cortex.o
 .debug_line    0x00007727      0xb07 ./Drivers/STM32L4xx_HAL_Driver/Src/stm32l4xx_hal_gpio.o
 .debug_line    0x0000822e      0xbf1 ./Drivers/STM32L4xx_HAL_Driver/Src/stm32l4xx_hal_pwr_ex.o
 .debug_line    0x00008e1f      0xfaf ./Drivers/STM32L4xx_HAL_Driver/Src/stm32l4xx_hal_rcc.o

.debug_str      0x00000000    0xc114c
 .debug_str     0x00000000    0xbce9e ./Core/Src/main.o
                              0xbd397 (size before relaxing)
 .debug_str     0x000bce9e      0x464 ./Core/Src/stm32l4xx_hal_msp.o
                              0xb6c23 (size before relaxing)
 .debug_str     0x000bd302      0x12b ./Core/Src/stm32l4xx_it.o
                              0xb672d (size before relaxing)
 .debug_str     0x000bd42d     0x25ea ./Core/Src/syscalls.o
                               0x98b4 (size before relaxing)
 .debug_str     0x000bfa17       0x6b ./Core/Src/sysmem.o
                               0x60cc (size before relaxing)
 .debug_str     0x000bfa82       0xf2 ./Core/Src/system_stm32l4xx.o
                              0xb65bc (size before relaxing)
 .debug_str     0x000bfb74       0x44 ./Core/Startup/startup_stm32l432kcux.o
                                 0x7f (size before relaxing)
 .debug_str     0x000bfbb8      0x553 ./Drivers/STM32L4xx_HAL_Driver/Src/stm32l4xx_hal.o
                              0xb6f49 (size before relaxing)
 .debug_str     0x000c010b      0x3c8 ./Drivers/STM32L4xx_HAL_Driver/Src/stm32l4xx_hal_can.o
                              0xb6c4f (size before relaxing)
 .debug_str     0x000c04d3      0x34e ./Drivers/STM32L4xx_HAL_Driver/Src/stm32l4xx_hal_cortex.o
                              0xb6d1c (size before relaxing)
 .debug_str     0x000c0821      0x151 ./Drivers/STM32L4xx_HAL_Driver/Src/stm32l4xx_hal_gpio.o
                              0xb6730 (size before relaxing)
 .debug_str     0x000c0972      0x44e ./Drivers/STM32L4xx_HAL_Driver/Src/stm32l4xx_hal_pwr_ex.o
                              0xb6a64 (size before relaxing)
 .debug_str     0x000c0dc0      0x38c ./Drivers/STM32L4xx_HAL_Driver/Src/stm32l4xx_hal_rcc.o
                              0xb6bbc (size before relaxing)

.comment        0x00000000       0x43
 .comment       0x00000000       0x43 ./Core/Src/main.o
                                 0x44 (size before relaxing)
 .comment       0x00000043       0x44 ./Core/Src/stm32l4xx_hal_msp.o
 .comment       0x00000043       0x44 ./Core/Src/stm32l4xx_it.o
 .comment       0x00000043       0x44 ./Core/Src/syscalls.o
 .comment       0x00000043       0x44 ./Core/Src/sysmem.o
 .comment       0x00000043       0x44 ./Core/Src/system_stm32l4xx.o
 .comment       0x00000043       0x44 ./Drivers/STM32L4xx_HAL_Driver/Src/stm32l4xx_hal.o
 .comment       0x00000043       0x44 ./Drivers/STM32L4xx_HAL_Driver/Src/stm32l4xx_hal_can.o
 .comment       0x00000043       0x44 ./Drivers/STM32L4xx_HAL_Driver/Src/stm32l4xx_hal_cortex.o
 .comment       0x00000043       0x44 ./Drivers/STM32L4xx_HAL_Driver/Src/stm32l4xx_hal_gpio.o
 .comment       0x00000043       0x44 ./Drivers/STM32L4xx_HAL_Driver/Src/stm32l4xx_hal_pwr_ex.o
 .comment       0x00000043       0x44 ./Drivers/STM32L4xx_HAL_Driver/Src/stm32l4xx_hal_rcc.o

.debug_frame    0x00000000     0x2ef0
 .debug_frame   0x00000000      0x998 ./Core/Src/main.o
 .debug_frame   0x00000998       0x80 ./Core/Src/stm32l4xx_hal_msp.o
 .debug_frame   0x00000a18      0x174 ./Core/Src/stm32l4xx_it.o
 .debug_frame   0x00000b8c      0x2ac ./Core/Src/syscalls.o
 .debug_frame   0x00000e38       0x34 ./Core/Src/sysmem.o
 .debug_frame   0x00000e6c       0x58 ./Core/Src/system_stm32l4xx.o
 .debug_frame   0x00000ec4      0x3dc ./Drivers/STM32L4xx_HAL_Driver/Src/stm32l4xx_hal.o
 .debug_frame   0x000012a0      0x5a0 ./Drivers/STM32L4xx_HAL_Driver/Src/stm32l4xx_hal_can.o
 .debug_frame   0x00001840      0x4e8 ./Drivers/STM32L4xx_HAL_Driver/Src/stm32l4xx_hal_cortex.o
 .debug_frame   0x00001d28      0x14c ./Drivers/STM32L4xx_HAL_Driver/Src/stm32l4xx_hal_gpio.o
 .debug_frame   0x00001e74      0x4a4 ./Drivers/STM32L4xx_HAL_Driver/Src/stm32l4xx_hal_pwr_ex.o
 .debug_frame   0x00002318      0x21c ./Drivers/STM32L4xx_HAL_Driver/Src/stm32l4xx_hal_rcc.o