Archive member included to satisfy reference by file (symbol)

C:/ST/STM32CubeIDE_1.16.0/STM32CubeIDE/plugins/com.st.stm32cube.ide.mcu.externaltools.gnu-tools-for-stm32.12.3.rel1.win32_1.0.200.202406191623/tools/bin/../lib/gcc/arm-none-eabi/12.3.1/../../../../arm-none-eabi/lib/thumb/v7e-m+fp/hard\libc_nano.a(libc_a-assert.o)
                              ./Core/Src/main.o (__assert_func)
C:/ST/STM32CubeIDE_1.16.0/STM32CubeIDE/plugins/com.st.stm32cube.ide.mcu.externaltools.gnu-tools-for-stm32.12.3.rel1.win32_1.0.200.202406191623/tools/bin/../lib/gcc/arm-none-eabi/12.3.1/../../../../arm-none-eabi/lib/thumb/v7e-m+fp/hard\libc_nano.a(libc_a-exit.o)
                              C:/ST/STM32CubeIDE_1.16.0/STM32CubeIDE/plugins/com.st.stm32cube.ide.mcu.externaltools.gnu-tools-for-stm32.12.3.rel1.win32_1.0.200.202406191623/tools/bin/../lib/gcc/arm-none-eabi/12.3.1/../../../../arm-none-eabi/lib/thumb/v7e-m+fp/hard/crt0.o (exit)
C:/ST/STM32CubeIDE_1.16.0/STM32CubeIDE/plugins/com.st.stm32cube.ide.mcu.externaltools.gnu-tools-for-stm32.12.3.rel1.win32_1.0.200.202406191623/tools/bin/../lib/gcc/arm-none-eabi/12.3.1/../../../../arm-none-eabi/lib/thumb/v7e-m+fp/hard\libc_nano.a(libc_a-malloc.o)
                              ./Core/Src/main.o (malloc)
C:/ST/STM32CubeIDE_1.16.0/STM32CubeIDE/plugins/com.st.stm32cube.ide.mcu.externaltools.gnu-tools-for-stm32.12.3.rel1.win32_1.0.200.202406191623/tools/bin/../lib/gcc/arm-none-eabi/12.3.1/../../../../arm-none-eabi/lib/thumb/v7e-m+fp/hard\libc_nano.a(libc_a-mallocr.o)
                              C:/ST/STM32CubeIDE_1.16.0/STM32CubeIDE/plugins/com.st.stm32cube.ide.mcu.externaltools.gnu-tools-for-stm32.12.3.rel1.win32_1.0.200.202406191623/tools/bin/../lib/gcc/arm-none-eabi/12.3.1/../../../../arm-none-eabi/lib/thumb/v7e-m+fp/hard\libc_nano.a(libc_a-malloc.o) (_malloc_r)
C:/ST/STM32CubeIDE_1.16.0/STM32CubeIDE/plugins/com.st.stm32cube.ide.mcu.externaltools.gnu-tools-for-stm32.12.3.rel1.win32_1.0.200.202406191623/tools/bin/../lib/gcc/arm-none-eabi/12.3.1/../../../../arm-none-eabi/lib/thumb/v7e-m+fp/hard\libc_nano.a(libc_a-mlock.o)
                              C:/ST/STM32CubeIDE_1.16.0/STM32CubeIDE/plugins/com.st.stm32cube.ide.mcu.externaltools.gnu-tools-for-stm32.12.3.rel1.win32_1.0.200.202406191623/tools/bin/../lib/gcc/arm-none-eabi/12.3.1/../../../../arm-none-eabi/lib/thumb/v7e-m+fp/hard\libc_nano.a(libc_a-mallocr.o) (__malloc_lock)
C:/ST/STM32CubeIDE_1.16.0/STM32CubeIDE/plugins/com.st.stm32cube.ide.mcu.externaltools.gnu-tools-for-stm32.12.3.rel1.win32_1.0.200.202406191623/tools/bin/../lib/gcc/arm-none-eabi/12.3.1/../../../../arm-none-eabi/lib/thumb/v7e-m+fp/hard\libc_nano.a(libc_a-findfp.o)
                              C:/ST/STM32CubeIDE_1.16.0/STM32CubeIDE/plugins/com.st.stm32cube.ide.mcu.externaltools.gnu-tools-for-stm32.12.3.rel1.win32_1.0.200.202406191623/tools/bin/../lib/gcc/arm-none-eabi/12.3.1/../../../../arm-none-eabi/lib/thumb/v7e-m+fp/hard\libc_nano.a(libc_a-exit.o) (__stdio_exit_handler)
C:/ST/STM32CubeIDE_1.16.0/STM32CubeIDE/plugins/com.st.stm32cube.ide.mcu.externaltools.gnu-tools-for-stm32.12.3.rel1.win32_1.0.200.202406191623/tools/bin/../lib/gcc/arm-none-eabi/12.3.1/../../../../arm-none-eabi/lib/thumb/v7e-m+fp/hard\libc_nano.a(libc_a-fprintf.o)
                              C:/ST/STM32CubeIDE_1.16.0/STM32CubeIDE/plugins/com.st.stm32cube.ide.mcu.externaltools.gnu-tools-for-stm32.12.3.rel1.win32_1.0.200.202406191623/tools/bin/../lib/gcc/arm-none-eabi/12.3.1/../../../../arm-none-eabi/lib/thumb/v7e-m+fp/hard\libc_nano.a(libc_a-assert.o) (fiprintf)
C:/ST/STM32CubeIDE_1.16.0/STM32CubeIDE/plugins/com.st.stm32cube.ide.mcu.externaltools.gnu-tools-for-stm32.12.3.rel1.win32_1.0.200.202406191623/tools/bin/../lib/gcc/arm-none-eabi/12.3.1/../../../../arm-none-eabi/lib/thumb/v7e-m+fp/hard\libc_nano.a(libc_a-fwalk.o)
                              C:/ST/STM32CubeIDE_1.16.0/STM32CubeIDE/plugins/com.st.stm32cube.ide.mcu.externaltools.gnu-tools-for-stm32.12.3.rel1.win32_1.0.200.202406191623/tools/bin/../lib/gcc/arm-none-eabi/12.3.1/../../../../arm-none-eabi/lib/thumb/v7e-m+fp/hard\libc_nano.a(libc_a-findfp.o) (_fwalk_sglue)
C:/ST/STM32CubeIDE_1.16.0/STM32CubeIDE/plugins/com.st.stm32cube.ide.mcu.externaltools.gnu-tools-for-stm32.12.3.rel1.win32_1.0.200.202406191623/tools/bin/../lib/gcc/arm-none-eabi/12.3.1/../../../../arm-none-eabi/lib/thumb/v7e-m+fp/hard\libc_nano.a(libc_a-stdio.o)
                              C:/ST/STM32CubeIDE_1.16.0/STM32CubeIDE/plugins/com.st.stm32cube.ide.mcu.externaltools.gnu-tools-for-stm32.12.3.rel1.win32_1.0.200.202406191623/tools/bin/../lib/gcc/arm-none-eabi/12.3.1/../../../../arm-none-eabi/lib/thumb/v7e-m+fp/hard\libc_nano.a(libc_a-findfp.o) (__sread)
C:/ST/STM32CubeIDE_1.16.0/STM32CubeIDE/plugins/com.st.stm32cube.ide.mcu.externaltools.gnu-tools-for-stm32.12.3.rel1.win32_1.0.200.202406191623/tools/bin/../lib/gcc/arm-none-eabi/12.3.1/../../../../arm-none-eabi/lib/thumb/v7e-m+fp/hard\libc_nano.a(libc_a-memmove.o)
[...]
Memory Configuration

Name             Origin             Length             Attributes
RAM              0x20000000         0x00010000         xrw
RAM2             0x10000000         0x00004000         xrw
FLASH            0x08000000         0x00040000         xr
*default*        0x00000000         0xffffffff

Linker script and memory map

LOAD C:/ST/STM32CubeIDE_1.16.0/STM32CubeIDE/plugins/com.st.stm32cube.ide.mcu.externaltools.gnu-tools-for-stm32.12.3.rel1.win32_1.0.200.202406191623/tools/bin/../lib/gcc/arm-none-eabi/12.3.1/thumb/v7e-m+fp/hard/crti.o
LOAD C:/ST/STM32CubeIDE_1.16.0/STM32CubeIDE/plugins/com.st.stm32cube.ide.mcu.externaltools.gnu-tools-for-stm32.12.3.rel1.win32_1.0.200.202406191623/tools/bin/../lib/gcc/arm-none-eabi/12.3.1/thumb/v7e-m+fp/hard/crtbegin.o
LOAD C:/ST/STM32CubeIDE_1.16.0/STM32CubeIDE/plugins/com.st.stm32cube.ide.mcu.externaltools.gnu-tools-for-stm32.12.3.rel1.win32_1.0.200.202406191623/tools/bin/../lib/gcc/arm-none-eabi/12.3.1/../../../../arm-none-eabi/lib/thumb/v7e-m+fp/hard/crt0.o
LOAD ./Core/Src/main.o
LOAD ./Core/Src/stm32l4xx_hal_msp.o
LOAD ./Core/Src/stm32l4xx_it.o
LOAD ./Core/Src/syscalls.o
LOAD ./Core/Src/sysmem.o
LOAD ./Core/Src/system_stm32l4xx.o
LOAD ./Core/Startup/startup_stm32l432kcux.o
LOAD ./Drivers/STM32L4xx_HAL_Driver/Src/stm32l4xx_hal.o
LOAD ./Drivers/STM32L4xx_HAL_Driver/Src/stm32l4xx_hal_can.o
LOAD ./Drivers/STM32L4xx_HAL_Driver/Src/stm32l4xx_hal_cortex.o
LOAD ./Drivers/STM32L4xx_HAL_Driver/Src/stm32l4xx_hal_dma.o
LOAD ./Drivers/STM32L4xx_HAL_Driver/Src/stm32l4xx_hal_dma_ex.o
LOAD ./Drivers/STM32L4xx_HAL_Driver/Src/stm32l4xx_hal_exti.o
LOAD ./Drivers/STM32L4xx_HAL_Driver/Src/stm32l4xx_hal_flash.o
LOAD ./Drivers/STM32L4xx_HAL_Driver/Src/stm32l4xx_hal_flash_ex.o
LOAD ./Drivers/STM32L4xx_HAL_Driver/Src/stm32l4xx_hal_flash_ramfunc.o
LOAD ./Drivers/STM32L4xx_HAL_Driver/Src/stm32l4xx_hal_gpio.o
LOAD ./Drivers/STM32L4xx_HAL_Driver/Src/stm32l4xx_hal_i2c.o
LOAD ./Drivers/STM32L4xx_HAL_Driver/Src/stm32l4xx_hal_i2c_ex.o
LOAD ./Drivers/STM32L4xx_HAL_Driver/Src/stm32l4xx_hal_pwr.o
LOAD ./Drivers/STM32L4xx_HAL_Driver/Src/stm32l4xx_hal_pwr_ex.o
LOAD ./Drivers/STM32L4xx_HAL_Driver/Src/stm32l4xx_hal_rcc.o
LOAD ./Drivers/STM32L4xx_HAL_Driver/Src/stm32l4xx_hal_rcc_ex.o
LOAD ./Drivers/STM32L4xx_HAL_Driver/Src/stm32l4xx_hal_tim.o
LOAD ./Drivers/STM32L4xx_HAL_Driver/Src/stm32l4xx_hal_tim_ex.o
START GROUP
LOAD C:/ST/STM32CubeIDE_1.16.0/STM32CubeIDE/plugins/com.st.stm32cube.ide.mcu.externaltools.gnu-tools-for-stm32.12.3.rel1.win32_1.0.200.202406191623/tools/bin/../lib/gcc/arm-none-eabi/12.3.1/../../../../arm-none-eabi/lib/thumb/v7e-m+fp/hard\libc_nano.a
LOAD C:/ST/STM32CubeIDE_1.16.0/STM32CubeIDE/plugins/com.st.stm32cube.ide.mcu.externaltools.gnu-tools-for-stm32.12.3.rel1.win32_1.0.200.202406191623/tools/bin/../lib/gcc/arm-none-eabi/12.3.1/../../../../arm-none-eabi/lib/thumb/v7e-m+fp/hard\libm.a
END GROUP
START GROUP
LOAD C:/ST/STM32CubeIDE_1.16.0/STM32CubeIDE/plugins/com.st.stm32cube.ide.mcu.externaltools.gnu-tools-for-stm32.12.3.rel1.win32_1.0.200.202406191623/tools/bin/../lib/gcc/arm-none-eabi/12.3.1/thumb/v7e-m+fp/hard\libgcc.a
LOAD C:/ST/STM32CubeIDE_1.16.0/STM32CubeIDE/plugins/com.st.stm32cube.ide.mcu.externaltools.gnu-tools-for-stm32.12.3.rel1.win32_1.0.200.202406191623/tools/bin/../lib/gcc/arm-none-eabi/12.3.1/../../../../arm-none-eabi/lib/thumb/v7e-m+fp/hard\libc_nano.a
END GROUP
START GROUP
LOAD C:/ST/STM32CubeIDE_1.16.0/STM32CubeIDE/plugins/com.st.stm32cube.ide.mcu.externaltools.gnu-tools-for-stm32.12.3.rel1.win32_1.0.200.202406191623/tools/bin/../lib/gcc/arm-none-eabi/12.3.1/thumb/v7e-m+fp/hard\libgcc.a
LOAD C:/ST/STM32CubeIDE_1.16.0/STM32CubeIDE/plugins/com.st.stm32cube.ide.mcu.externaltools.gnu-tools-for-stm32.12.3.rel1.win32_1.0.200.202406191623/tools/bin/../lib/gcc/arm-none-eabi/12.3.1/../../../../arm-none-eabi/lib/thumb/v7e-m+fp/hard\libc_nano.a
LOAD C:/ST/STM32CubeIDE_1.16.0/STM32CubeIDE/plugins/com.st.stm32cube.ide.mcu.externaltools.gnu-tools-for-stm32.12.3.rel1.win32_1.0.200.202406191623/tools/bin/../lib/gcc/arm-none-eabi/12.3.1/../../../../arm-none-eabi/lib/thumb/v7e-m+fp/hard\libnosys.a
END GROUP
START GROUP
LOAD C:/ST/STM32CubeIDE_1.16.0/STM32CubeIDE/plugins/com.st.stm32cube.ide.mcu.externaltools.gnu-tools-for-stm32.12.3.rel1.win32_1.0.200.202406191623/tools/bin/../lib/gcc/arm-none-eabi/12.3.1/thumb/v7e-m+fp/hard\libgcc.a
LOAD C:/ST/STM32CubeIDE_1.16.0/STM32CubeIDE/plugins/com.st.stm32cube.ide.mcu.externaltools.gnu-tools-for-stm32.12.3.rel1.win32_1.0.200.202406191623/tools/bin/../lib/gcc/arm-none-eabi/12.3.1/../../../../arm-none-eabi/lib/thumb/v7e-m+fp/hard\libc_nano.a
LOAD C:/ST/STM32CubeIDE_1.16.0/STM32CubeIDE/plugins/com.st.stm32cube.ide.mcu.externaltools.gnu-tools-for-stm32.12.3.rel1.win32_1.0.200.202406191623/tools/bin/../lib/gcc/arm-none-eabi/12.3.1/../../../../arm-none-eabi/lib/thumb/v7e-m+fp/hard\libnosys.a
END GROUP
LOAD C:/ST/STM32CubeIDE_1.16.0/STM32CubeIDE/plugins/com.st.stm32cube.ide.mcu.externaltools.gnu-tools-for-stm32.12.3.rel1.win32_1.0.200.202406191623/tools/bin/../lib/gcc/arm-none-eabi/12.3.1/thumb/v7e-m+fp/hard/crtend.o
LOAD C:/ST/STM32CubeIDE_1.16.0/STM32CubeIDE/plugins/com.st.stm32cube.ide.mcu.externaltools.gnu-tools-for-stm32.12.3.rel1.win32_1.0.200.202406191623/tools/bin/../lib/gcc/arm-none-eabi/12.3.1/thumb/v7e-m+fp/hard/crtn.o
                0x20010000                        _estack = (ORIGIN (RAM) + LENGTH (RAM))
                0x00000200                        _Min_Heap_Size = 0x200
                0x00000400                        _Min_Stack_Size = 0x400

.isr_vector     0x08000000      0x18c
                0x08000000                        . = ALIGN (0x4)
 *(.isr_vector)
 .isr_vector    0x08000000      0x18c ./Core/Startup/startup_stm32l432kcux.o
                0x08000000                g_pfnVectors
                0x0800018c                        . = ALIGN (0x4)

.text           0x08000190     0x6b08
                0x08000190                        . = ALIGN (0x4)
 *(.text)
 .text          0x08000190       0x40 C:/ST/STM32CubeIDE_1.16.0/STM32CubeIDE/plugins/com.st.stm32cube.ide.mcu.externaltools.gnu-tools-for-stm32.12.3.rel1.win32_1.0.200.202406191623/tools/bin/../lib/gcc/arm-none-eabi/12.3.1/thumb/v7e-m+fp/hard/crtbegin.o
 .text          0x080001d0       0xa0 C:/ST/STM32CubeIDE_1.16.0/STM32CubeIDE/plugins/com.st.stm32cube.ide.mcu.externaltools.gnu-tools-for-stm32.12.3.rel1.win32_1.0.200.202406191623/tools/bin/../lib/gcc/arm-none-eabi/12.3.1/../../../../arm-none-eabi/lib/thumb/v7e-m+fp/hard\libc_nano.a(libc_a-memchr.o)
                0x080001d0                memchr
 *(.text*)
 .text.cavlFindExtremum
                0x08000270       0x3a ./Core/Src/main.o
 *fill*         0x080002aa        0x2 
 .text.cavlPrivateRotate
                0x080002ac       0xf4 ./Core/Src/main.o
 .text.cavlPrivateAdjustBalance
                0x080003a0      0x1c4 ./Core/Src/main.o
 .text.cavlPrivateRetraceOnGrowth
                0x08000564       0xbc ./Core/Src/main.o
 .text.cavlSearch
                0x08000620       0xfc ./Core/Src/main.o
 .text.cavlRemove
                0x0800071c      0x264 ./Core/Src/main.o
 .text.avlTrivialFactory
                0x08000980       0x16 ./Core/Src/main.o
 *fill*         0x08000996        0x2 
 .text.crcAddByte
                0x08000998       0x40 ./Core/Src/main.o
 .text.crcAdd   0x080009d8       0x70 ./Core/Src/main.o
 .text.txMakeMessageSessionSpecifier
                0x08000a48       0x64 ./Core/Src/main.o
 .text.txMakeServiceSessionSpecifier
                0x08000aac       0x98 ./Core/Src/main.o
 .text.adjustPresentationLayerMTU
                0x08000b44       0x60 ./Core/Src/main.o
 .text.txMakeCANID
                0x08000ba4      0x1b4 ./Core/Src/main.o
 .text.txMakeTailByte
                0x08000d58       0x84 ./Core/Src/main.o
 .text.txRoundFramePayloadSizeUp
                0x08000ddc       0x64 ./Core/Src/main.o
 .text.txAllocateQueueItem
                0x08000e40       0xa4 ./Core/Src/main.o
 .text.txAVLPredicate
                0x08000ee4       0x54 ./Core/Src/main.o
 .text.txPushSingleFrame
                0x08000f38      0x1b8 ./Core/Src/main.o
 .text.txGenerateMultiFrameChain
                0x080010f0      0x27c ./Core/Src/main.o
 .text.txPushMultiFrame
                0x0800136c      0x1e8 ./Core/Src/main.o
 .text.rxTryParseFrame
                0x08001554      0x288 ./Core/Src/main.o
 .text.rxInitTransferMetadataFromFrame
                0x080017dc       0x8c ./Core/Src/main.o
 .text.rxComputeTransferIDDifference
                0x08001868       0x7c ./Core/Src/main.o
 .text.rxSessionWritePayload
                0x080018e4      0x1e0 ./Core/Src/main.o
 .text.rxSessionRestart
                0x08001ac4       0x8c ./Core/Src/main.o
 .text.rxSessionAcceptFrame
                0x08001b50      0x24c ./Core/Src/main.o
 .text.rxSessionUpdate
                0x08001d9c      0x1ec ./Core/Src/main.o
 .text.rxAcceptFrame
                0x08001f88      0x25c ./Core/Src/main.o
 .text.rxSubscriptionPredicateOnPortID
                0x080021e4       0x48 ./Core/Src/main.o
 .text.rxSubscriptionPredicateOnStruct
                0x0800222c       0x20 ./Core/Src/main.o
 .text.canardInit
                0x0800224c       0x7c ./Core/Src/main.o
                0x0800224c                canardInit
 .text.canardTxInit
                0x080022c8       0x3a ./Core/Src/main.o
                0x080022c8                canardTxInit
 *fill*         0x08002302        0x2 
 .text.canardTxPush
                0x08002304      0x114 ./Core/Src/main.o
                0x08002304                canardTxPush
 .text.canardTxPeek
                0x08002418       0x2a ./Core/Src/main.o
                0x08002418                canardTxPeek
 .text.canardTxPop
                0x08002442       0x40 ./Core/Src/main.o
                0x08002442                canardTxPop
 *fill*         0x08002482        0x2 
 .text.canardRxAccept
                0x08002484      0x120 ./Core/Src/main.o
                0x08002484                canardRxAccept
 .text.canardRxSubscribe
                0x080025a4       0xd8 ./Core/Src/main.o
                0x080025a4                canardRxSubscribe
 .text.canardRxUnsubscribe
                0x0800267c       0xfc ./Core/Src/main.o
                0x0800267c                canardRxUnsubscribe
 .text.nunavutChooseMin
                0x08002778       0x20 ./Core/Src/main.o
 .text.nunavutSaturateBufferFragmentBitLength
                0x08002798       0x34 ./Core/Src/main.o
 .text.nunavutCopyBits
                0x080027cc      0x28c ./Core/Src/main.o
 .text.nunavutGetBits
                0x08002a58       0x84 ./Core/Src/main.o
 .text.nunavutSetUxx
                0x08002adc       0x6c ./Core/Src/main.o
 .text.uavcan_node_Health_1_0_serialize_
                0x08002b48      0x170 ./Core/Src/main.o
 .text.uavcan_node_Mode_1_0_serialize_
                0x08002cb8      0x170 ./Core/Src/main.o
 .text.uavcan_node_Heartbeat_1_0_serialize_
                0x08002e28      0x518 ./Core/Src/main.o
 .text.uavcan_primitive_array_Real64_1_0_deserialize_
                0x08003340      0x138 ./Core/Src/main.o
 .text.micros   0x08003478       0x10 ./Core/Src/main.o
                0x08003478                micros
 .text.main     0x08003488      0x1ec ./Core/Src/main.o
                0x08003488                main
 .text.SystemClock_Config
                0x08003674       0x8c ./Core/Src/main.o
                0x08003674                SystemClock_Config
 .text.MX_CAN1_Init
                0x08003700       0x6c ./Core/Src/main.o
 .text.MX_GPIO_Init
                0x0800376c       0x30 ./Core/Src/main.o
 .text.process_canard_TX_queue
                0x0800379c       0xa8 ./Core/Src/main.o
                0x0800379c                process_canard_TX_queue
 .text.HAL_CAN_RxFifo0MsgPendingCallback
                0x08003844       0xd4 ./Core/Src/main.o
                0x08003844                HAL_CAN_RxFifo0MsgPendingCallback
 .text.HAL_CAN_RxFifo1MsgPendingCallback
                0x08003918       0x14 ./Core/Src/main.o
                0x08003918                HAL_CAN_RxFifo1MsgPendingCallback
 .text.memAllocate
                0x0800392c       0x1a ./Core/Src/main.o
 .text.memFree  0x08003946       0x18 ./Core/Src/main.o
 .text.Error_Handler
                0x0800395e        0xc ./Core/Src/main.o
                0x0800395e                Error_Handler
 *fill*         0x0800396a        0x2 
 .text.HAL_MspInit
                0x0800396c       0x48 ./Core/Src/stm32l4xx_hal_msp.o
                0x0800396c                HAL_MspInit
 .text.HAL_CAN_MspInit
                0x080039b4       0xc8 ./Core/Src/stm32l4xx_hal_msp.o
                0x080039b4                HAL_CAN_MspInit
 .text.NMI_Handler
                0x08003a7c        0x8 ./Core/Src/stm32l4xx_it.o
                0x08003a7c                NMI_Handler
 .text.HardFault_Handler
                0x08003a84        0x8 ./Core/Src/stm32l4xx_it.o
                0x08003a84                HardFault_Handler
 .text.MemManage_Handler
                0x08003a8c        0x8 ./Core/Src/stm32l4xx_it.o
                0x08003a8c                MemManage_Handler
 .text.BusFault_Handler
                0x08003a94        0x8 ./Core/Src/stm32l4xx_it.o
                0x08003a94                BusFault_Handler
 .text.UsageFault_Handler
                0x08003a9c        0x8 ./Core/Src/stm32l4xx_it.o
                0x08003a9c                UsageFault_Handler
 .text.SVC_Handler
                0x08003aa4        0xe ./Core/Src/stm32l4xx_it.o
                0x08003aa4                SVC_Handler
 .text.DebugMon_Handler
                0x08003ab2        0xe ./Core/Src/stm32l4xx_it.o
                0x08003ab2                DebugMon_Handler
 .text.PendSV_Handler
                0x08003ac0        0xe ./Core/Src/stm32l4xx_it.o
                0x08003ac0                PendSV_Handler
 .text.SysTick_Handler
                0x08003ace        0xc ./Core/Src/stm32l4xx_it.o
                0x08003ace                SysTick_Handler
 *fill*         0x08003ada        0x2 
 .text.CAN1_TX_IRQHandler
                0x08003adc       0x14 ./Core/Src/stm32l4xx_it.o
                0x08003adc                CAN1_TX_IRQHandler
 .text.CAN1_RX0_IRQHandler
                0x08003af0       0x14 ./Core/Src/stm32l4xx_it.o
                0x08003af0                CAN1_RX0_IRQHandler
 .text.CAN1_RX1_IRQHandler
                0x08003b04       0x14 ./Core/Src/stm32l4xx_it.o
                0x08003b04                CAN1_RX1_IRQHandler
 .text.CAN1_SCE_IRQHandler
                0x08003b18       0x14 ./Core/Src/stm32l4xx_it.o
                0x08003b18                CAN1_SCE_IRQHandler
 .text._getpid  0x08003b2c       0x10 ./Core/Src/syscalls.o
                0x08003b2c                _getpid
 .text._kill    0x08003b3c       0x20 ./Core/Src/syscalls.o
                0x08003b3c                _kill
 .text._exit    0x08003b5c       0x16 ./Core/Src/syscalls.o
                0x08003b5c                _exit
 .text._read    0x08003b72       0x3a ./Core/Src/syscalls.o
                0x08003b72                _read
 .text._write   0x08003bac       0x38 ./Core/Src/syscalls.o
                0x08003bac                _write
 .text._close   0x08003be4       0x18 ./Core/Src/syscalls.o
                0x08003be4                _close
 .text._fstat   0x08003bfc       0x20 ./Core/Src/syscalls.o
                0x08003bfc                _fstat
 .text._isatty  0x08003c1c       0x16 ./Core/Src/syscalls.o
                0x08003c1c                _isatty
 .text._lseek   0x08003c32       0x1a ./Core/Src/syscalls.o
                0x08003c32                _lseek
 .text._sbrk    0x08003c4c       0x6c ./Core/Src/sysmem.o
                0x08003c4c                _sbrk
 .text.SystemInit
                0x08003cb8       0x24 ./Core/Src/system_stm32l4xx.o
                0x08003cb8                SystemInit
 .text.Reset_Handler
                0x08003cdc       0x50 ./Core/Startup/startup_stm32l432kcux.o
                0x08003cdc                Reset_Handler
 .text.Default_Handler
                0x08003d2c        0x2 ./Core/Startup/startup_stm32l432kcux.o
                0x08003d2c                RTC_Alarm_IRQHandler
                0x08003d2c                EXTI2_IRQHandler
                0x08003d2c                TIM1_CC_IRQHandler
                0x08003d2c                TSC_IRQHandler
                0x08003d2c                TAMP_STAMP_IRQHandler
                0x08003d2c                EXTI3_IRQHandler
                0x08003d2c                LPTIM2_IRQHandler
                0x08003d2c                I2C3_ER_IRQHandler
                0x08003d2c                EXTI0_IRQHandler
                0x08003d2c                FPU_IRQHandler
                0x08003d2c                TIM1_UP_TIM16_IRQHandler
                0x08003d2c                SPI1_IRQHandler
                0x08003d2c                TIM6_DAC_IRQHandler
                0x08003d2c                DMA2_Channel2_IRQHandler
                0x08003d2c                DMA1_Channel4_IRQHandler
                0x08003d2c                ADC1_IRQHandler
                0x08003d2c                DMA1_Channel7_IRQHandler
                0x08003d2c                DMA2_Channel1_IRQHandler
                0x08003d2c                QUADSPI_IRQHandler
                0x08003d2c                I2C1_EV_IRQHandler
                0x08003d2c                DMA1_Channel6_IRQHandler
                0x08003d2c                DMA2_Channel4_IRQHandler
                0x08003d2c                RCC_IRQHandler
                0x08003d2c                TIM1_TRG_COM_IRQHandler
                0x08003d2c                DMA1_Channel1_IRQHandler
                0x08003d2c                Default_Handler
                0x08003d2c                DMA2_Channel7_IRQHandler
                0x08003d2c                EXTI15_10_IRQHandler
                0x08003d2c                TIM7_IRQHandler
                0x08003d2c                I2C3_EV_IRQHandler
                0x08003d2c                USB_IRQHandler
                0x08003d2c                EXTI9_5_IRQHandler
                0x08003d2c                RTC_WKUP_IRQHandler
                0x08003d2c                PVD_PVM_IRQHandler
                0x08003d2c                DMA2_Channel5_IRQHandler
                0x08003d2c                CRS_IRQHandler
                0x08003d2c                DMA1_Channel5_IRQHandler
                0x08003d2c                EXTI4_IRQHandler
                0x08003d2c                RNG_IRQHandler
                0x08003d2c                DMA1_Channel3_IRQHandler
                0x08003d2c                COMP_IRQHandler
                0x08003d2c                WWDG_IRQHandler
                0x08003d2c                LPUART1_IRQHandler
                0x08003d2c                DMA2_Channel6_IRQHandler
                0x08003d2c                TIM2_IRQHandler
                0x08003d2c                EXTI1_IRQHandler
                0x08003d2c                USART2_IRQHandler
                0x08003d2c                DMA1_Channel2_IRQHandler
                0x08003d2c                FLASH_IRQHandler
                0x08003d2c                USART1_IRQHandler
                0x08003d2c                SPI3_IRQHandler
                0x08003d2c                I2C1_ER_IRQHandler
                0x08003d2c                SWPMI1_IRQHandler
                0x08003d2c                LPTIM1_IRQHandler
                0x08003d2c                SAI1_IRQHandler
                0x08003d2c                DMA2_Channel3_IRQHandler
                0x08003d2c                TIM1_BRK_TIM15_IRQHandler
 .text.HAL_Init
                0x08003d2e       0x30 ./Drivers/STM32L4xx_HAL_Driver/Src/stm32l4xx_hal.o
                0x08003d2e                HAL_Init
 *fill*         0x08003d5e        0x2 
 .text.HAL_InitTick
                0x08003d60       0x78 ./Drivers/STM32L4xx_HAL_Driver/Src/stm32l4xx_hal.o
                0x08003d60                HAL_InitTick
 .text.HAL_IncTick
                0x08003dd8       0x28 ./Drivers/STM32L4xx_HAL_Driver/Src/stm32l4xx_hal.o
                0x08003dd8                HAL_IncTick
 .text.HAL_GetTick
                0x08003e00       0x18 ./Drivers/STM32L4xx_HAL_Driver/Src/stm32l4xx_hal.o
                0x08003e00                HAL_GetTick
 .text.HAL_Delay
                0x08003e18       0x48 ./Drivers/STM32L4xx_HAL_Driver/Src/stm32l4xx_hal.o
                0x08003e18                HAL_Delay
 .text.HAL_CAN_Init
                0x08003e60      0x1f6 ./Drivers/STM32L4xx_HAL_Driver/Src/stm32l4xx_hal_can.o
                0x08003e60                HAL_CAN_Init
 .text.HAL_CAN_ConfigFilter
                0x08004056      0x194 ./Drivers/STM32L4xx_HAL_Driver/Src/stm32l4xx_hal_can.o
                0x08004056                HAL_CAN_ConfigFilter
 .text.HAL_CAN_Start
                0x080041ea       0x88 ./Drivers/STM32L4xx_HAL_Driver/Src/stm32l4xx_hal_can.o
                0x080041ea                HAL_CAN_Start
 .text.HAL_CAN_AddTxMessage
                0x08004272      0x1a0 ./Drivers/STM32L4xx_HAL_Driver/Src/stm32l4xx_hal_can.o
                0x08004272                HAL_CAN_AddTxMessage
 .text.HAL_CAN_GetRxMessage
                0x08004412      0x244 ./Drivers/STM32L4xx_HAL_Driver/Src/stm32l4xx_hal_can.o
                0x08004412                HAL_CAN_GetRxMessage
 .text.HAL_CAN_ActivateNotification
                0x08004656       0x4c ./Drivers/STM32L4xx_HAL_Driver/Src/stm32l4xx_hal_can.o
                0x08004656                HAL_CAN_ActivateNotification
 .text.HAL_CAN_IRQHandler
                0x080046a2      0x36e ./Drivers/STM32L4xx_HAL_Driver/Src/stm32l4xx_hal_can.o
                0x080046a2                HAL_CAN_IRQHandler
 .text.HAL_CAN_TxMailbox0CompleteCallback
                0x08004a10       0x14 ./Drivers/STM32L4xx_HAL_Driver/Src/stm32l4xx_hal_can.o
                0x08004a10                HAL_CAN_TxMailbox0CompleteCallback
 .text.HAL_CAN_TxMailbox1CompleteCallback
                0x08004a24       0x14 ./Drivers/STM32L4xx_HAL_Driver/Src/stm32l4xx_hal_can.o
                0x08004a24                HAL_CAN_TxMailbox1CompleteCallback
 .text.HAL_CAN_TxMailbox2CompleteCallback
                0x08004a38       0x14 ./Drivers/STM32L4xx_HAL_Driver/Src/stm32l4xx_hal_can.o
                0x08004a38                HAL_CAN_TxMailbox2CompleteCallback
 .text.HAL_CAN_TxMailbox0AbortCallback
                0x08004a4c       0x14 ./Drivers/STM32L4xx_HAL_Driver/Src/stm32l4xx_hal_can.o
                0x08004a4c                HAL_CAN_TxMailbox0AbortCallback
 .text.HAL_CAN_TxMailbox1AbortCallback
                0x08004a60       0x14 ./Drivers/STM32L4xx_HAL_Driver/Src/stm32l4xx_hal_can.o
                0x08004a60                HAL_CAN_TxMailbox1AbortCallback
 .text.HAL_CAN_TxMailbox2AbortCallback
                0x08004a74       0x14 ./Drivers/STM32L4xx_HAL_Driver/Src/stm32l4xx_hal_can.o
                0x08004a74                HAL_CAN_TxMailbox2AbortCallback
 .text.HAL_CAN_RxFifo0FullCallback
                0x08004a88       0x14 ./Drivers/STM32L4xx_HAL_Driver/Src/stm32l4xx_hal_can.o
                0x08004a88                HAL_CAN_RxFifo0FullCallback
 .text.HAL_CAN_RxFifo1FullCallback
                0x08004a9c       0x14 ./Drivers/STM32L4xx_HAL_Driver/Src/stm32l4xx_hal_can.o
                0x08004a9c                HAL_CAN_RxFifo1FullCallback
 .text.HAL_CAN_SleepCallback
                0x08004ab0       0x14 ./Drivers/STM32L4xx_HAL_Driver/Src/stm32l4xx_hal_can.o
                0x08004ab0                HAL_CAN_SleepCallback
 .text.HAL_CAN_WakeUpFromRxMsgCallback
                0x08004ac4       0x14 ./Drivers/STM32L4xx_HAL_Driver/Src/stm32l4xx_hal_can.o
                0x08004ac4                HAL_CAN_WakeUpFromRxMsgCallback
 .text.HAL_CAN_ErrorCallback
                0x08004ad8       0x14 ./Drivers/STM32L4xx_HAL_Driver/Src/stm32l4xx_hal_can.o
                0x08004ad8                HAL_CAN_ErrorCallback
 .text.__NVIC_SetPriorityGrouping
                0x08004aec       0x48 ./Drivers/STM32L4xx_HAL_Driver/Src/stm32l4xx_hal_cortex.o
 .text.__NVIC_GetPriorityGrouping
                0x08004b34       0x1c ./Drivers/STM32L4xx_HAL_Driver/Src/stm32l4xx_hal_cortex.o
 .text.__NVIC_EnableIRQ
                0x08004b50       0x3c ./Drivers/STM32L4xx_HAL_Driver/Src/stm32l4xx_hal_cortex.o
 .text.__NVIC_SetPriority
                0x08004b8c       0x54 ./Drivers/STM32L4xx_HAL_Driver/Src/stm32l4xx_hal_cortex.o
 .text.NVIC_EncodePriority
                0x08004be0       0x66 ./Drivers/STM32L4xx_HAL_Driver/Src/stm32l4xx_hal_cortex.o
 *fill*         0x08004c46        0x2 
 .text.SysTick_Config
                0x08004c48       0x44 ./Drivers/STM32L4xx_HAL_Driver/Src/stm32l4xx_hal_cortex.o
 .text.HAL_NVIC_SetPriorityGrouping
                0x08004c8c       0x16 ./Drivers/STM32L4xx_HAL_Driver/Src/stm32l4xx_hal_cortex.o
                0x08004c8c                HAL_NVIC_SetPriorityGrouping
 .text.HAL_NVIC_SetPriority
                0x08004ca2       0x38 ./Drivers/STM32L4xx_HAL_Driver/Src/stm32l4xx_hal_cortex.o
                0x08004ca2                HAL_NVIC_SetPriority
 .text.HAL_NVIC_EnableIRQ
                0x08004cda       0x1c ./Drivers/STM32L4xx_HAL_Driver/Src/stm32l4xx_hal_cortex.o
                0x08004cda                HAL_NVIC_EnableIRQ
 .text.HAL_SYSTICK_Config
                0x08004cf6       0x18 ./Drivers/STM32L4xx_HAL_Driver/Src/stm32l4xx_hal_cortex.o
                0x08004cf6                HAL_SYSTICK_Config
 *fill*         0x08004d0e        0x2 
 .text.HAL_GPIO_Init
                0x08004d10      0x2d4 ./Drivers/STM32L4xx_HAL_Driver/Src/stm32l4xx_hal_gpio.o
                0x08004d10                HAL_GPIO_Init
 .text.HAL_GPIO_TogglePin
                0x08004fe4       0x34 ./Drivers/STM32L4xx_HAL_Driver/Src/stm32l4xx_hal_gpio.o
                0x08004fe4                HAL_GPIO_TogglePin
 .text.HAL_PWREx_GetVoltageRange
                0x08005018       0x1c ./Drivers/STM32L4xx_HAL_Driver/Src/stm32l4xx_hal_pwr_ex.o
                0x08005018                HAL_PWREx_GetVoltageRange
 .text.HAL_PWREx_ControlVoltageScaling
                0x08005034       0xac ./Drivers/STM32L4xx_HAL_Driver/Src/stm32l4xx_hal_pwr_ex.o
                0x08005034                HAL_PWREx_ControlVoltageScaling
 .text.HAL_RCC_OscConfig
                0x080050e0      0x828 ./Drivers/STM32L4xx_HAL_Driver/Src/stm32l4xx_hal_rcc.o
                0x080050e0                HAL_RCC_OscConfig
 .text.HAL_RCC_ClockConfig
                0x08005908      0x200 ./Drivers/STM32L4xx_HAL_Driver/Src/stm32l4xx_hal_rcc.o
                0x08005908                HAL_RCC_ClockConfig
 .text.HAL_RCC_GetSysClockFreq
                0x08005b08      0x118 ./Drivers/STM32L4xx_HAL_Driver/Src/stm32l4xx_hal_rcc.o
                0x08005b08                HAL_RCC_GetSysClockFreq
 .text.RCC_SetFlashLatencyFromMSIRange
                0x08005c20       0xc0 ./Drivers/STM32L4xx_HAL_Driver/Src/stm32l4xx_hal_rcc.o
 .text.__assert_func
                0x08005ce0       0x3c C:/ST/STM32CubeIDE_1.16.0/STM32CubeIDE/plugins/com.st.stm32cube.ide.mcu.externaltools.gnu-tools-for-stm32.12.3.rel1.win32_1.0.200.202406191623/tools/bin/../lib/gcc/arm-none-eabi/12.3.1/../../../../arm-none-eabi/lib/thumb/v7e-m+fp/hard\libc_nano.a(libc_a-assert.o)
                0x08005ce0                __assert_func
 .text.malloc   0x08005d1c       0x10 C:/ST/STM32CubeIDE_1.16.0/STM32CubeIDE/plugins/com.st.stm32cube.ide.mcu.externaltools.gnu-tools-for-stm32.12.3.rel1.win32_1.0.200.202406191623/tools/bin/../lib/gcc/arm-none-eabi/12.3.1/../../../../arm-none-eabi/lib/thumb/v7e-m+fp/hard\libc_nano.a(libc_a-malloc.o)
                0x08005d1c                malloc
 .text.free     0x08005d2c       0x10 C:/ST/STM32CubeIDE_1.16.0/STM32CubeIDE/plugins/com.st.stm32cube.ide.mcu.externaltools.gnu-tools-for-stm32.12.3.rel1.win32_1.0.200.202406191623/tools/bin/../lib/gcc/arm-none-eabi/12.3.1/../../../../arm-none-eabi/lib/thumb/v7e-m+fp/hard\libc_nano.a(libc_a-malloc.o)
                0x08005d2c                free
 .text.sbrk_aligned
                0x08005d3c       0x44 C:/ST/STM32CubeIDE_1.16.0/STM32CubeIDE/plugins/com.st.stm32cube.ide.mcu.externaltools.gnu-tools-for-stm32.12.3.rel1.win32_1.0.200.202406191623/tools/bin/../lib/gcc/arm-none-eabi/12.3.1/../../../../arm-none-eabi/lib/thumb/v7e-m+fp/hard\libc_nano.a(libc_a-mallocr.o)
 .text._malloc_r
                0x08005d80      0x100 C:/ST/STM32CubeIDE_1.16.0/STM32CubeIDE/plugins/com.st.stm32cube.ide.mcu.externaltools.gnu-tools-for-stm32.12.3.rel1.win32_1.0.200.202406191623/tools/bin/../lib/gcc/arm-none-eabi/12.3.1/../../../../arm-none-eabi/lib/thumb/v7e-m+fp/hard\libc_nano.a(libc_a-mallocr.o)
                0x08005d80                _malloc_r
 .text.__malloc_lock
                0x08005e80        0xc C:/ST/STM32CubeIDE_1.16.0/STM32CubeIDE/plugins/com.st.stm32cube.ide.mcu.externaltools.gnu-tools-for-stm32.12.3.rel1.win32_1.0.200.202406191623/tools/bin/../lib/gcc/arm-none-eabi/12.3.1/../../../../arm-none-eabi/lib/thumb/v7e-m+fp/hard\libc_nano.a(libc_a-mlock.o)
                0x08005e80                __malloc_lock
 .text.__malloc_unlock
                0x08005e8c        0xc C:/ST/STM32CubeIDE_1.16.0/STM32CubeIDE/plugins/com.st.stm32cube.ide.mcu.externaltools.gnu-tools-for-stm32.12.3.rel1.win32_1.0.200.202406191623/tools/bin/../lib/gcc/arm-none-eabi/12.3.1/../../../../arm-none-eabi/lib/thumb/v7e-m+fp/hard\libc_nano.a(libc_a-mlock.o)
                0x08005e8c                __malloc_unlock
 .text.std      0x08005e98       0x6c C:/ST/STM32CubeIDE_1.16.0/STM32CubeIDE/plugins/com.st.stm32cube.ide.mcu.externaltools.gnu-tools-for-stm32.12.3.rel1.win32_1.0.200.202406191623/tools/bin/../lib/gcc/arm-none-eabi/12.3.1/../../../../arm-none-eabi/lib/thumb/v7e-m+fp/hard\libc_nano.a(libc_a-findfp.o)
 .text.stdio_exit_handler
                0x08005f04       0x18 C:/ST/STM32CubeIDE_1.16.0/STM32CubeIDE/plugins/com.st.stm32cube.ide.mcu.externaltools.gnu-tools-for-stm32.12.3.rel1.win32_1.0.200.202406191623/tools/bin/../lib/gcc/arm-none-eabi/12.3.1/../../../../arm-none-eabi/lib/thumb/v7e-m+fp/hard\libc_nano.a(libc_a-findfp.o)
 .text.cleanup_stdio
                0x08005f1c       0x40 C:/ST/STM32CubeIDE_1.16.0/STM32CubeIDE/plugins/com.st.stm32cube.ide.mcu.externaltools.gnu-tools-for-stm32.12.3.rel1.win32_1.0.200.202406191623/tools/bin/../lib/gcc/arm-none-eabi/12.3.1/../../../../arm-none-eabi/lib/thumb/v7e-m+fp/hard\libc_nano.a(libc_a-findfp.o)
 .text.global_stdio_init.part.0
                0x08005f5c       0x3c C:/ST/STM32CubeIDE_1.16.0/STM32CubeIDE/plugins/com.st.stm32cube.ide.mcu.externaltools.gnu-tools-for-stm32.12.3.rel1.win32_1.0.200.202406191623/tools/bin/../lib/gcc/arm-none-eabi/12.3.1/../../../../arm-none-eabi/lib/thumb/v7e-m+fp/hard\libc_nano.a(libc_a-findfp.o)
 .text.__sfp_lock_acquire
                0x08005f98        0xc C:/ST/STM32CubeIDE_1.16.0/STM32CubeIDE/plugins/com.st.stm32cube.ide.mcu.externaltools.gnu-tools-for-stm32.12.3.rel1.win32_1.0.200.202406191623/tools/bin/../lib/gcc/arm-none-eabi/12.3.1/../../../../arm-none-eabi/lib/thumb/v7e-m+fp/hard\libc_nano.a(libc_a-findfp.o)
                0x08005f98                __sfp_lock_acquire
 .text.__sfp_lock_release
                0x08005fa4        0xc C:/ST/STM32CubeIDE_1.16.0/STM32CubeIDE/plugins/com.st.stm32cube.ide.mcu.externaltools.gnu-tools-for-stm32.12.3.rel1.win32_1.0.200.202406191623/tools/bin/../lib/gcc/arm-none-eabi/12.3.1/../../../../arm-none-eabi/lib/thumb/v7e-m+fp/hard\libc_nano.a(libc_a-findfp.o)
                0x08005fa4                __sfp_lock_release
 .text.__sinit  0x08005fb0       0x30 C:/ST/STM32CubeIDE_1.16.0/STM32CubeIDE/plugins/com.st.stm32cube.ide.mcu.externaltools.gnu-tools-for-stm32.12.3.rel1.win32_1.0.200.202406191623/tools/bin/../lib/gcc/arm-none-eabi/12.3.1/../../../../arm-none-eabi/lib/thumb/v7e-m+fp/hard\libc_nano.a(libc_a-findfp.o)
                0x08005fb0                __sinit
 .text.fprintf  0x08005fe0       0x24 C:/ST/STM32CubeIDE_1.16.0/STM32CubeIDE/plugins/com.st.stm32cube.ide.mcu.externaltools.gnu-tools-for-stm32.12.3.rel1.win32_1.0.200.202406191623/tools/bin/../lib/gcc/arm-none-eabi/12.3.1/../../../../arm-none-eabi/lib/thumb/v7e-m+fp/hard\libc_nano.a(libc_a-fprintf.o)
                0x08005fe0                fiprintf
                0x08005fe0                fprintf
 .text._fwalk_sglue
                0x08006004       0x3c C:/ST/STM32CubeIDE_1.16.0/STM32CubeIDE/plugins/com.st.stm32cube.ide.mcu.externaltools.gnu-tools-for-stm32.12.3.rel1.win32_1.0.200.202406191623/tools/bin/../lib/gcc/arm-none-eabi/12.3.1/../../../../arm-none-eabi/lib/thumb/v7e-m+fp/hard\libc_nano.a(libc_a-fwalk.o)
                0x08006004                _fwalk_sglue
 .text.__sread  0x08006040       0x22 C:/ST/STM32CubeIDE_1.16.0/STM32CubeIDE/plugins/com.st.stm32cube.ide.mcu.externaltools.gnu-tools-for-stm32.12.3.rel1.win32_1.0.200.202406191623/tools/bin/../lib/gcc/arm-none-eabi/12.3.1/../../../../arm-none-eabi/lib/thumb/v7e-m+fp/hard\libc_nano.a(libc_a-stdio.o)
                0x08006040                __sread
 .text.__swrite
                0x08006062       0x38 C:/ST/STM32CubeIDE_1.16.0/STM32CubeIDE/plugins/com.st.stm32cube.ide.mcu.externaltools.gnu-tools-for-stm32.12.3.rel1.win32_1.0.200.202406191623/tools/bin/../lib/gcc/arm-none-eabi/12.3.1/../../../../arm-none-eabi/lib/thumb/v7e-m+fp/hard\libc_nano.a(libc_a-stdio.o)
                0x08006062                __swrite
 .text.__sseek  0x0800609a       0x24 C:/ST/STM32CubeIDE_1.16.0/STM32CubeIDE/plugins/com.st.stm32cube.ide.mcu.externaltools.gnu-tools-for-stm32.12.3.rel1.win32_1.0.200.202406191623/tools/bin/../lib/gcc/arm-none-eabi/12.3.1/../../../../arm-none-eabi/lib/thumb/v7e-m+fp/hard\libc_nano.a(libc_a-stdio.o)
                0x0800609a                __sseek
 .text.__sclose
                0x080060be        0x8 C:/ST/STM32CubeIDE_1.16.0/STM32CubeIDE/plugins/com.st.stm32cube.ide.mcu.externaltools.gnu-tools-for-stm32.12.3.rel1.win32_1.0.200.202406191623/tools/bin/../lib/gcc/arm-none-eabi/12.3.1/../../../../arm-none-eabi/lib/thumb/v7e-m+fp/hard\libc_nano.a(libc_a-stdio.o)
                0x080060be                __sclose
 .text.memmove  0x080060c6       0x34 C:/ST/STM32CubeIDE_1.16.0/STM32CubeIDE/plugins/com.st.stm32cube.ide.mcu.externaltools.gnu-tools-for-stm32.12.3.rel1.win32_1.0.200.202406191623/tools/bin/../lib/gcc/arm-none-eabi/12.3.1/../../../../arm-none-eabi/lib/thumb/v7e-m+fp/hard\libc_nano.a(libc_a-memmove.o)
                0x080060c6                memmove
 .text.memset   0x080060fa       0x10 C:/ST/STM32CubeIDE_1.16.0/STM32CubeIDE/plugins/com.st.stm32cube.ide.mcu.externaltools.gnu-tools-for-stm32.12.3.rel1.win32_1.0.200.202406191623/tools/bin/../lib/gcc/arm-none-eabi/12.3.1/../../../../arm-none-eabi/lib/thumb/v7e-m+fp/hard\libc_nano.a(libc_a-memset.o)
                0x080060fa                memset
 *fill*         0x0800610a        0x2 
 .text._close_r
                0x0800610c       0x20 C:/ST/STM32CubeIDE_1.16.0/STM32CubeIDE/plugins/com.st.stm32cube.ide.mcu.externaltools.gnu-tools-for-stm32.12.3.rel1.win32_1.0.200.202406191623/tools/bin/../lib/gcc/arm-none-eabi/12.3.1/../../../../arm-none-eabi/lib/thumb/v7e-m+fp/hard\libc_nano.a(libc_a-closer.o)
                0x0800610c                _close_r
 .text._lseek_r
                0x0800612c       0x24 C:/ST/STM32CubeIDE_1.16.0/STM32CubeIDE/plugins/com.st.stm32cube.ide.mcu.externaltools.gnu-tools-for-stm32.12.3.rel1.win32_1.0.200.202406191623/tools/bin/../lib/gcc/arm-none-eabi/12.3.1/../../../../arm-none-eabi/lib/thumb/v7e-m+fp/hard\libc_nano.a(libc_a-lseekr.o)
                0x0800612c                _lseek_r
 .text._read_r  0x08006150       0x24 C:/ST/STM32CubeIDE_1.16.0/STM32CubeIDE/plugins/com.st.stm32cube.ide.mcu.externaltools.gnu-tools-for-stm32.12.3.rel1.win32_1.0.200.202406191623/tools/bin/../lib/gcc/arm-none-eabi/12.3.1/../../../../arm-none-eabi/lib/thumb/v7e-m+fp/hard\libc_nano.a(libc_a-readr.o)
                0x08006150                _read_r
 .text._sbrk_r  0x08006174       0x20 C:/ST/STM32CubeIDE_1.16.0/STM32CubeIDE/plugins/com.st.stm32cube.ide.mcu.externaltools.gnu-tools-for-stm32.12.3.rel1.win32_1.0.200.202406191623/tools/bin/../lib/gcc/arm-none-eabi/12.3.1/../../../../arm-none-eabi/lib/thumb/v7e-m+fp/hard\libc_nano.a(libc_a-sbrkr.o)
                0x08006174                _sbrk_r
 .text._write_r
                0x08006194       0x24 C:/ST/STM32CubeIDE_1.16.0/STM32CubeIDE/plugins/com.st.stm32cube.ide.mcu.externaltools.gnu-tools-for-stm32.12.3.rel1.win32_1.0.200.202406191623/tools/bin/../lib/gcc/arm-none-eabi/12.3.1/../../../../arm-none-eabi/lib/thumb/v7e-m+fp/hard\libc_nano.a(libc_a-writer.o)
                0x08006194                _write_r
 .text.__errno  0x080061b8        0xc C:/ST/STM32CubeIDE_1.16.0/STM32CubeIDE/plugins/com.st.stm32cube.ide.mcu.externaltools.gnu-tools-for-stm32.12.3.rel1.win32_1.0.200.202406191623/tools/bin/../lib/gcc/arm-none-eabi/12.3.1/../../../../arm-none-eabi/lib/thumb/v7e-m+fp/hard\libc_nano.a(libc_a-errno.o)
                0x080061b8                __errno
 .text.__libc_init_array
                0x080061c4       0x48 C:/ST/STM32CubeIDE_1.16.0/STM32CubeIDE/plugins/com.st.stm32cube.ide.mcu.externaltools.gnu-tools-for-stm32.12.3.rel1.win32_1.0.200.202406191623/tools/bin/../lib/gcc/arm-none-eabi/12.3.1/../../../../arm-none-eabi/lib/thumb/v7e-m+fp/hard\libc_nano.a(libc_a-init.o)
                0x080061c4                __libc_init_array
 .text.__retarget_lock_init_recursive
                0x0800620c        0x2 C:/ST/STM32CubeIDE_1.16.0/STM32CubeIDE/plugins/com.st.stm32cube.ide.mcu.externaltools.gnu-tools-for-stm32.12.3.rel1.win32_1.0.200.202406191623/tools/bin/../lib/gcc/arm-none-eabi/12.3.1/../../../../arm-none-eabi/lib/thumb/v7e-m+fp/hard\libc_nano.a(libc_a-lock.o)
                0x0800620c                __retarget_lock_init_recursive
 .text.__retarget_lock_acquire_recursive
                0x0800620e        0x2 C:/ST/STM32CubeIDE_1.16.0/STM32CubeIDE/plugins/com.st.stm32cube.ide.mcu.externaltools.gnu-tools-for-stm32.12.3.rel1.win32_1.0.200.202406191623/tools/bin/../lib/gcc/arm-none-eabi/12.3.1/../../../../arm-none-eabi/lib/thumb/v7e-m+fp/hard\libc_nano.a(libc_a-lock.o)
                0x0800620e                __retarget_lock_acquire_recursive
 .text.__retarget_lock_release_recursive
                0x08006210        0x2 C:/ST/STM32CubeIDE_1.16.0/STM32CubeIDE/plugins/com.st.stm32cube.ide.mcu.externaltools.gnu-tools-for-stm32.12.3.rel1.win32_1.0.200.202406191623/tools/bin/../lib/gcc/arm-none-eabi/12.3.1/../../../../arm-none-eabi/lib/thumb/v7e-m+fp/hard\libc_nano.a(libc_a-lock.o)
                0x08006210                __retarget_lock_release_recursive
 .text.memcpy   0x08006212       0x1c C:/ST/STM32CubeIDE_1.16.0/STM32CubeIDE/plugins/com.st.stm32cube.ide.mcu.externaltools.gnu-tools-for-stm32.12.3.rel1.win32_1.0.200.202406191623/tools/bin/../lib/gcc/arm-none-eabi/12.3.1/../../../../arm-none-eabi/lib/thumb/v7e-m+fp/hard\libc_nano.a(libc_a-memcpy-stub.o)
                0x08006212                memcpy
 .text.abort    0x0800622e        0xe C:/ST/STM32CubeIDE_1.16.0/STM32CubeIDE/plugins/com.st.stm32cube.ide.mcu.externaltools.gnu-tools-for-stm32.12.3.rel1.win32_1.0.200.202406191623/tools/bin/../lib/gcc/arm-none-eabi/12.3.1/../../../../arm-none-eabi/lib/thumb/v7e-m+fp/hard\libc_nano.a(libc_a-abort.o)
                0x0800622e                abort
 .text._free_r  0x0800623c       0x94 C:/ST/STM32CubeIDE_1.16.0/STM32CubeIDE/plugins/com.st.stm32cube.ide.mcu.externaltools.gnu-tools-for-stm32.12.3.rel1.win32_1.0.200.202406191623/tools/bin/../lib/gcc/arm-none-eabi/12.3.1/../../../../arm-none-eabi/lib/thumb/v7e-m+fp/hard\libc_nano.a(libc_a-freer.o)
                0x0800623c                _free_r
 .text.__sfputc_r
                0x080062d0       0x2e C:/ST/STM32CubeIDE_1.16.0/STM32CubeIDE/plugins/com.st.stm32cube.ide.mcu.externaltools.gnu-tools-for-stm32.12.3.rel1.win32_1.0.200.202406191623/tools/bin/../lib/gcc/arm-none-eabi/12.3.1/../../../../arm-none-eabi/lib/thumb/v7e-m+fp/hard\libc_nano.a(libc_a-nano-vfprintf.o)
 .text.__sfputs_r
                0x080062fe       0x24 C:/ST/STM32CubeIDE_1.16.0/STM32CubeIDE/plugins/com.st.stm32cube.ide.mcu.externaltools.gnu-tools-for-stm32.12.3.rel1.win32_1.0.200.202406191623/tools/bin/../lib/gcc/arm-none-eabi/12.3.1/../../../../arm-none-eabi/lib/thumb/v7e-m+fp/hard\libc_nano.a(libc_a-nano-vfprintf.o)
                0x080062fe                __sfputs_r
 *fill*         0x08006322        0x2 
 .text._vfprintf_r
                0x08006324      0x230 C:/ST/STM32CubeIDE_1.16.0/STM32CubeIDE/plugins/com.st.stm32cube.ide.mcu.externaltools.gnu-tools-for-stm32.12.3.rel1.win32_1.0.200.202406191623/tools/bin/../lib/gcc/arm-none-eabi/12.3.1/../../../../arm-none-eabi/lib/thumb/v7e-m+fp/hard\libc_nano.a(libc_a-nano-vfprintf.o)
                0x08006324                _vfprintf_r
                0x08006324                _vfiprintf_r
 .text._printf_common
                0x08006554       0xda C:/ST/STM32CubeIDE_1.16.0/STM32CubeIDE/plugins/com.st.stm32cube.ide.mcu.externaltools.gnu-tools-for-stm32.12.3.rel1.win32_1.0.200.202406191623/tools/bin/../lib/gcc/arm-none-eabi/12.3.1/../../../../arm-none-eabi/lib/thumb/v7e-m+fp/hard\libc_nano.a(libc_a-nano-vfprintf_i.o)
                0x08006554                _printf_common
 *fill*         0x0800662e        0x2 
 .text._printf_i
                0x08006630      0x240 C:/ST/STM32CubeIDE_1.16.0/STM32CubeIDE/plugins/com.st.stm32cube.ide.mcu.externaltools.gnu-tools-for-stm32.12.3.rel1.win32_1.0.200.202406191623/tools/bin/../lib/gcc/arm-none-eabi/12.3.1/../../../../arm-none-eabi/lib/thumb/v7e-m+fp/hard\libc_nano.a(libc_a-nano-vfprintf_i.o)
                0x08006630                _printf_i
 .text.__sflush_r
                0x08006870      0x108 C:/ST/STM32CubeIDE_1.16.0/STM32CubeIDE/plugins/com.st.stm32cube.ide.mcu.externaltools.gnu-tools-for-stm32.12.3.rel1.win32_1.0.200.202406191623/tools/bin/../lib/gcc/arm-none-eabi/12.3.1/../../../../arm-none-eabi/lib/thumb/v7e-m+fp/hard\libc_nano.a(libc_a-fflush.o)
                0x08006870                __sflush_r
 .text._fflush_r
                0x08006978       0x50 C:/ST/STM32CubeIDE_1.16.0/STM32CubeIDE/plugins/com.st.stm32cube.ide.mcu.externaltools.gnu-tools-for-stm32.12.3.rel1.win32_1.0.200.202406191623/tools/bin/../lib/gcc/arm-none-eabi/12.3.1/../../../../arm-none-eabi/lib/thumb/v7e-m+fp/hard\libc_nano.a(libc_a-fflush.o)
                0x08006978                _fflush_r
 .text.__swbuf_r
                0x080069c8       0x7c C:/ST/STM32CubeIDE_1.16.0/STM32CubeIDE/plugins/com.st.stm32cube.ide.mcu.externaltools.gnu-tools-for-stm32.12.3.rel1.win32_1.0.200.202406191623/tools/bin/../lib/gcc/arm-none-eabi/12.3.1/../../../../arm-none-eabi/lib/thumb/v7e-m+fp/hard\libc_nano.a(libc_a-wbuf.o)
                0x080069c8                __swbuf_r
 .text.__swsetup_r
                0x08006a44       0xac C:/ST/STM32CubeIDE_1.16.0/STM32CubeIDE/plugins/com.st.stm32cube.ide.mcu.externaltools.gnu-tools-for-stm32.12.3.rel1.win32_1.0.200.202406191623/tools/bin/../lib/gcc/arm-none-eabi/12.3.1/../../../../arm-none-eabi/lib/thumb/v7e-m+fp/hard\libc_nano.a(libc_a-wsetup.o)
                0x08006a44                __swsetup_r
 .text._raise_r
                0x08006af0       0x50 C:/ST/STM32CubeIDE_1.16.0/STM32CubeIDE/plugins/com.st.stm32cube.ide.mcu.externaltools.gnu-tools-for-stm32.12.3.rel1.win32_1.0.200.202406191623/tools/bin/../lib/gcc/arm-none-eabi/12.3.1/../../../../arm-none-eabi/lib/thumb/v7e-m+fp/hard\libc_nano.a(libc_a-signal.o)
                0x08006af0                _raise_r
 .text.raise    0x08006b40       0x10 C:/ST/STM32CubeIDE_1.16.0/STM32CubeIDE/plugins/com.st.stm32cube.ide.mcu.externaltools.gnu-tools-for-stm32.12.3.rel1.win32_1.0.200.202406191623/tools/bin/../lib/gcc/arm-none-eabi/12.3.1/../../../../arm-none-eabi/lib/thumb/v7e-m+fp/hard\libc_nano.a(libc_a-signal.o)
                0x08006b40                raise
 .text._kill_r  0x08006b50       0x24 C:/ST/STM32CubeIDE_1.16.0/STM32CubeIDE/plugins/com.st.stm32cube.ide.mcu.externaltools.gnu-tools-for-stm32.12.3.rel1.win32_1.0.200.202406191623/tools/bin/../lib/gcc/arm-none-eabi/12.3.1/../../../../arm-none-eabi/lib/thumb/v7e-m+fp/hard\libc_nano.a(libc_a-signalr.o)
                0x08006b50                _kill_r
 .text._getpid_r
                0x08006b74        0x4 C:/ST/STM32CubeIDE_1.16.0/STM32CubeIDE/plugins/com.st.stm32cube.ide.mcu.externaltools.gnu-tools-for-stm32.12.3.rel1.win32_1.0.200.202406191623/tools/bin/../lib/gcc/arm-none-eabi/12.3.1/../../../../arm-none-eabi/lib/thumb/v7e-m+fp/hard\libc_nano.a(libc_a-signalr.o)
                0x08006b74                _getpid_r
 .text.__swhatbuf_r
                0x08006b78       0x4c C:/ST/STM32CubeIDE_1.16.0/STM32CubeIDE/plugins/com.st.stm32cube.ide.mcu.externaltools.gnu-tools-for-stm32.12.3.rel1.win32_1.0.200.202406191623/tools/bin/../lib/gcc/arm-none-eabi/12.3.1/../../../../arm-none-eabi/lib/thumb/v7e-m+fp/hard\libc_nano.a(libc_a-makebuf.o)
                0x08006b78                __swhatbuf_r
 .text.__smakebuf_r
                0x08006bc4       0x78 C:/ST/STM32CubeIDE_1.16.0/STM32CubeIDE/plugins/com.st.stm32cube.ide.mcu.externaltools.gnu-tools-for-stm32.12.3.rel1.win32_1.0.200.202406191623/tools/bin/../lib/gcc/arm-none-eabi/12.3.1/../../../../arm-none-eabi/lib/thumb/v7e-m+fp/hard\libc_nano.a(libc_a-makebuf.o)
                0x08006bc4                __smakebuf_r
 .text._fstat_r
                0x08006c3c       0x24 C:/ST/STM32CubeIDE_1.16.0/STM32CubeIDE/plugins/com.st.stm32cube.ide.mcu.externaltools.gnu-tools-for-stm32.12.3.rel1.win32_1.0.200.202406191623/tools/bin/../lib/gcc/arm-none-eabi/12.3.1/../../../../arm-none-eabi/lib/thumb/v7e-m+fp/hard\libc_nano.a(libc_a-fstatr.o)
                0x08006c3c                _fstat_r
 .text._isatty_r
                0x08006c60       0x20 C:/ST/STM32CubeIDE_1.16.0/STM32CubeIDE/plugins/com.st.stm32cube.ide.mcu.externaltools.gnu-tools-for-stm32.12.3.rel1.win32_1.0.200.202406191623/tools/bin/../lib/gcc/arm-none-eabi/12.3.1/../../../../arm-none-eabi/lib/thumb/v7e-m+fp/hard\libc_nano.a(libc_a-isattyr.o)
                0x08006c60                _isatty_r
 *(.glue_7)
 .glue_7        0x08006c80        0x0 linker stubs
 *(.glue_7t)
 .glue_7t       0x08006c80        0x0 linker stubs
 *(.eh_frame)
 .eh_frame      0x08006c80        0x0 C:/ST/STM32CubeIDE_1.16.0/STM32CubeIDE/plugins/com.st.stm32cube.ide.mcu.externaltools.gnu-tools-for-stm32.12.3.rel1.win32_1.0.200.202406191623/tools/bin/../lib/gcc/arm-none-eabi/12.3.1/thumb/v7e-m+fp/hard/crtbegin.o
 *(.init)
 .init          0x08006c80        0x4 C:/ST/STM32CubeIDE_1.16.0/STM32CubeIDE/plugins/com.st.stm32cube.ide.mcu.externaltools.gnu-tools-for-stm32.12.3.rel1.win32_1.0.200.202406191623/tools/bin/../lib/gcc/arm-none-eabi/12.3.1/thumb/v7e-m+fp/hard/crti.o
                0x08006c80                _init
 .init          0x08006c84        0x8 C:/ST/STM32CubeIDE_1.16.0/STM32CubeIDE/plugins/com.st.stm32cube.ide.mcu.externaltools.gnu-tools-for-stm32.12.3.rel1.win32_1.0.200.202406191623/tools/bin/../lib/gcc/arm-none-eabi/12.3.1/thumb/v7e-m+fp/hard/crtn.o
 *(.fini)
 .fini          0x08006c8c        0x4 C:/ST/STM32CubeIDE_1.16.0/STM32CubeIDE/plugins/com.st.stm32cube.ide.mcu.externaltools.gnu-tools-for-stm32.12.3.rel1.win32_1.0.200.202406191623/tools/bin/../lib/gcc/arm-none-eabi/12.3.1/thumb/v7e-m+fp/hard/crti.o
                0x08006c8c                _fini
 .fini          0x08006c90        0x8 C:/ST/STM32CubeIDE_1.16.0/STM32CubeIDE/plugins/com.st.stm32cube.ide.mcu.externaltools.gnu-tools-for-stm32.12.3.rel1.win32_1.0.200.202406191623/tools/bin/../lib/gcc/arm-none-eabi/12.3.1/thumb/v7e-m+fp/hard/crtn.o
                0x08006c98                        . = ALIGN (0x4)
                0x08006c98                        _etext = .

.vfp11_veneer   0x08006c98        0x0
 .vfp11_veneer  0x08006c98        0x0 linker stubs

.v4_bx          0x08006c98        0x0
 .v4_bx         0x08006c98        0x0 linker stubs

.iplt           0x08006c98        0x0
 .iplt          0x08006c98        0x0 C:/ST/STM32CubeIDE_1.16.0/STM32CubeIDE/plugins/com.st.stm32cube.ide.mcu.externaltools.gnu-tools-for-stm32.12.3.rel1.win32_1.0.200.202406191623/tools/bin/../lib/gcc/arm-none-eabi/12.3.1/thumb/v7e-m+fp/hard/crtbegin.o

.rodata         0x08006c98     0x15b0
                0x08006c98                        . = ALIGN (0x4)
 *(.rodata)
 .rodata        0x08006c98      0xf87 ./Core/Src/main.o
 *(.rodata*)
 *fill*         0x08007c1f        0x1 
 .rodata.CRCTable
                0x08007c20      0x200 ./Core/Src/main.o
 .rodata.CanardCANDLCToLength
                0x08007e20       0x10 ./Core/Src/main.o
                0x08007e20                CanardCANDLCToLength
 .rodata.CanardCANLengthToDLC
                0x08007e30       0x41 ./Core/Src/main.o
                0x08007e30                CanardCANLengthToDLC
 *fill*         0x08007e71        0x3 
 .rodata.__func__.36
                0x08007e74        0xb ./Core/Src/main.o
 *fill*         0x08007e7f        0x1 
 .rodata.__func__.35
                0x08007e80        0xd ./Core/Src/main.o
 *fill*         0x08007e8d        0x3 
 .rodata.__func__.34
                0x08007e90        0xc ./Core/Src/main.o
 .rodata.__func__.33
                0x08007e9c        0x7 ./Core/Src/main.o
 *fill*         0x08007ea3        0x1 
 .rodata.__func__.32
                0x08007ea4       0x1e ./Core/Src/main.o
 *fill*         0x08007ec2        0x2 
 .rodata.__func__.31
                0x08007ec4       0x1e ./Core/Src/main.o
 *fill*         0x08007ee2        0x2 
 .rodata.__func__.30
                0x08007ee4       0x12 ./Core/Src/main.o
 *fill*         0x08007ef6        0x2 
 .rodata.__func__.29
                0x08007ef8        0xf ./Core/Src/main.o
 *fill*         0x08007f07        0x1 
 .rodata.__func__.28
                0x08007f08       0x1a ./Core/Src/main.o
 *fill*         0x08007f22        0x2 
 .rodata.__func__.27
                0x08007f24       0x14 ./Core/Src/main.o
 .rodata.__func__.26
                0x08007f38        0xf ./Core/Src/main.o
 *fill*         0x08007f47        0x1 
 .rodata.__func__.25
                0x08007f48        0xb ./Core/Src/main.o
 *fill*         0x08007f53        0x1 
 .rodata.__func__.24
                0x08007f54       0x1b ./Core/Src/main.o
 *fill*         0x08007f6f        0x1 
 .rodata.__func__.23
                0x08007f70       0x19 ./Core/Src/main.o
 *fill*         0x08007f89        0x3 
 .rodata.__func__.22
                0x08007f8c       0x12 ./Core/Src/main.o
 *fill*         0x08007f9e        0x2 
 .rodata.__func__.21
                0x08007fa0       0x11 ./Core/Src/main.o
 *fill*         0x08007fb1        0x3 
 .rodata.__func__.20
                0x08007fb4       0x1a ./Core/Src/main.o
 *fill*         0x08007fce        0x2 
 .rodata.__func__.19
                0x08007fd0        0xb ./Core/Src/main.o
 *fill*         0x08007fdb        0x1 
 .rodata.__func__.18
                0x08007fdc        0xf ./Core/Src/main.o
 *fill*         0x08007feb        0x1 
 .rodata.NegPos.17
                0x08007fec        0x2 ./Core/Src/main.o
 *fill*         0x08007fee        0x2 
 .rodata.__func__.16
                0x08007ff0       0x10 ./Core/Src/main.o
 .rodata.__func__.15
                0x08008000        0xe ./Core/Src/main.o
 *fill*         0x0800800e        0x2 
 .rodata.__func__.14
                0x08008010       0x10 ./Core/Src/main.o
 .rodata.__func__.13
                0x08008020       0x1e ./Core/Src/main.o
 *fill*         0x0800803e        0x2 
 .rodata.__func__.12
                0x08008040       0x11 ./Core/Src/main.o
 *fill*         0x08008051        0x3 
 .rodata.__func__.11
                0x08008054       0x15 ./Core/Src/main.o
 *fill*         0x08008069        0x3 
 .rodata.__func__.10
                0x0800806c       0x16 ./Core/Src/main.o
 *fill*         0x08008082        0x2 
 .rodata.__func__.9
                0x08008084       0x20 ./Core/Src/main.o
 .rodata.__func__.8
                0x080080a4       0x12 ./Core/Src/main.o
 *fill*         0x080080b6        0x2 
 .rodata.__func__.7
                0x080080b8       0x14 ./Core/Src/main.o
 .rodata.__func__.6
                0x080080cc       0x25 ./Core/Src/main.o
 *fill*         0x080080f1        0x3 
 .rodata.__func__.5
                0x080080f4       0x22 ./Core/Src/main.o
 *fill*         0x08008116        0x2 
 .rodata.__func__.4
                0x08008118       0x20 ./Core/Src/main.o
 .rodata.__func__.3
                0x08008138        0xe ./Core/Src/main.o
 *fill*         0x08008146        0x2 
 .rodata.__func__.2
                0x08008148       0x10 ./Core/Src/main.o
 .rodata.__func__.1
                0x08008158       0x2f ./Core/Src/main.o
 *fill*         0x08008187        0x1 
 .rodata.__func__.0
                0x08008188        0xf ./Core/Src/main.o
 *fill*         0x08008197        0x1 
 .rodata.AHBPrescTable
                0x08008198       0x10 ./Core/Src/system_stm32l4xx.o
                0x08008198                AHBPrescTable
 .rodata.MSIRangeTable
                0x080081a8       0x30 ./Core/Src/system_stm32l4xx.o
                0x080081a8                MSIRangeTable
 .rodata.__assert_func.str1.1
                0x080081d8       0x3c C:/ST/STM32CubeIDE_1.16.0/STM32CubeIDE/plugins/com.st.stm32cube.ide.mcu.externaltools.gnu-tools-for-stm32.12.3.rel1.win32_1.0.200.202406191623/tools/bin/../lib/gcc/arm-none-eabi/12.3.1/../../../../arm-none-eabi/lib/thumb/v7e-m+fp/hard\libc_nano.a(libc_a-assert.o)
                                 0x3d (size before relaxing)
 .rodata._vfprintf_r.str1.1
                0x08008214       0x11 C:/ST/STM32CubeIDE_1.16.0/STM32CubeIDE/plugins/com.st.stm32cube.ide.mcu.externaltools.gnu-tools-for-stm32.12.3.rel1.win32_1.0.200.202406191623/tools/bin/../lib/gcc/arm-none-eabi/12.3.1/../../../../arm-none-eabi/lib/thumb/v7e-m+fp/hard\libc_nano.a(libc_a-nano-vfprintf.o)
 .rodata._printf_i.str1.1
                0x08008225       0x22 C:/ST/STM32CubeIDE_1.16.0/STM32CubeIDE/plugins/com.st.stm32cube.ide.mcu.externaltools.gnu-tools-for-stm32.12.3.rel1.win32_1.0.200.202406191623/tools/bin/../lib/gcc/arm-none-eabi/12.3.1/../../../../arm-none-eabi/lib/thumb/v7e-m+fp/hard\libc_nano.a(libc_a-nano-vfprintf_i.o)
                0x08008248                        . = ALIGN (0x4)
 *fill*         0x08008247        0x1 

.ARM.extab      0x08008248        0x0
                0x08008248                        . = ALIGN (0x4)
 *(.ARM.extab* .gnu.linkonce.armextab.*)
                0x08008248                        . = ALIGN (0x4)

.ARM            0x08008248        0x8
                0x08008248                        . = ALIGN (0x4)
                0x08008248                        __exidx_start = .
 *(.ARM.exidx*)
 .ARM.exidx     0x08008248        0x8 C:/ST/STM32CubeIDE_1.16.0/STM32CubeIDE/plugins/com.st.stm32cube.ide.mcu.externaltools.gnu-tools-for-stm32.12.3.rel1.win32_1.0.200.202406191623/tools/bin/../lib/gcc/arm-none-eabi/12.3.1/../../../../arm-none-eabi/lib/thumb/v7e-m+fp/hard\libc_nano.a(libc_a-memchr.o)
                0x08008250                        __exidx_end = .
                0x08008250                        . = ALIGN (0x4)

.preinit_array  0x08008250        0x0
                0x08008250                        . = ALIGN (0x4)
                0x08008250                        PROVIDE (__preinit_array_start = .)
 *(.preinit_array*)
                0x08008250                        PROVIDE (__preinit_array_end = .)
                0x08008250                        . = ALIGN (0x4)

.init_array     0x08008250        0x4
                0x08008250                        . = ALIGN (0x4)
                0x08008250                        PROVIDE (__init_array_start = .)
 *(SORT_BY_NAME(.init_array.*))
 *(.init_array*)
 .init_array    0x08008250        0x4 C:/ST/STM32CubeIDE_1.16.0/STM32CubeIDE/plugins/com.st.stm32cube.ide.mcu.externaltools.gnu-tools-for-stm32.12.3.rel1.win32_1.0.200.202406191623/tools/bin/../lib/gcc/arm-none-eabi/12.3.1/thumb/v7e-m+fp/hard/crtbegin.o
                0x08008254                        PROVIDE (__init_array_end = .)
                0x08008254                        . = ALIGN (0x4)

.fini_array     0x08008254        0x4
                0x08008254                        . = ALIGN (0x4)
                [!provide]                        PROVIDE (__fini_array_start = .)
 *(SORT_BY_NAME(.fini_array.*))
 *(.fini_array*)
 .fini_array    0x08008254        0x4 C:/ST/STM32CubeIDE_1.16.0/STM32CubeIDE/plugins/com.st.stm32cube.ide.mcu.externaltools.gnu-tools-for-stm32.12.3.rel1.win32_1.0.200.202406191623/tools/bin/../lib/gcc/arm-none-eabi/12.3.1/thumb/v7e-m+fp/hard/crtbegin.o
                [!provide]                        PROVIDE (__fini_array_end = .)
                0x08008258                        . = ALIGN (0x4)
                0x08008258                        _sidata = LOADADDR (.data)

.rel.dyn        0x08008258        0x0
 .rel.iplt      0x08008258        0x0 C:/ST/STM32CubeIDE_1.16.0/STM32CubeIDE/plugins/com.st.stm32cube.ide.mcu.externaltools.gnu-tools-for-stm32.12.3.rel1.win32_1.0.200.202406191623/tools/bin/../lib/gcc/arm-none-eabi/12.3.1/thumb/v7e-m+fp/hard/crtbegin.o

.data           0x20000000       0x6c load address 0x08008258
                0x20000000                        . = ALIGN (0x4)
                0x20000000                        _sdata = .
 *(.data)
 *(.data*)
 .data.hbeat_ser_buf_size
                0x20000000        0x4 ./Core/Src/main.o
                0x20000000                hbeat_ser_buf_size
 .data.SystemCoreClock
                0x20000004        0x4 ./Core/Src/system_stm32l4xx.o
                0x20000004                SystemCoreClock
 .data.uwTickPrio
                0x20000008        0x4 ./Drivers/STM32L4xx_HAL_Driver/Src/stm32l4xx_hal.o
                0x20000008                uwTickPrio
 .data.uwTickFreq
                0x2000000c        0x1 ./Drivers/STM32L4xx_HAL_Driver/Src/stm32l4xx_hal.o
                0x2000000c                uwTickFreq
 *fill*         0x2000000d        0x3 
 .data.__sglue  0x20000010        0xc C:/ST/STM32CubeIDE_1.16.0/STM32CubeIDE/plugins/com.st.stm32cube.ide.mcu.externaltools.gnu-tools-for-stm32.12.3.rel1.win32_1.0.200.202406191623/tools/bin/../lib/gcc/arm-none-eabi/12.3.1/../../../../arm-none-eabi/lib/thumb/v7e-m+fp/hard\libc_nano.a(libc_a-findfp.o)
                0x20000010                __sglue
 .data._impure_ptr
                0x2000001c        0x4 C:/ST/STM32CubeIDE_1.16.0/STM32CubeIDE/plugins/com.st.stm32cube.ide.mcu.externaltools.gnu-tools-for-stm32.12.3.rel1.win32_1.0.200.202406191623/tools/bin/../lib/gcc/arm-none-eabi/12.3.1/../../../../arm-none-eabi/lib/thumb/v7e-m+fp/hard\libc_nano.a(libc_a-impure.o)
                0x2000001c                _impure_ptr
 .data._impure_data
                0x20000020       0x4c C:/ST/STM32CubeIDE_1.16.0/STM32CubeIDE/plugins/com.st.stm32cube.ide.mcu.externaltools.gnu-tools-for-stm32.12.3.rel1.win32_1.0.200.202406191623/tools/bin/../lib/gcc/arm-none-eabi/12.3.1/../../../../arm-none-eabi/lib/thumb/v7e-m+fp/hard\libc_nano.a(libc_a-impure.o)
                0x20000020                _impure_data
 *(.RamFunc)
 *(.RamFunc*)
                0x2000006c                        . = ALIGN (0x4)
                0x2000006c                        _edata = .

.igot.plt       0x2000006c        0x0 load address 0x080082c4
 .igot.plt      0x2000006c        0x0 C:/ST/STM32CubeIDE_1.16.0/STM32CubeIDE/plugins/com.st.stm32cube.ide.mcu.externaltools.gnu-tools-for-stm32.12.3.rel1.win32_1.0.200.202406191623/tools/bin/../lib/gcc/arm-none-eabi/12.3.1/thumb/v7e-m+fp/hard/crtbegin.o
                0x2000006c                        . = ALIGN (0x4)

.bss            0x2000006c      0x1dc load address 0x080082c4
                0x2000006c                        _sbss = .
                0x2000006c                        __bss_start__ = _sbss
 *(.bss)
 .bss           0x2000006c       0x1c C:/ST/STM32CubeIDE_1.16.0/STM32CubeIDE/plugins/com.st.stm32cube.ide.mcu.externaltools.gnu-tools-for-stm32.12.3.rel1.win32_1.0.200.202406191623/tools/bin/../lib/gcc/arm-none-eabi/12.3.1/thumb/v7e-m+fp/hard/crtbegin.o
 *(.bss*)
 .bss.hcan1     0x20000088       0x28 ./Core/Src/main.o
                0x20000088                hcan1
 .bss.canard    0x200000b0       0x1c ./Core/Src/main.o
                0x200000b0                canard
 .bss.queue     0x200000cc       0x14 ./Core/Src/main.o
                0x200000cc                queue
 .bss.my_message_transfer_id
                0x200000e0        0x1 ./Core/Src/main.o
 *fill*         0x200000e1        0x3 
 .bss.test_uptimeSec
                0x200000e4        0x4 ./Core/Src/main.o
                0x200000e4                test_uptimeSec
 .bss.hbeat_ser_buf
                0x200000e8        0xc ./Core/Src/main.o
                0x200000e8                hbeat_ser_buf
 .bss.__sbrk_heap_end
                0x200000f4        0x4 ./Core/Src/sysmem.o
 .bss.uwTick    0x200000f8        0x4 ./Drivers/STM32L4xx_HAL_Driver/Src/stm32l4xx_hal.o
                0x200000f8                uwTick
 .bss.__malloc_sbrk_start
                0x200000fc        0x4 C:/ST/STM32CubeIDE_1.16.0/STM32CubeIDE/plugins/com.st.stm32cube.ide.mcu.externaltools.gnu-tools-for-stm32.12.3.rel1.win32_1.0.200.202406191623/tools/bin/../lib/gcc/arm-none-eabi/12.3.1/../../../../arm-none-eabi/lib/thumb/v7e-m+fp/hard\libc_nano.a(libc_a-mallocr.o)
                0x200000fc                __malloc_sbrk_start
 .bss.__malloc_free_list
                0x20000100        0x4 C:/ST/STM32CubeIDE_1.16.0/STM32CubeIDE/plugins/com.st.stm32cube.ide.mcu.externaltools.gnu-tools-for-stm32.12.3.rel1.win32_1.0.200.202406191623/tools/bin/../lib/gcc/arm-none-eabi/12.3.1/../../../../arm-none-eabi/lib/thumb/v7e-m+fp/hard\libc_nano.a(libc_a-mallocr.o)
                0x20000100                __malloc_free_list
 .bss.__sf      0x20000104      0x138 C:/ST/STM32CubeIDE_1.16.0/STM32CubeIDE/plugins/com.st.stm32cube.ide.mcu.externaltools.gnu-tools-for-stm32.12.3.rel1.win32_1.0.200.202406191623/tools/bin/../lib/gcc/arm-none-eabi/12.3.1/../../../../arm-none-eabi/lib/thumb/v7e-m+fp/hard\libc_nano.a(libc_a-findfp.o)
                0x20000104                __sf
 .bss.__stdio_exit_handler
                0x2000023c        0x4 C:/ST/STM32CubeIDE_1.16.0/STM32CubeIDE/plugins/com.st.stm32cube.ide.mcu.externaltools.gnu-tools-for-stm32.12.3.rel1.win32_1.0.200.202406191623/tools/bin/../lib/gcc/arm-none-eabi/12.3.1/../../../../arm-none-eabi/lib/thumb/v7e-m+fp/hard\libc_nano.a(libc_a-findfp.o)
                0x2000023c                __stdio_exit_handler
 .bss.errno     0x20000240        0x4 C:/ST/STM32CubeIDE_1.16.0/STM32CubeIDE/plugins/com.st.stm32cube.ide.mcu.externaltools.gnu-tools-for-stm32.12.3.rel1.win32_1.0.200.202406191623/tools/bin/../lib/gcc/arm-none-eabi/12.3.1/../../../../arm-none-eabi/lib/thumb/v7e-m+fp/hard\libc_nano.a(libc_a-reent.o)
                0x20000240                errno
 .bss.__lock___malloc_recursive_mutex
                0x20000244        0x1 C:/ST/STM32CubeIDE_1.16.0/STM32CubeIDE/plugins/com.st.stm32cube.ide.mcu.externaltools.gnu-tools-for-stm32.12.3.rel1.win32_1.0.200.202406191623/tools/bin/../lib/gcc/arm-none-eabi/12.3.1/../../../../arm-none-eabi/lib/thumb/v7e-m+fp/hard\libc_nano.a(libc_a-lock.o)
                0x20000244                __lock___malloc_recursive_mutex
 .bss.__lock___sfp_recursive_mutex
                0x20000245        0x1 C:/ST/STM32CubeIDE_1.16.0/STM32CubeIDE/plugins/com.st.stm32cube.ide.mcu.externaltools.gnu-tools-for-stm32.12.3.rel1.win32_1.0.200.202406191623/tools/bin/../lib/gcc/arm-none-eabi/12.3.1/../../../../arm-none-eabi/lib/thumb/v7e-m+fp/hard\libc_nano.a(libc_a-lock.o)
                0x20000245                __lock___sfp_recursive_mutex
 *(COMMON)
                0x20000248                        . = ALIGN (0x4)
 *fill*         0x20000246        0x2 
                0x20000248                        _ebss = .
                0x20000248                        __bss_end__ = _ebss

._user_heap_stack
                0x20000248      0x600 load address 0x080082c4
                0x20000248                        . = ALIGN (0x8)
                [!provide]                        PROVIDE (end = .)
                0x20000248                        PROVIDE (_end = .)
                0x20000448                        . = (. + _Min_Heap_Size)
 *fill*         0x20000248      0x200 
                0x20000848                        . = (. + _Min_Stack_Size)
 *fill*         0x20000448      0x400 
                0x20000848                        . = ALIGN (0x8)

/DISCARD/
 libc.a(*)
 libm.a(*)
 libgcc.a(*)

.ARM.attributes
                0x00000000       0x30
 *(.ARM.attributes)
 .ARM.attributes
                0x00000000       0x22 C:/ST/STM32CubeIDE_1.16.0/STM32CubeIDE/plugins/com.st.stm32cube.ide.mcu.externaltools.gnu-tools-for-stm32.12.3.rel1.win32_1.0.200.202406191623/tools/bin/../lib/gcc/arm-none-eabi/12.3.1/thumb/v7e-m+fp/hard/crti.o
 .ARM.attributes
                0x00000022       0x34 C:/ST/STM32CubeIDE_1.16.0/STM32CubeIDE/plugins/com.st.stm32cube.ide.mcu.externaltools.gnu-tools-for-stm32.12.3.rel1.win32_1.0.200.202406191623/tools/bin/../lib/gcc/arm-none-eabi/12.3.1/thumb/v7e-m+fp/hard/crtbegin.o
 .ARM.attributes
                0x00000056       0x34 ./Core/Src/main.o
 .ARM.attributes
                0x0000008a       0x34 ./Core/Src/stm32l4xx_hal_msp.o
 .ARM.attributes
                0x000000be       0x34 ./Core/Src/stm32l4xx_it.o
 .ARM.attributes
                0x000000f2       0x34 ./Core/Src/syscalls.o
 .ARM.attributes
                0x00000126       0x34 ./Core/Src/sysmem.o
 .ARM.attributes
                0x0000015a       0x34 ./Core/Src/system_stm32l4xx.o
 .ARM.attributes
                0x0000018e       0x21 ./Core/Startup/startup_stm32l432kcux.o
 .ARM.attributes
                0x000001af       0x34 ./Drivers/STM32L4xx_HAL_Driver/Src/stm32l4xx_hal.o
 .ARM.attributes
                0x000001e3       0x34 ./Drivers/STM32L4xx_HAL_Driver/Src/stm32l4xx_hal_can.o
 .ARM.attributes
                0x00000217       0x34 ./Drivers/STM32L4xx_HAL_Driver/Src/stm32l4xx_hal_cortex.o
 .ARM.attributes
                0x0000024b       0x34 ./Drivers/STM32L4xx_HAL_Driver/Src/stm32l4xx_hal_gpio.o
 .ARM.attributes
                0x0000027f       0x34 ./Drivers/STM32L4xx_HAL_Driver/Src/stm32l4xx_hal_pwr_ex.o
 .ARM.attributes
                0x000002b3       0x34 ./Drivers/STM32L4xx_HAL_Driver/Src/stm32l4xx_hal_rcc.o
 .ARM.attributes
                0x000002e7       0x34 C:/ST/STM32CubeIDE_1.16.0/STM32CubeIDE/plugins/com.st.stm32cube.ide.mcu.externaltools.gnu-tools-for-stm32.12.3.rel1.win32_1.0.200.202406191623/tools/bin/../lib/gcc/arm-none-eabi/12.3.1/../../../../arm-none-eabi/lib/thumb/v7e-m+fp/hard\libc_nano.a(libc_a-assert.o)
 .ARM.attributes
                0x0000031b       0x34 C:/ST/STM32CubeIDE_1.16.0/STM32CubeIDE/plugins/com.st.stm32cube.ide.mcu.externaltools.gnu-tools-for-stm32.12.3.rel1.win32_1.0.200.202406191623/tools/bin/../lib/gcc/arm-none-eabi/12.3.1/../../../../arm-none-eabi/lib/thumb/v7e-m+fp/hard\libc_nano.a(libc_a-malloc.o)
 .ARM.attributes
                0x0000034f       0x34 C:/ST/STM32CubeIDE_1.16.0/STM32CubeIDE/plugins/com.st.stm32cube.ide.mcu.externaltools.gnu-tools-for-stm32.12.3.rel1.win32_1.0.200.202406191623/tools/bin/../lib/gcc/arm-none-eabi/12.3.1/../../../../arm-none-eabi/lib/thumb/v7e-m+fp/hard\libc_nano.a(libc_a-mallocr.o)
 .ARM.attributes
                0x00000383       0x34 C:/ST/STM32CubeIDE_1.16.0/STM32CubeIDE/plugins/com.st.stm32cube.ide.mcu.externaltools.gnu-tools-for-stm32.12.3.rel1.win32_1.0.200.202406191623/tools/bin/../lib/gcc/arm-none-eabi/12.3.1/../../../../arm-none-eabi/lib/thumb/v7e-m+fp/hard\libc_nano.a(libc_a-mlock.o)
 .ARM.attributes
                0x000003b7       0x34 C:/ST/STM32CubeIDE_1.16.0/STM32CubeIDE/plugins/com.st.stm32cube.ide.mcu.externaltools.gnu-tools-for-stm32.12.3.rel1.win32_1.0.200.202406191623/tools/bin/../lib/gcc/arm-none-eabi/12.3.1/../../../../arm-none-eabi/lib/thumb/v7e-m+fp/hard\libc_nano.a(libc_a-findfp.o)
 .ARM.attributes
                0x000003eb       0x34 C:/ST/STM32CubeIDE_1.16.0/STM32CubeIDE/plugins/com.st.stm32cube.ide.mcu.externaltools.gnu-tools-for-stm32.12.3.rel1.win32_1.0.200.202406191623/tools/bin/../lib/gcc/arm-none-eabi/12.3.1/../../../../arm-none-eabi/lib/thumb/v7e-m+fp/hard\libc_nano.a(libc_a-fprintf.o)
 .ARM.attributes
                0x0000041f       0x34 C:/ST/STM32CubeIDE_1.16.0/STM32CubeIDE/plugins/com.st.stm32cube.ide.mcu.externaltools.gnu-tools-for-stm32.12.3.rel1.win32_1.0.200.202406191623/tools/bin/../lib/gcc/arm-none-eabi/12.3.1/../../../../arm-none-eabi/lib/thumb/v7e-m+fp/hard\libc_nano.a(libc_a-fwalk.o)
 .ARM.attributes
                0x00000453       0x34 C:/ST/STM32CubeIDE_1.16.0/STM32CubeIDE/plugins/com.st.stm32cube.ide.mcu.externaltools.gnu-tools-for-stm32.12.3.rel1.win32_1.0.200.202406191623/tools/bin/../lib/gcc/arm-none-eabi/12.3.1/../../../../arm-none-eabi/lib/thumb/v7e-m+fp/hard\libc_nano.a(libc_a-stdio.o)
 .ARM.attributes
                0x00000487       0x34 C:/ST/STM32CubeIDE_1.16.0/STM32CubeIDE/plugins/com.st.stm32cube.ide.mcu.externaltools.gnu-tools-for-stm32.12.3.rel1.win32_1.0.200.202406191623/tools/bin/../lib/gcc/arm-none-eabi/12.3.1/../../../../arm-none-eabi/lib/thumb/v7e-m+fp/hard\libc_nano.a(libc_a-memmove.o)
 .ARM.attributes
                0x000004bb       0x34 C:/ST/STM32CubeIDE_1.16.0/STM32CubeIDE/plugins/com.st.stm32cube.ide.mcu.externaltools.gnu-tools-for-stm32.12.3.rel1.win32_1.0.200.202406191623/tools/bin/../lib/gcc/arm-none-eabi/12.3.1/../../../../arm-none-eabi/lib/thumb/v7e-m+fp/hard\libc_nano.a(libc_a-memset.o)
 .ARM.attributes
                0x000004ef       0x34 C:/ST/STM32CubeIDE_1.16.0/STM32CubeIDE/plugins/com.st.stm32cube.ide.mcu.externaltools.gnu-tools-for-stm32.12.3.rel1.win32_1.0.200.202406191623/tools/bin/../lib/gcc/arm-none-eabi/12.3.1/../../../../arm-none-eabi/lib/thumb/v7e-m+fp/hard\libc_nano.a(libc_a-closer.o)
 .ARM.attributes
                0x00000523       0x34 C:/ST/STM32CubeIDE_1.16.0/STM32CubeIDE/plugins/com.st.stm32cube.ide.mcu.externaltools.gnu-tools-for-stm32.12.3.rel1.win32_1.0.200.202406191623/tools/bin/../lib/gcc/arm-none-eabi/12.3.1/../../../../arm-none-eabi/lib/thumb/v7e-m+fp/hard\libc_nano.a(libc_a-reent.o)
 .ARM.attributes
                0x00000557       0x34 C:/ST/STM32CubeIDE_1.16.0/STM32CubeIDE/plugins/com.st.stm32cube.ide.mcu.externaltools.gnu-tools-for-stm32.12.3.rel1.win32_1.0.200.202406191623/tools/bin/../lib/gcc/arm-none-eabi/12.3.1/../../../../arm-none-eabi/lib/thumb/v7e-m+fp/hard\libc_nano.a(libc_a-impure.o)
 .ARM.attributes
                0x0000058b       0x34 C:/ST/STM32CubeIDE_1.16.0/STM32CubeIDE/plugins/com.st.stm32cube.ide.mcu.externaltools.gnu-tools-for-stm32.12.3.rel1.win32_1.0.200.202406191623/tools/bin/../lib/gcc/arm-none-eabi/12.3.1/../../../../arm-none-eabi/lib/thumb/v7e-m+fp/hard\libc_nano.a(libc_a-lseekr.o)
 .ARM.attributes
                0x000005bf       0x34 C:/ST/STM32CubeIDE_1.16.0/STM32CubeIDE/plugins/com.st.stm32cube.ide.mcu.externaltools.gnu-tools-for-stm32.12.3.rel1.win32_1.0.200.202406191623/tools/bin/../lib/gcc/arm-none-eabi/12.3.1/../../../../arm-none-eabi/lib/thumb/v7e-m+fp/hard\libc_nano.a(libc_a-readr.o)
 .ARM.attributes
                0x000005f3       0x34 C:/ST/STM32CubeIDE_1.16.0/STM32CubeIDE/plugins/com.st.stm32cube.ide.mcu.externaltools.gnu-tools-for-stm32.12.3.rel1.win32_1.0.200.202406191623/tools/bin/../lib/gcc/arm-none-eabi/12.3.1/../../../../arm-none-eabi/lib/thumb/v7e-m+fp/hard\libc_nano.a(libc_a-sbrkr.o)
 .ARM.attributes
                0x00000627       0x34 C:/ST/STM32CubeIDE_1.16.0/STM32CubeIDE/plugins/com.st.stm32cube.ide.mcu.externaltools.gnu-tools-for-stm32.12.3.rel1.win32_1.0.200.202406191623/tools/bin/../lib/gcc/arm-none-eabi/12.3.1/../../../../arm-none-eabi/lib/thumb/v7e-m+fp/hard\libc_nano.a(libc_a-writer.o)
 .ARM.attributes
                0x0000065b       0x34 C:/ST/STM32CubeIDE_1.16.0/STM32CubeIDE/plugins/com.st.stm32cube.ide.mcu.externaltools.gnu-tools-for-stm32.12.3.rel1.win32_1.0.200.202406191623/tools/bin/../lib/gcc/arm-none-eabi/12.3.1/../../../../arm-none-eabi/lib/thumb/v7e-m+fp/hard\libc_nano.a(libc_a-errno.o)
 .ARM.attributes
                0x0000068f       0x34 C:/ST/STM32CubeIDE_1.16.0/STM32CubeIDE/plugins/com.st.stm32cube.ide.mcu.externaltools.gnu-tools-for-stm32.12.3.rel1.win32_1.0.200.202406191623/tools/bin/../lib/gcc/arm-none-eabi/12.3.1/../../../../arm-none-eabi/lib/thumb/v7e-m+fp/hard\libc_nano.a(libc_a-init.o)
 .ARM.attributes
                0x000006c3       0x34 C:/ST/STM32CubeIDE_1.16.0/STM32CubeIDE/plugins/com.st.stm32cube.ide.mcu.externaltools.gnu-tools-for-stm32.12.3.rel1.win32_1.0.200.202406191623/tools/bin/../lib/gcc/arm-none-eabi/12.3.1/../../../../arm-none-eabi/lib/thumb/v7e-m+fp/hard\libc_nano.a(libc_a-lock.o)
 .ARM.attributes
                0x000006f7       0x34 C:/ST/STM32CubeIDE_1.16.0/STM32CubeIDE/plugins/com.st.stm32cube.ide.mcu.externaltools.gnu-tools-for-stm32.12.3.rel1.win32_1.0.200.202406191623/tools/bin/../lib/gcc/arm-none-eabi/12.3.1/../../../../arm-none-eabi/lib/thumb/v7e-m+fp/hard\libc_nano.a(libc_a-memcpy-stub.o)
 .ARM.attributes
                0x0000072b       0x34 C:/ST/STM32CubeIDE_1.16.0/STM32CubeIDE/plugins/com.st.stm32cube.ide.mcu.externaltools.gnu-tools-for-stm32.12.3.rel1.win32_1.0.200.202406191623/tools/bin/../lib/gcc/arm-none-eabi/12.3.1/../../../../arm-none-eabi/lib/thumb/v7e-m+fp/hard\libc_nano.a(libc_a-abort.o)
 .ARM.attributes
                0x0000075f       0x34 C:/ST/STM32CubeIDE_1.16.0/STM32CubeIDE/plugins/com.st.stm32cube.ide.mcu.externaltools.gnu-tools-for-stm32.12.3.rel1.win32_1.0.200.202406191623/tools/bin/../lib/gcc/arm-none-eabi/12.3.1/../../../../arm-none-eabi/lib/thumb/v7e-m+fp/hard\libc_nano.a(libc_a-freer.o)
 .ARM.attributes
                0x00000793       0x34 C:/ST/STM32CubeIDE_1.16.0/STM32CubeIDE/plugins/com.st.stm32cube.ide.mcu.externaltools.gnu-tools-for-stm32.12.3.rel1.win32_1.0.200.202406191623/tools/bin/../lib/gcc/arm-none-eabi/12.3.1/../../../../arm-none-eabi/lib/thumb/v7e-m+fp/hard\libc_nano.a(libc_a-nano-vfprintf.o)
 .ARM.attributes
                0x000007c7       0x34 C:/ST/STM32CubeIDE_1.16.0/STM32CubeIDE/plugins/com.st.stm32cube.ide.mcu.externaltools.gnu-tools-for-stm32.12.3.rel1.win32_1.0.200.202406191623/tools/bin/../lib/gcc/arm-none-eabi/12.3.1/../../../../arm-none-eabi/lib/thumb/v7e-m+fp/hard\libc_nano.a(libc_a-nano-vfprintf_i.o)
 .ARM.attributes
                0x000007fb       0x34 C:/ST/STM32CubeIDE_1.16.0/STM32CubeIDE/plugins/com.st.stm32cube.ide.mcu.externaltools.gnu-tools-for-stm32.12.3.rel1.win32_1.0.200.202406191623/tools/bin/../lib/gcc/arm-none-eabi/12.3.1/../../../../arm-none-eabi/lib/thumb/v7e-m+fp/hard\libc_nano.a(libc_a-fflush.o)
 .ARM.attributes
                0x0000082f       0x34 C:/ST/STM32CubeIDE_1.16.0/STM32CubeIDE/plugins/com.st.stm32cube.ide.mcu.externaltools.gnu-tools-for-stm32.12.3.rel1.win32_1.0.200.202406191623/tools/bin/../lib/gcc/arm-none-eabi/12.3.1/../../../../arm-none-eabi/lib/thumb/v7e-m+fp/hard\libc_nano.a(libc_a-wbuf.o)
 .ARM.attributes
                0x00000863       0x34 C:/ST/STM32CubeIDE_1.16.0/STM32CubeIDE/plugins/com.st.stm32cube.ide.mcu.externaltools.gnu-tools-for-stm32.12.3.rel1.win32_1.0.200.202406191623/tools/bin/../lib/gcc/arm-none-eabi/12.3.1/../../../../arm-none-eabi/lib/thumb/v7e-m+fp/hard\libc_nano.a(libc_a-wsetup.o)
 .ARM.attributes
                0x00000897       0x34 C:/ST/STM32CubeIDE_1.16.0/STM32CubeIDE/plugins/com.st.stm32cube.ide.mcu.externaltools.gnu-tools-for-stm32.12.3.rel1.win32_1.0.200.202406191623/tools/bin/../lib/gcc/arm-none-eabi/12.3.1/../../../../arm-none-eabi/lib/thumb/v7e-m+fp/hard\libc_nano.a(libc_a-signal.o)
 .ARM.attributes
                0x000008cb       0x34 C:/ST/STM32CubeIDE_1.16.0/STM32CubeIDE/plugins/com.st.stm32cube.ide.mcu.externaltools.gnu-tools-for-stm32.12.3.rel1.win32_1.0.200.202406191623/tools/bin/../lib/gcc/arm-none-eabi/12.3.1/../../../../arm-none-eabi/lib/thumb/v7e-m+fp/hard\libc_nano.a(libc_a-signalr.o)
 .ARM.attributes
                0x000008ff       0x1c C:/ST/STM32CubeIDE_1.16.0/STM32CubeIDE/plugins/com.st.stm32cube.ide.mcu.externaltools.gnu-tools-for-stm32.12.3.rel1.win32_1.0.200.202406191623/tools/bin/../lib/gcc/arm-none-eabi/12.3.1/../../../../arm-none-eabi/lib/thumb/v7e-m+fp/hard\libc_nano.a(libc_a-memchr.o)
 .ARM.attributes
                0x0000091b       0x34 C:/ST/STM32CubeIDE_1.16.0/STM32CubeIDE/plugins/com.st.stm32cube.ide.mcu.externaltools.gnu-tools-for-stm32.12.3.rel1.win32_1.0.200.202406191623/tools/bin/../lib/gcc/arm-none-eabi/12.3.1/../../../../arm-none-eabi/lib/thumb/v7e-m+fp/hard\libc_nano.a(libc_a-makebuf.o)
 .ARM.attributes
                0x0000094f       0x34 C:/ST/STM32CubeIDE_1.16.0/STM32CubeIDE/plugins/com.st.stm32cube.ide.mcu.externaltools.gnu-tools-for-stm32.12.3.rel1.win32_1.0.200.202406191623/tools/bin/../lib/gcc/arm-none-eabi/12.3.1/../../../../arm-none-eabi/lib/thumb/v7e-m+fp/hard\libc_nano.a(libc_a-fstatr.o)
 .ARM.attributes
                0x00000983       0x34 C:/ST/STM32CubeIDE_1.16.0/STM32CubeIDE/plugins/com.st.stm32cube.ide.mcu.externaltools.gnu-tools-for-stm32.12.3.rel1.win32_1.0.200.202406191623/tools/bin/../lib/gcc/arm-none-eabi/12.3.1/../../../../arm-none-eabi/lib/thumb/v7e-m+fp/hard\libc_nano.a(libc_a-isattyr.o)
 .ARM.attributes
                0x000009b7       0x22 C:/ST/STM32CubeIDE_1.16.0/STM32CubeIDE/plugins/com.st.stm32cube.ide.mcu.externaltools.gnu-tools-for-stm32.12.3.rel1.win32_1.0.200.202406191623/tools/bin/../lib/gcc/arm-none-eabi/12.3.1/thumb/v7e-m+fp/hard/crtn.o
OUTPUT(Cyphaltest3.elf elf32-littlearm)
LOAD linker stubs
LOAD C:/ST/STM32CubeIDE_1.16.0/STM32CubeIDE/plugins/com.st.stm32cube.ide.mcu.externaltools.gnu-tools-for-stm32.12.3.rel1.win32_1.0.200.202406191623/tools/bin/../lib/gcc/arm-none-eabi/12.3.1/../../../../arm-none-eabi/lib/thumb/v7e-m+fp/hard\libc.a
LOAD C:/ST/STM32CubeIDE_1.16.0/STM32CubeIDE/plugins/com.st.stm32cube.ide.mcu.externaltools.gnu-tools-for-stm32.12.3.rel1.win32_1.0.200.202406191623/tools/bin/../lib/gcc/arm-none-eabi/12.3.1/../../../../arm-none-eabi/lib/thumb/v7e-m+fp/hard\libm.a
LOAD C:/ST/STM32CubeIDE_1.16.0/STM32CubeIDE/plugins/com.st.stm32cube.ide.mcu.externaltools.gnu-tools-for-stm32.12.3.rel1.win32_1.0.200.202406191623/tools/bin/../lib/gcc/arm-none-eabi/12.3.1/thumb/v7e-m+fp/hard\libgcc.a

.debug_info     0x00000000     0x9815
 .debug_info    0x00000000     0x3861 ./Core/Src/main.o
 .debug_info    0x00003861      0xa5b ./Core/Src/stm32l4xx_hal_msp.o
 .debug_info    0x000042bc      0x538 ./Core/Src/stm32l4xx_it.o
 .debug_info    0x000047f4      0x6a3 ./Core/Src/syscalls.o
 .debug_info    0x00004e97      0x168 ./Core/Src/sysmem.o
 .debug_info    0x00004fff      0x5bf ./Core/Src/system_stm32l4xx.o
 .debug_info    0x000055be       0x30 ./Core/Startup/startup_stm32l432kcux.o
 .debug_info    0x000055ee      0x99e ./Drivers/STM32L4xx_HAL_Driver/Src/stm32l4xx_hal.o
 .debug_info    0x00005f8c      0xf4c ./Drivers/STM32L4xx_HAL_Driver/Src/stm32l4xx_hal_can.o
 .debug_info    0x00006ed8      0xd03 ./Drivers/STM32L4xx_HAL_Driver/Src/stm32l4xx_hal_cortex.o
 .debug_info    0x00007bdb      0x757 ./Drivers/STM32L4xx_HAL_Driver/Src/stm32l4xx_hal_gpio.o
 .debug_info    0x00008332      0x920 ./Drivers/STM32L4xx_HAL_Driver/Src/stm32l4xx_hal_pwr_ex.o
 .debug_info    0x00008c52      0xbc3 ./Drivers/STM32L4xx_HAL_Driver/Src/stm32l4xx_hal_rcc.o

.debug_abbrev   0x00000000     0x19ac
 .debug_abbrev  0x00000000      0x4d2 ./Core/Src/main.o
 .debug_abbrev  0x000004d2      0x1bc ./Core/Src/stm32l4xx_hal_msp.o
 .debug_abbrev  0x0000068e      0x16a ./Core/Src/stm32l4xx_it.o
 .debug_abbrev  0x000007f8      0x1b6 ./Core/Src/syscalls.o
 .debug_abbrev  0x000009ae       0xbc ./Core/Src/sysmem.o
 .debug_abbrev  0x00000a6a      0x11a ./Core/Src/system_stm32l4xx.o
 .debug_abbrev  0x00000b84       0x24 ./Core/Startup/startup_stm32l432kcux.o
 .debug_abbrev  0x00000ba8      0x225 ./Drivers/STM32L4xx_HAL_Driver/Src/stm32l4xx_hal.o
 .debug_abbrev  0x00000dcd      0x234 ./Drivers/STM32L4xx_HAL_Driver/Src/stm32l4xx_hal_can.o
 .debug_abbrev  0x00001001      0x31c ./Drivers/STM32L4xx_HAL_Driver/Src/stm32l4xx_hal_cortex.o
 .debug_abbrev  0x0000131d      0x1cb ./Drivers/STM32L4xx_HAL_Driver/Src/stm32l4xx_hal_gpio.o
 .debug_abbrev  0x000014e8      0x1f9 ./Drivers/STM32L4xx_HAL_Driver/Src/stm32l4xx_hal_pwr_ex.o
 .debug_abbrev  0x000016e1      0x2cb ./Drivers/STM32L4xx_HAL_Driver/Src/stm32l4xx_hal_rcc.o

.debug_aranges  0x00000000      0x948
 .debug_aranges
                0x00000000      0x208 ./Core/Src/main.o
 .debug_aranges
                0x00000208       0x30 ./Core/Src/stm32l4xx_hal_msp.o
 .debug_aranges
                0x00000238       0x80 ./Core/Src/stm32l4xx_it.o
 .debug_aranges
                0x000002b8       0xa8 ./Core/Src/syscalls.o
 .debug_aranges
                0x00000360       0x20 ./Core/Src/sysmem.o
 .debug_aranges
                0x00000380       0x28 ./Core/Src/system_stm32l4xx.o
 .debug_aranges
                0x000003a8       0x28 ./Core/Startup/startup_stm32l432kcux.o
 .debug_aranges
                0x000003d0      0x108 ./Drivers/STM32L4xx_HAL_Driver/Src/stm32l4xx_hal.o
 .debug_aranges
                0x000004d8      0x138 ./Drivers/STM32L4xx_HAL_Driver/Src/stm32l4xx_hal_can.o
 .debug_aranges
                0x00000610      0x128 ./Drivers/STM32L4xx_HAL_Driver/Src/stm32l4xx_hal_cortex.o
 .debug_aranges
                0x00000738       0x58 ./Drivers/STM32L4xx_HAL_Driver/Src/stm32l4xx_hal_gpio.o
 .debug_aranges
                0x00000790      0x128 ./Drivers/STM32L4xx_HAL_Driver/Src/stm32l4xx_hal_pwr_ex.o
 .debug_aranges
                0x000008b8       0x90 ./Drivers/STM32L4xx_HAL_Driver/Src/stm32l4xx_hal_rcc.o

.debug_rnglists
                0x00000000      0x751
 .debug_rnglists
                0x00000000      0x203 ./Core/Src/main.o
 .debug_rnglists
                0x00000203       0x20 ./Core/Src/stm32l4xx_hal_msp.o
 .debug_rnglists
                0x00000223       0x5b ./Core/Src/stm32l4xx_it.o
 .debug_rnglists
                0x0000027e       0x79 ./Core/Src/syscalls.o
 .debug_rnglists
                0x000002f7       0x13 ./Core/Src/sysmem.o
 .debug_rnglists
                0x0000030a       0x1a ./Core/Src/system_stm32l4xx.o
 .debug_rnglists
                0x00000324       0x19 ./Core/Startup/startup_stm32l432kcux.o
 .debug_rnglists
                0x0000033d       0xc1 ./Drivers/STM32L4xx_HAL_Driver/Src/stm32l4xx_hal.o
 .debug_rnglists
                0x000003fe       0xee ./Drivers/STM32L4xx_HAL_Driver/Src/stm32l4xx_hal_can.o
 .debug_rnglists
                0x000004ec       0xda ./Drivers/STM32L4xx_HAL_Driver/Src/stm32l4xx_hal_cortex.o
 .debug_rnglists
                0x000005c6       0x3f ./Drivers/STM32L4xx_HAL_Driver/Src/stm32l4xx_hal_gpio.o
 .debug_rnglists
                0x00000605       0xdf ./Drivers/STM32L4xx_HAL_Driver/Src/stm32l4xx_hal_pwr_ex.o
 .debug_rnglists
                0x000006e4       0x6d ./Drivers/STM32L4xx_HAL_Driver/Src/stm32l4xx_hal_rcc.o

.debug_macro    0x00000000    0x20832
 .debug_macro   0x00000000      0x34b ./Core/Src/main.o
 .debug_macro   0x0000034b      0xab4 ./Core/Src/main.o
 .debug_macro   0x00000dff      0x1a1 ./Core/Src/main.o
 .debug_macro   0x00000fa0       0x2e ./Core/Src/main.o
 .debug_macro   0x00000fce       0x28 ./Core/Src/main.o
 .debug_macro   0x00000ff6       0x22 ./Core/Src/main.o
 .debug_macro   0x00001018       0x8e ./Core/Src/main.o
 .debug_macro   0x000010a6       0x51 ./Core/Src/main.o
 .debug_macro   0x000010f7      0x103 ./Core/Src/main.o
 .debug_macro   0x000011fa       0x6a ./Core/Src/main.o
 .debug_macro   0x00001264      0x1df ./Core/Src/main.o
 .debug_macro   0x00001443       0x1c ./Core/Src/main.o
 .debug_macro   0x0000145f       0x22 ./Core/Src/main.o
 .debug_macro   0x00001481       0xfb ./Core/Src/main.o
 .debug_macro   0x0000157c     0x1011 ./Core/Src/main.o
 .debug_macro   0x0000258d      0x11f ./Core/Src/main.o
 .debug_macro   0x000026ac    0x147a6 ./Core/Src/main.o
 .debug_macro   0x00016e52       0x6d ./Core/Src/main.o
 .debug_macro   0x00016ebf     0x38fb ./Core/Src/main.o
 .debug_macro   0x0001a7ba      0x189 ./Core/Src/main.o
 .debug_macro   0x0001a943       0x5c ./Core/Src/main.o
 .debug_macro   0x0001a99f     0x11ca ./Core/Src/main.o
 .debug_macro   0x0001bb69      0x53c ./Core/Src/main.o
 .debug_macro   0x0001c0a5      0x1b9 ./Core/Src/main.o
 .debug_macro   0x0001c25e      0x122 ./Core/Src/main.o
 .debug_macro   0x0001c380      0x26b ./Core/Src/main.o
 .debug_macro   0x0001c5eb      0x23d ./Core/Src/main.o
 .debug_macro   0x0001c828      0x408 ./Core/Src/main.o
 .debug_macro   0x0001cc30      0x241 ./Core/Src/main.o
 .debug_macro   0x0001ce71      0x375 ./Core/Src/main.o
 .debug_macro   0x0001d1e6       0xd6 ./Core/Src/main.o
 .debug_macro   0x0001d2bc      0x122 ./Core/Src/main.o
 .debug_macro   0x0001d3de      0x356 ./Core/Src/main.o
 .debug_macro   0x0001d734      0x220 ./Core/Src/main.o
 .debug_macro   0x0001d954       0x2a ./Core/Src/main.o
 .debug_macro   0x0001d97e       0x61 ./Core/Src/main.o
 .debug_macro   0x0001d9df       0x43 ./Core/Src/main.o
 .debug_macro   0x0001da22       0x34 ./Core/Src/main.o
 .debug_macro   0x0001da56       0x16 ./Core/Src/main.o
 .debug_macro   0x0001da6c       0x35 ./Core/Src/main.o
 .debug_macro   0x0001daa1       0x16 ./Core/Src/main.o
 .debug_macro   0x0001dab7       0x43 ./Core/Src/main.o
 .debug_macro   0x0001dafa       0x34 ./Core/Src/main.o
 .debug_macro   0x0001db2e       0x10 ./Core/Src/main.o
 .debug_macro   0x0001db3e       0x58 ./Core/Src/main.o
 .debug_macro   0x0001db96       0x8e ./Core/Src/main.o
 .debug_macro   0x0001dc24       0x1c ./Core/Src/main.o
 .debug_macro   0x0001dc40      0x177 ./Core/Src/main.o
 .debug_macro   0x0001ddb7      0x369 ./Core/Src/main.o
 .debug_macro   0x0001e120       0x16 ./Core/Src/main.o
 .debug_macro   0x0001e136       0x29 ./Core/Src/main.o
 .debug_macro   0x0001e15f       0x22 ./Core/Src/main.o
 .debug_macro   0x0001e181       0x6d ./Core/Src/main.o
 .debug_macro   0x0001e1ee       0x16 ./Core/Src/main.o
 .debug_macro   0x0001e204       0x16 ./Core/Src/main.o
 .debug_macro   0x0001e21a       0x20 ./Core/Src/main.o
 .debug_macro   0x0001e23a       0x9b ./Core/Src/main.o
 .debug_macro   0x0001e2d5      0x201 ./Core/Src/main.o
 .debug_macro   0x0001e4d6      0x186 ./Core/Src/main.o
 .debug_macro   0x0001e65c       0x52 ./Core/Src/main.o
 .debug_macro   0x0001e6ae       0x40 ./Core/Src/main.o
 .debug_macro   0x0001e6ee       0x40 ./Core/Src/main.o
 .debug_macro   0x0001e72e       0x34 ./Core/Src/main.o
 .debug_macro   0x0001e762       0x34 ./Core/Src/main.o
 .debug_macro   0x0001e796      0x1ac ./Core/Src/stm32l4xx_hal_msp.o
 .debug_macro   0x0001e942      0x1b6 ./Core/Src/stm32l4xx_it.o
 .debug_macro   0x0001eaf8      0x274 ./Core/Src/syscalls.o
 .debug_macro   0x0001ed6c       0x5b ./Core/Src/syscalls.o
 .debug_macro   0x0001edc7       0x94 ./Core/Src/syscalls.o
 .debug_macro   0x0001ee5b       0x57 ./Core/Src/syscalls.o
 .debug_macro   0x0001eeb2       0x10 ./Core/Src/syscalls.o
 .debug_macro   0x0001eec2       0x10 ./Core/Src/syscalls.o
 .debug_macro   0x0001eed2       0x10 ./Core/Src/syscalls.o
 .debug_macro   0x0001eee2       0x10 ./Core/Src/syscalls.o
 .debug_macro   0x0001eef2       0x1c ./Core/Src/syscalls.o
 .debug_macro   0x0001ef0e       0x52 ./Core/Src/syscalls.o
 .debug_macro   0x0001ef60       0x22 ./Core/Src/syscalls.o
 .debug_macro   0x0001ef82       0x10 ./Core/Src/syscalls.o
 .debug_macro   0x0001ef92       0x52 ./Core/Src/syscalls.o
 .debug_macro   0x0001efe4       0xcf ./Core/Src/syscalls.o
 .debug_macro   0x0001f0b3       0x1c ./Core/Src/syscalls.o
 .debug_macro   0x0001f0cf       0x3d ./Core/Src/syscalls.o
 .debug_macro   0x0001f10c       0x35 ./Core/Src/syscalls.o
 .debug_macro   0x0001f141      0x12c ./Core/Src/syscalls.o
 .debug_macro   0x0001f26d       0x10 ./Core/Src/syscalls.o
 .debug_macro   0x0001f27d      0x242 ./Core/Src/syscalls.o
 .debug_macro   0x0001f4bf       0x1c ./Core/Src/syscalls.o
 .debug_macro   0x0001f4db       0x10 ./Core/Src/syscalls.o
 .debug_macro   0x0001f4eb       0x10 ./Core/Src/syscalls.o
 .debug_macro   0x0001f4fb       0x16 ./Core/Src/syscalls.o
 .debug_macro   0x0001f511      0x146 ./Core/Src/syscalls.o
 .debug_macro   0x0001f657      0x18a ./Core/Src/syscalls.o
 .debug_macro   0x0001f7e1       0x16 ./Core/Src/syscalls.o
 .debug_macro   0x0001f7f7       0xce ./Core/Src/syscalls.o
 .debug_macro   0x0001f8c5       0xff ./Core/Src/sysmem.o
 .debug_macro   0x0001f9c4      0x23c ./Core/Src/sysmem.o
 .debug_macro   0x0001fc00      0x1a2 ./Core/Src/system_stm32l4xx.o
 .debug_macro   0x0001fda2      0x1ea ./Drivers/STM32L4xx_HAL_Driver/Src/stm32l4xx_hal.o
 .debug_macro   0x0001ff8c      0x1b1 ./Drivers/STM32L4xx_HAL_Driver/Src/stm32l4xx_hal_can.o
 .debug_macro   0x0002013d      0x1a2 ./Drivers/STM32L4xx_HAL_Driver/Src/stm32l4xx_hal_cortex.o
 .debug_macro   0x000202df      0x1a9 ./Drivers/STM32L4xx_HAL_Driver/Src/stm32l4xx_hal_gpio.o
 .debug_macro   0x00020488      0x1c6 ./Drivers/STM32L4xx_HAL_Driver/Src/stm32l4xx_hal_pwr_ex.o
 .debug_macro   0x0002064e      0x1e4 ./Drivers/STM32L4xx_HAL_Driver/Src/stm32l4xx_hal_rcc.o

.debug_line     0x00000000     0x9d47
 .debug_line    0x00000000     0x2815 ./Core/Src/main.o
 .debug_line    0x00002815      0x75c ./Core/Src/stm32l4xx_hal_msp.o
 .debug_line    0x00002f71      0x825 ./Core/Src/stm32l4xx_it.o
 .debug_line    0x00003796      0x8b2 ./Core/Src/syscalls.o
 .debug_line    0x00004048      0x583 ./Core/Src/sysmem.o
 .debug_line    0x000045cb      0x79d ./Core/Src/system_stm32l4xx.o
 .debug_line    0x00004d68       0x7a ./Core/Startup/startup_stm32l432kcux.o
 .debug_line    0x00004de2      0xa65 ./Drivers/STM32L4xx_HAL_Driver/Src/stm32l4xx_hal.o
 .debug_line    0x00005847     0x1198 ./Drivers/STM32L4xx_HAL_Driver/Src/stm32l4xx_hal_can.o
 .debug_line    0x000069df      0xcc1 ./Drivers/STM32L4xx_HAL_Driver/Src/stm32l4xx_hal_cortex.o
 .debug_line    0x000076a0      0xb07 ./Drivers/STM32L4xx_HAL_Driver/Src/stm32l4xx_hal_gpio.o
 .debug_line    0x000081a7      0xbf1 ./Drivers/STM32L4xx_HAL_Driver/Src/stm32l4xx_hal_pwr_ex.o
 .debug_line    0x00008d98      0xfaf ./Drivers/STM32L4xx_HAL_Driver/Src/stm32l4xx_hal_rcc.o

.debug_str      0x00000000    0xc0991
 .debug_str     0x00000000    0xbc6e3 ./Core/Src/main.o
                              0xbcbdc (size before relaxing)
 .debug_str     0x000bc6e3      0x464 ./Core/Src/stm32l4xx_hal_msp.o
                              0xb6c23 (size before relaxing)
 .debug_str     0x000bcb47      0x12b ./Core/Src/stm32l4xx_it.o
                              0xb672d (size before relaxing)
 .debug_str     0x000bcc72     0x25ea ./Core/Src/syscalls.o
                               0x98b4 (size before relaxing)
 .debug_str     0x000bf25c       0x6b ./Core/Src/sysmem.o
                               0x60cc (size before relaxing)
 .debug_str     0x000bf2c7       0xf2 ./Core/Src/system_stm32l4xx.o
                              0xb65bc (size before relaxing)
 .debug_str     0x000bf3b9       0x44 ./Core/Startup/startup_stm32l432kcux.o
                                 0x7f (size before relaxing)
 .debug_str     0x000bf3fd      0x553 ./Drivers/STM32L4xx_HAL_Driver/Src/stm32l4xx_hal.o
                              0xb6f49 (size before relaxing)
 .debug_str     0x000bf950      0x3c8 ./Drivers/STM32L4xx_HAL_Driver/Src/stm32l4xx_hal_can.o
                              0xb6c4f (size before relaxing)
 .debug_str     0x000bfd18      0x34e ./Drivers/STM32L4xx_HAL_Driver/Src/stm32l4xx_hal_cortex.o
                              0xb6d1c (size before relaxing)
 .debug_str     0x000c0066      0x151 ./Drivers/STM32L4xx_HAL_Driver/Src/stm32l4xx_hal_gpio.o
                              0xb6730 (size before relaxing)
 .debug_str     0x000c01b7      0x44e ./Drivers/STM32L4xx_HAL_Driver/Src/stm32l4xx_hal_pwr_ex.o
                              0xb6a64 (size before relaxing)
 .debug_str     0x000c0605      0x38c ./Drivers/STM32L4xx_HAL_Driver/Src/stm32l4xx_hal_rcc.o
                              0xb6bbc (size before relaxing)

.comment        0x00000000       0x43
 .comment       0x00000000       0x43 ./Core/Src/main.o
                                 0x44 (size before relaxing)
 .comment       0x00000043       0x44 ./Core/Src/stm32l4xx_hal_msp.o
 .comment       0x00000043       0x44 ./Core/Src/stm32l4xx_it.o
 .comment       0x00000043       0x44 ./Core/Src/syscalls.o
 .comment       0x00000043       0x44 ./Core/Src/sysmem.o
 .comment       0x00000043       0x44 ./Core/Src/system_stm32l4xx.o
 .comment       0x00000043       0x44 ./Drivers/STM32L4xx_HAL_Driver/Src/stm32l4xx_hal.o
 .comment       0x00000043       0x44 ./Drivers/STM32L4xx_HAL_Driver/Src/stm32l4xx_hal_can.o
 .comment       0x00000043       0x44 ./Drivers/STM32L4xx_HAL_Driver/Src/stm32l4xx_hal_cortex.o
 .comment       0x00000043       0x44 ./Drivers/STM32L4xx_HAL_Driver/Src/stm32l4xx_hal_gpio.o
 .comment       0x00000043       0x44 ./Drivers/STM32L4xx_HAL_Driver/Src/stm32l4xx_hal_pwr_ex.o
 .comment       0x00000043       0x44 ./Drivers/STM32L4xx_HAL_Driver/Src/stm32l4xx_hal_rcc.o

.debug_frame    0x00000000     0x2ec8
 .debug_frame   0x00000000      0x970 ./Core/Src/main.o
 .debug_frame   0x00000970       0x80 ./Core/Src/stm32l4xx_hal_msp.o
 .debug_frame   0x000009f0      0x174 ./Core/Src/stm32l4xx_it.o
 .debug_frame   0x00000b64      0x2ac ./Core/Src/syscalls.o
 .debug_frame   0x00000e10       0x34 ./Core/Src/sysmem.o
 .debug_frame   0x00000e44       0x58 ./Core/Src/system_stm32l4xx.o
 .debug_frame   0x00000e9c      0x3dc ./Drivers/STM32L4xx_HAL_Driver/Src/stm32l4xx_hal.o
 .debug_frame   0x00001278      0x5a0 ./Drivers/STM32L4xx_HAL_Driver/Src/stm32l4xx_hal_can.o
 .debug_frame   0x00001818      0x4e8 ./Drivers/STM32L4xx_HAL_Driver/Src/stm32l4xx_hal_cortex.o
 .debug_frame   0x00001d00      0x14c ./Drivers/STM32L4xx_HAL_Driver/Src/stm32l4xx_hal_gpio.o
 .debug_frame   0x00001e4c      0x4a4 ./Drivers/STM32L4xx_HAL_Driver/Src/stm32l4xx_hal_pwr_ex.o
 .debug_frame   0x000022f0      0x21c ./Drivers/STM32L4xx_HAL_Driver/Src/stm32l4xx_hal_rcc.o
 .debug_frame   0x0000250c       0x40 C:/ST/STM32CubeIDE_1.16.0/STM32CubeIDE/plugins/com.st.stm32cube.ide.mcu.externaltools.gnu-tools-for-stm32.12.3.rel1.win32_1.0.200.202406191623/tools/bin/../lib/gcc/arm-none-eabi/12.3.1/../../../../arm-none-eabi/lib/thumb/v7e-m+fp/hard\libc_nano.a(libc_a-assert.o)
 .debug_frame   0x0000254c       0x30 C:/ST/STM32CubeIDE_1.16.0/STM32CubeIDE/plugins/com.st.stm32cube.ide.mcu.externaltools.gnu-tools-for-stm32.12.3.rel1.win32_1.0.200.202406191623/tools/bin/../lib/gcc/arm-none-eabi/12.3.1/../../../../arm-none-eabi/lib/thumb/v7e-m+fp/hard\libc_nano.a(libc_a-malloc.o)