18:31:49 **** Incremental Build of configuration Debug for project Cyphaltest3 ****
make -j16 all 
arm-none-eabi-gcc "../Core/Src/main.c" -mcpu=cortex-m4 -std=gnu11 -g3 -DDEBUG -DUSE_HAL_DRIVER -DSTM32L432xx -c -I../Core/Inc -I../Drivers/STM32L4xx_HAL_Driver/Inc -I../Drivers/STM32L4xx_HAL_Driver/Inc/Legacy -I../Drivers/CMSIS/Device/ST/STM32L4xx/Include -I../Drivers/CMSIS/Include -I"C:/Users/joe/Desktop/Github/Cyphal_STM32/Cyphaltest3" -O0 -ffunction-sections -fdata-sections -Wall -fstack-usage -fcyclomatic-complexity -MMD -MP -MF"Core/Src/main.d" -MT"Core/Src/main.o" --specs=nano.specs -mfpu=fpv4-sp-d16 -mfloat-abi=hard -mthumb -o "Core/Src/main.o"
../Core/Src/main.c:388: warning: ignoring '#pragma optimize ' [-Wunknown-pragmas]
  388 | #pragma optimize=s none
      | 
../Core/Src/main.c:429: warning: ignoring '#pragma optimize ' [-Wunknown-pragmas]
  429 | #pragma optimize=s none
      | 
arm-none-eabi-gcc -o "Cyphaltest3.elf" @"objects.list"   -mcpu=cortex-m4 -T"C:\Users\joe\Desktop\Github\Cyphal_STM32\Cyphaltest3\STM32L432KCUX_FLASH.ld" --specs=nosys.specs -Wl,-Map="Cyphaltest3.map" -Wl,--gc-sections -static --specs=nano.specs -mfpu=fpv4-sp-d16 -mfloat-abi=hard -mthumb -Wl,--start-group -lc -lm -Wl,--end-group
Finished building target: Cyphaltest3.elf
 
arm-none-eabi-size  Cyphaltest3.elf 
arm-none-eabi-objdump -h -S Cyphaltest3.elf  > "Cyphaltest3.list"
   text	   data	    bss	    dec	    hex	filename
  33636	    112	   2016	  35764	   8bb4	Cyphaltest3.elf
Finished building: default.size.stdout
 
Finished building: Cyphaltest3.list
 

18:31:53 Build Finished. 0 errors, 2 warnings. (took 3s.831ms)

