17:29:12 **** Incremental Build of configuration Debug for project Cyphaltest3 ****
make -j16 all 
arm-none-eabi-size  Cyphaltest3.elf 
   text	   data	    bss	    dec	    hex	filename
  33364	    108	   2012	  35484	   8a9c	Cyphaltest3.elf
Finished building: default.size.stdout
 
19:10:36 **** Incremental Build of configuration Debug for project Cyphaltest3 ****
make -j16 all 
arm-none-eabi-gcc "../Core/Src/main.c" -mcpu=cortex-m4 -std=gnu11 -g3 -DDEBUG -DUSE_HAL_DRIVER -DSTM32L432xx -c -I../Core/Inc -I../Drivers/STM32L4xx_HAL_Driver/Inc -I../Drivers/STM32L4xx_HAL_Driver/Inc/Legacy -I../Drivers/CMSIS/Device/ST/STM32L4xx/Include -I../Drivers/CMSIS/Include -I"C:/Users/joe/Desktop/Github/Cyphal_STM32/Cyphaltest3" -O0 -ffunction-sections -fdata-sections -Wall -fstack-usage -fcyclomatic-complexity -MMD -MP -MF"Core/Src/main.d" -MT"Core/Src/main.o" --specs=nano.specs -mfpu=fpv4-sp-d16 -mfloat-abi=hard -mthumb -o "Core/Src/main.o"
../Core/Src/main.c:336: warning: ignoring '#pragma optimize ' [-Wunknown-pragmas]
  336 | #pragma optimize=s none
      | 
../Core/Src/main.c:377: warning: ignoring '#pragma optimize ' [-Wunknown-pragmas]
  377 | #pragma optimize=s none
      | 
arm-none-eabi-gcc -o "Cyphaltest3.elf" @"objects.list"   -mcpu=cortex-m4 -T"C:\Users\joe\Desktop\Github\Cyphal_STM32\Cyphaltest3\STM32L432KCUX_FLASH.ld" --specs=nosys.specs -Wl,-Map="Cyphaltest3.map" -Wl,--gc-sections -static --specs=nano.specs -mfpu=fpv4-sp-d16 -mfloat-abi=hard -mthumb -Wl,--start-group -lc -lm -Wl,--end-group
Finished building target: Cyphaltest3.elf
 
arm-none-eabi-size  Cyphaltest3.elf 
arm-none-eabi-objdump -h -S Cyphaltest3.elf  > "Cyphaltest3.list"
   text	   data	    bss	    dec	    hex	filename
  33364	    108	   2012	  35484	   8a9c	Cyphaltest3.elf
Finished building: default.size.stdout
 
Finished building: Cyphaltest3.list
 
19:11:25 **** Incremental Build of configuration Debug for project Cyphaltest3 ****
make -j16 all 
arm-none-eabi-gcc "../Core/Src/main.c" -mcpu=cortex-m4 -std=gnu11 -g3 -DDEBUG -DUSE_HAL_DRIVER -DSTM32L432xx -c -I../Core/Inc -I../Drivers/STM32L4xx_HAL_Driver/Inc -I../Drivers/STM32L4xx_HAL_Driver/Inc/Legacy -I../Drivers/CMSIS/Device/ST/STM32L4xx/Include -I../Drivers/CMSIS/Include -I"C:/Users/joe/Desktop/Github/Cyphal_STM32/Cyphaltest3" -O0 -ffunction-sections -fdata-sections -Wall -fstack-usage -fcyclomatic-complexity -MMD -MP -MF"Core/Src/main.d" -MT"Core/Src/main.o" --specs=nano.specs -mfpu=fpv4-sp-d16 -mfloat-abi=hard -mthumb -o "Core/Src/main.o"
../Core/Src/main.c:336: warning: ignoring '#pragma optimize ' [-Wunknown-pragmas]
  336 | #pragma optimize=s none
      | 
../Core/Src/main.c:377: warning: ignoring '#pragma optimize ' [-Wunknown-pragmas]
  377 | #pragma optimize=s none
      | 
arm-none-eabi-gcc -o "Cyphaltest3.elf" @"objects.list"   -mcpu=cortex-m4 -T"C:\Users\joe\Desktop\Github\Cyphal_STM32\Cyphaltest3\STM32L432KCUX_FLASH.ld" --specs=nosys.specs -Wl,-Map="Cyphaltest3.map" -Wl,--gc-sections -static --specs=nano.specs -mfpu=fpv4-sp-d16 -mfloat-abi=hard -mthumb -Wl,--start-group -lc -lm -Wl,--end-group
Finished building target: Cyphaltest3.elf
 
arm-none-eabi-size  Cyphaltest3.elf 
arm-none-eabi-objdump -h -S Cyphaltest3.elf  > "Cyphaltest3.list"
   text	   data	    bss	    dec	    hex	filename
  33364	    108	   2012	  35484	   8a9c	Cyphaltest3.elf
Finished building: default.size.stdout
 
Finished building: Cyphaltest3.list
 
