14:17:39 **** Incremental Build of configuration Debug for project Node1 ****
make -j16 all 
arm-none-eabi-gcc "../Core/Src/main.c" -mcpu=cortex-m4 -std=gnu11 -g3 -DDEBUG -DUSE_HAL_DRIVER -DSTM32L432xx -c -I../Core/Inc -I../Drivers/STM32L4xx_HAL_Driver/Inc -I../Drivers/STM32L4xx_HAL_Driver/Inc/Legacy -I../Drivers/CMSIS/Device/ST/STM32L4xx/Include -I../Drivers/CMSIS/Include -I"C:/Users/joe/Desktop/Github/Cyphal_STM32/Node1" -O0 -ffunction-sections -fdata-sections -Wall -fstack-usage -fcyclomatic-complexity -MMD -MP -MF"Core/Src/main.d" -MT"Core/Src/main.o" --specs=nano.specs -mfpu=fpv4-sp-d16 -mfloat-abi=hard -mthumb -o "Core/Src/main.o"
arm-none-eabi-gcc -o "Node1.elf" @"objects.list"   -mcpu=cortex-m4 -T"C:\Users\joe\Desktop\Github\Cyphal_STM32\Node1\STM32L432KCUX_FLASH.ld" --specs=nosys.specs -Wl,-Map="Node1.map" -Wl,--gc-sections -static --specs=nano.specs -mfpu=fpv4-sp-d16 -mfloat-abi=hard -mthumb -Wl,--start-group -lc -lm -Wl,--end-group
Finished building target: Node1.elf
 
arm-none-eabi-size  Node1.elf 
arm-none-eabi-objdump -h -S Node1.elf  > "Node1.list"
   text	   data	    bss	    dec	    hex	filename
  27376	    108	   2012	  29496	   7338	Node1.elf
Finished building: default.size.stdout
 
Finished building: Node1.list
 

14:17:42 Build Finished. 0 errors, 0 warnings. (took 3s.13ms)

